Archive member included to satisfy reference by file (symbol)

c:/program files/embitz/1.00/share/em_armgcc/bin/../lib/gcc/arm-none-eabi/5.4.1/armv6-m\libgcc.a(_udivsi3.o)
                              obj\debug\spl\src\stm32f0xx_rcc.o (__aeabi_uidiv)
c:/program files/embitz/1.00/share/em_armgcc/bin/../lib/gcc/arm-none-eabi/5.4.1/armv6-m\libgcc.a(_dvmd_tls.o)
                              c:/program files/embitz/1.00/share/em_armgcc/bin/../lib/gcc/arm-none-eabi/5.4.1/armv6-m\libgcc.a(_udivsi3.o) (__aeabi_idiv0)
c:/program files/embitz/1.00/share/em_armgcc/bin/../lib/gcc/arm-none-eabi/5.4.1/armv6-m\libgcc.a(adddf3.o)
                              obj\debug\src\1.o (__aeabi_dadd)
c:/program files/embitz/1.00/share/em_armgcc/bin/../lib/gcc/arm-none-eabi/5.4.1/armv6-m\libgcc.a(divdf3.o)
                              obj\debug\src\1.o (__aeabi_ddiv)
c:/program files/embitz/1.00/share/em_armgcc/bin/../lib/gcc/arm-none-eabi/5.4.1/armv6-m\libgcc.a(muldf3.o)
                              obj\debug\src\1.o (__aeabi_dmul)
c:/program files/embitz/1.00/share/em_armgcc/bin/../lib/gcc/arm-none-eabi/5.4.1/armv6-m\libgcc.a(floatsidf.o)
                              obj\debug\src\1.o (__aeabi_i2d)
c:/program files/embitz/1.00/share/em_armgcc/bin/../lib/gcc/arm-none-eabi/5.4.1/armv6-m\libgcc.a(_clzsi2.o)
                              c:/program files/embitz/1.00/share/em_armgcc/bin/../lib/gcc/arm-none-eabi/5.4.1/armv6-m\libgcc.a(adddf3.o) (__clzsi2)
c:/program files/embitz/1.00/share/em_armgcc/bin/../lib/gcc/arm-none-eabi/5.4.1/../../../../arm-none-eabi/lib/armv6-m\libg_n.a(lib_a-exit.o)
                              c:/program files/embitz/1.00/share/em_armgcc/bin/../lib/gcc/arm-none-eabi/5.4.1/../../../../arm-none-eabi/lib/armv6-m/crt0.o (exit)
c:/program files/embitz/1.00/share/em_armgcc/bin/../lib/gcc/arm-none-eabi/5.4.1/../../../../arm-none-eabi/lib/armv6-m\libg_n.a(lib_a-impure.o)
                              c:/program files/embitz/1.00/share/em_armgcc/bin/../lib/gcc/arm-none-eabi/5.4.1/../../../../arm-none-eabi/lib/armv6-m\libg_n.a(lib_a-exit.o) (_global_impure_ptr)
c:/program files/embitz/1.00/share/em_armgcc/bin/../lib/gcc/arm-none-eabi/5.4.1/../../../../arm-none-eabi/lib/armv6-m\libg_n.a(lib_a-init.o)
                              c:/program files/embitz/1.00/share/em_armgcc/bin/../lib/gcc/arm-none-eabi/5.4.1/../../../../arm-none-eabi/lib/armv6-m/crt0.o (__libc_init_array)
c:/program files/embitz/1.00/share/em_armgcc/bin/../lib/gcc/arm-none-eabi/5.4.1/../../../../arm-none-eabi/lib/armv6-m\libg_n.a(lib_a-memset.o)
                              c:/program files/embitz/1.00/share/em_armgcc/bin/../lib/gcc/arm-none-eabi/5.4.1/../../../../arm-none-eabi/lib/armv6-m/crt0.o (memset)
c:/program files/embitz/1.00/share/em_armgcc/bin/../lib/gcc/arm-none-eabi/5.4.1/../../../../arm-none-eabi/lib/armv6-m\libg_n.a(lib_a-printf.o)
                              obj\debug\src\1.o (printf)
c:/program files/embitz/1.00/share/em_armgcc/bin/../lib/gcc/arm-none-eabi/5.4.1/../../../../arm-none-eabi/lib/armv6-m\libg_n.a(lib_a-findfp.o)
                              c:/program files/embitz/1.00/share/em_armgcc/bin/../lib/gcc/arm-none-eabi/5.4.1/../../../../arm-none-eabi/lib/armv6-m\libg_n.a(lib_a-printf.o) (__sinit)
c:/program files/embitz/1.00/share/em_armgcc/bin/../lib/gcc/arm-none-eabi/5.4.1/../../../../arm-none-eabi/lib/armv6-m\libg_n.a(lib_a-fwalk.o)
                              c:/program files/embitz/1.00/share/em_armgcc/bin/../lib/gcc/arm-none-eabi/5.4.1/../../../../arm-none-eabi/lib/armv6-m\libg_n.a(lib_a-findfp.o) (_fwalk)
c:/program files/embitz/1.00/share/em_armgcc/bin/../lib/gcc/arm-none-eabi/5.4.1/../../../../arm-none-eabi/lib/armv6-m\libg_n.a(lib_a-nano-mallocr.o)
                              c:/program files/embitz/1.00/share/em_armgcc/bin/../lib/gcc/arm-none-eabi/5.4.1/../../../../arm-none-eabi/lib/armv6-m\libg_n.a(lib_a-findfp.o) (_malloc_r)
c:/program files/embitz/1.00/share/em_armgcc/bin/../lib/gcc/arm-none-eabi/5.4.1/../../../../arm-none-eabi/lib/armv6-m\libg_n.a(lib_a-nano-vfprintf.o)
                              c:/program files/embitz/1.00/share/em_armgcc/bin/../lib/gcc/arm-none-eabi/5.4.1/../../../../arm-none-eabi/lib/armv6-m\libg_n.a(lib_a-printf.o) (_vfprintf_r)
c:/program files/embitz/1.00/share/em_armgcc/bin/../lib/gcc/arm-none-eabi/5.4.1/../../../../arm-none-eabi/lib/armv6-m\libg_n.a(lib_a-nano-vfprintf_i.o)
                              c:/program files/embitz/1.00/share/em_armgcc/bin/../lib/gcc/arm-none-eabi/5.4.1/../../../../arm-none-eabi/lib/armv6-m\libg_n.a(lib_a-nano-vfprintf.o) (_printf_i)
c:/program files/embitz/1.00/share/em_armgcc/bin/../lib/gcc/arm-none-eabi/5.4.1/../../../../arm-none-eabi/lib/armv6-m\libg_n.a(lib_a-sbrkr.o)
                              c:/program files/embitz/1.00/share/em_armgcc/bin/../lib/gcc/arm-none-eabi/5.4.1/../../../../arm-none-eabi/lib/armv6-m\libg_n.a(lib_a-nano-mallocr.o) (_sbrk_r)
[...]
Memory Configuration

Name             Origin             Length             Attributes
ROM              0x08000000         0x00008000         xr
RAM              0x20000000         0x00001000         xrw
*default*        0x00000000         0xffffffff

Linker script and memory map

LOAD c:/program files/embitz/1.00/share/em_armgcc/bin/../lib/gcc/arm-none-eabi/5.4.1/armv6-m/crti.o
LOAD c:/program files/embitz/1.00/share/em_armgcc/bin/../lib/gcc/arm-none-eabi/5.4.1/armv6-m/crtbegin.o
LOAD c:/program files/embitz/1.00/share/em_armgcc/bin/../lib/gcc/arm-none-eabi/5.4.1/../../../../arm-none-eabi/lib/armv6-m/crt0.o
                0x00000000                __HEAP_SIZE = 0x0
                0x00000100                __STACK_SIZE = 0x100

.text           0x08000000     0x31c0
 *(.isr_vector)
 .isr_vector    0x08000000       0xc4 obj\debug\src\startup_stm32f0xx.o
                0x08000000                __isr_vector
 *(.text*)
 .text          0x080000c4       0x60 c:/program files/embitz/1.00/share/em_armgcc/bin/../lib/gcc/arm-none-eabi/5.4.1/armv6-m/crtbegin.o
 .text          0x08000124       0x78 c:/program files/embitz/1.00/share/em_armgcc/bin/../lib/gcc/arm-none-eabi/5.4.1/../../../../arm-none-eabi/lib/armv6-m/crt0.o
                0x08000124                _start
                0x08000124                _mainCRTStartup
 .text.fft_mul_16
                0x0800019c       0x58 obj\debug\src\1.o
                0x0800019c                fft_mul_16
 .text.fft256_forw_16
                0x080001f4      0x3f0 obj\debug\src\1.o
                0x080001f4                fft256_forw_16
 .text.sqrt32_shift
                0x080005e4       0xa4 obj\debug\src\1.o
                0x080005e4                sqrt32_shift
 .text.fft_amp_16
                0x08000688       0x68 obj\debug\src\1.o
                0x08000688                fft_amp_16
 .text.fft256_16_win
                0x080006f0       0x54 obj\debug\src\1.o
                0x080006f0                fft256_16_win
 .text.main     0x08000744       0xec obj\debug\src\1.o
                0x08000744                main
 .text          0x08000830       0xa0 obj\debug\src\startup_stm32f0xx.o
                0x08000830                Reset_Handler
                0x0800087a                NMI_Handler
                0x0800087c                HardFault_Handler
                0x0800087e                SVC_Handler
                0x08000880                PendSV_Handler
                0x08000882                SysTick_Handler
                0x08000884                Default_Handler
                0x08000886                WWDG_IRQHandler
                0x08000888                PVD_IRQHandler
                0x0800088a                RTC_IRQHandler
                0x0800088c                FLASH_IRQHandler
                0x0800088e                RCC_IRQHandler
                0x08000890                EXTI0_1_IRQHandler
                0x08000892                EXTI2_3_IRQHandler
                0x08000894                EXTI4_15_IRQHandler
                0x08000896                TS_IRQHandler
                0x08000898                DMA1_Channel1_IRQHandler
                0x0800089a                DMA1_Channel2_3_IRQHandler
                0x0800089c                DMA1_Channel4_5_IRQHandler
                0x0800089e                ADC1_COMP_IRQHandler
                0x080008a0                TIM1_BRK_UP_TRG_COM_IRQHandler
                0x080008a2                TIM1_CC_IRQHandler
                0x080008a4                TIM2_IRQHandler
                0x080008a6                TIM3_IRQHandler
                0x080008a8                TIM6_DAC_IRQHandler
                0x080008aa                TIM7_IRQHandler
                0x080008ac                TIM14_IRQHandler
                0x080008ae                TIM15_IRQHandler
                0x080008b0                TIM16_IRQHandler
                0x080008b2                TIM17_IRQHandler
                0x080008b4                I2C1_IRQHandler
                0x080008b6                I2C2_IRQHandler
                0x080008b8                SPI1_IRQHandler
                0x080008ba                SPI2_IRQHandler
                0x080008bc                USART1_IRQHandler
                0x080008be                USART2_IRQHandler
                0x080008c0                USART3_4_IRQHandler
                0x080008c2                CEC_IRQHandler
                0x080008c4                USB_IRQHandler
                0x080008c6                BootRAM
 .text.SystemInit
                0x080008d0       0x8c obj\debug\src\system_stm32f0xx.o
                0x080008d0                SystemInit
 .text.SetSysClock
                0x0800095c       0xe0 obj\debug\src\system_stm32f0xx.o
 .text          0x08000a3c      0x114 c:/program files/embitz/1.00/share/em_armgcc/bin/../lib/gcc/arm-none-eabi/5.4.1/armv6-m\libgcc.a(_udivsi3.o)
                0x08000a3c                __aeabi_uidiv
                0x08000a3c                __udivsi3
                0x08000b48                __aeabi_uidivmod
 .text          0x08000b50        0x4 c:/program files/embitz/1.00/share/em_armgcc/bin/../lib/gcc/arm-none-eabi/5.4.1/armv6-m\libgcc.a(_dvmd_tls.o)
                0x08000b50                __aeabi_idiv0
                0x08000b50                __aeabi_ldiv0
 .text          0x08000b54      0x658 c:/program files/embitz/1.00/share/em_armgcc/bin/../lib/gcc/arm-none-eabi/5.4.1/armv6-m\libgcc.a(adddf3.o)
                0x08000b54                __aeabi_dadd
 .text          0x080011ac      0x62c c:/program files/embitz/1.00/share/em_armgcc/bin/../lib/gcc/arm-none-eabi/5.4.1/armv6-m\libgcc.a(divdf3.o)
                0x080011ac                __aeabi_ddiv
 .text          0x080017d8      0x4f4 c:/program files/embitz/1.00/share/em_armgcc/bin/../lib/gcc/arm-none-eabi/5.4.1/armv6-m\libgcc.a(muldf3.o)
                0x080017d8                __aeabi_dmul
 .text          0x08001ccc       0x84 c:/program files/embitz/1.00/share/em_armgcc/bin/../lib/gcc/arm-none-eabi/5.4.1/armv6-m\libgcc.a(floatsidf.o)
                0x08001ccc                __aeabi_i2d
 .text          0x08001d50       0x3c c:/program files/embitz/1.00/share/em_armgcc/bin/../lib/gcc/arm-none-eabi/5.4.1/armv6-m\libgcc.a(_clzsi2.o)
                0x08001d50                __clzsi2
 .text.exit     0x08001d8c       0x2c c:/program files/embitz/1.00/share/em_armgcc/bin/../lib/gcc/arm-none-eabi/5.4.1/../../../../arm-none-eabi/lib/armv6-m\libg_n.a(lib_a-exit.o)
                0x08001d8c                exit
 .text.__libc_init_array
                0x08001db8       0x4c c:/program files/embitz/1.00/share/em_armgcc/bin/../lib/gcc/arm-none-eabi/5.4.1/../../../../arm-none-eabi/lib/armv6-m\libg_n.a(lib_a-init.o)
                0x08001db8                __libc_init_array
 .text.memset   0x08001e04       0x10 c:/program files/embitz/1.00/share/em_armgcc/bin/../lib/gcc/arm-none-eabi/5.4.1/../../../../arm-none-eabi/lib/armv6-m\libg_n.a(lib_a-memset.o)
                0x08001e04                memset
 .text.printf   0x08001e14       0x34 c:/program files/embitz/1.00/share/em_armgcc/bin/../lib/gcc/arm-none-eabi/5.4.1/../../../../arm-none-eabi/lib/armv6-m\libg_n.a(lib_a-printf.o)
                0x08001e14                iprintf
                0x08001e14                printf
 .text._cleanup_r
                0x08001e48       0x10 c:/program files/embitz/1.00/share/em_armgcc/bin/../lib/gcc/arm-none-eabi/5.4.1/../../../../arm-none-eabi/lib/armv6-m\libg_n.a(lib_a-findfp.o)
                0x08001e48                _cleanup_r
 .text.std.isra.0
                0x08001e58       0x48 c:/program files/embitz/1.00/share/em_armgcc/bin/../lib/gcc/arm-none-eabi/5.4.1/../../../../arm-none-eabi/lib/armv6-m\libg_n.a(lib_a-findfp.o)
 .text.__sfmoreglue
                0x08001ea0       0x2c c:/program files/embitz/1.00/share/em_armgcc/bin/../lib/gcc/arm-none-eabi/5.4.1/../../../../arm-none-eabi/lib/armv6-m\libg_n.a(lib_a-findfp.o)
                0x08001ea0                __sfmoreglue
 .text.__sinit  0x08001ecc       0x68 c:/program files/embitz/1.00/share/em_armgcc/bin/../lib/gcc/arm-none-eabi/5.4.1/../../../../arm-none-eabi/lib/armv6-m\libg_n.a(lib_a-findfp.o)
                0x08001ecc                __sinit
 .text.__sfp    0x08001f34       0x7c c:/program files/embitz/1.00/share/em_armgcc/bin/../lib/gcc/arm-none-eabi/5.4.1/../../../../arm-none-eabi/lib/armv6-m\libg_n.a(lib_a-findfp.o)
                0x08001f34                __sfp
 .text._fwalk_reent
                0x08001fb0       0x42 c:/program files/embitz/1.00/share/em_armgcc/bin/../lib/gcc/arm-none-eabi/5.4.1/../../../../arm-none-eabi/lib/armv6-m\libg_n.a(lib_a-fwalk.o)
                0x08001fb0                _fwalk_reent
 *fill*         0x08001ff2        0x2 
 .text._malloc_r
                0x08001ff4       0xc0 c:/program files/embitz/1.00/share/em_armgcc/bin/../lib/gcc/arm-none-eabi/5.4.1/../../../../arm-none-eabi/lib/armv6-m\libg_n.a(lib_a-nano-mallocr.o)
                0x08001ff4                _malloc_r
 .text.__sfputc_r
                0x080020b4       0x2a c:/program files/embitz/1.00/share/em_armgcc/bin/../lib/gcc/arm-none-eabi/5.4.1/../../../../arm-none-eabi/lib/armv6-m\libg_n.a(lib_a-nano-vfprintf.o)
 .text.__sfputs_r
                0x080020de       0x24 c:/program files/embitz/1.00/share/em_armgcc/bin/../lib/gcc/arm-none-eabi/5.4.1/../../../../arm-none-eabi/lib/armv6-m\libg_n.a(lib_a-nano-vfprintf.o)
                0x080020de                __sfputs_r
 *fill*         0x08002102        0x2 
 .text._vfprintf_r
                0x08002104      0x238 c:/program files/embitz/1.00/share/em_armgcc/bin/../lib/gcc/arm-none-eabi/5.4.1/../../../../arm-none-eabi/lib/armv6-m\libg_n.a(lib_a-nano-vfprintf.o)
                0x08002104                _vfprintf_r
                0x08002104                _vfiprintf_r
 .text._printf_common
                0x0800233c       0xdc c:/program files/embitz/1.00/share/em_armgcc/bin/../lib/gcc/arm-none-eabi/5.4.1/../../../../arm-none-eabi/lib/armv6-m\libg_n.a(lib_a-nano-vfprintf_i.o)
                0x0800233c                _printf_common
 .text._printf_i
                0x08002418      0x244 c:/program files/embitz/1.00/share/em_armgcc/bin/../lib/gcc/arm-none-eabi/5.4.1/../../../../arm-none-eabi/lib/armv6-m\libg_n.a(lib_a-nano-vfprintf_i.o)
                0x08002418                _printf_i
 .text._sbrk_r  0x0800265c       0x24 c:/program files/embitz/1.00/share/em_armgcc/bin/../lib/gcc/arm-none-eabi/5.4.1/../../../../arm-none-eabi/lib/armv6-m\libg_n.a(lib_a-sbrkr.o)
                0x0800265c                _sbrk_r
 .text.__sread  0x08002680       0x28 c:/program files/embitz/1.00/share/em_armgcc/bin/../lib/gcc/arm-none-eabi/5.4.1/../../../../arm-none-eabi/lib/armv6-m\libg_n.a(lib_a-stdio.o)
                0x08002680                __sread
 .text.__swrite
                0x080026a8       0x38 c:/program files/embitz/1.00/share/em_armgcc/bin/../lib/gcc/arm-none-eabi/5.4.1/../../../../arm-none-eabi/lib/armv6-m\libg_n.a(lib_a-stdio.o)
                0x080026a8                __swrite
 .text.__sseek  0x080026e0       0x2c c:/program files/embitz/1.00/share/em_armgcc/bin/../lib/gcc/arm-none-eabi/5.4.1/../../../../arm-none-eabi/lib/armv6-m\libg_n.a(lib_a-stdio.o)
                0x080026e0                __sseek
 .text.__sclose
                0x0800270c        0xc c:/program files/embitz/1.00/share/em_armgcc/bin/../lib/gcc/arm-none-eabi/5.4.1/../../../../arm-none-eabi/lib/armv6-m\libg_n.a(lib_a-stdio.o)
                0x0800270c                __sclose
 .text.__swbuf_r
                0x08002718       0xb0 c:/program files/embitz/1.00/share/em_armgcc/bin/../lib/gcc/arm-none-eabi/5.4.1/../../../../arm-none-eabi/lib/armv6-m\libg_n.a(lib_a-wbuf.o)
                0x08002718                __swbuf_r
 .text._write_r
                0x080027c8       0x28 c:/program files/embitz/1.00/share/em_armgcc/bin/../lib/gcc/arm-none-eabi/5.4.1/../../../../arm-none-eabi/lib/armv6-m\libg_n.a(lib_a-writer.o)
                0x080027c8                _write_r
 .text.__swsetup_r
                0x080027f0       0xec c:/program files/embitz/1.00/share/em_armgcc/bin/../lib/gcc/arm-none-eabi/5.4.1/../../../../arm-none-eabi/lib/armv6-m\libg_n.a(lib_a-wsetup.o)
                0x080027f0                __swsetup_r
 .text._close_r
                0x080028dc       0x24 c:/program files/embitz/1.00/share/em_armgcc/bin/../lib/gcc/arm-none-eabi/5.4.1/../../../../arm-none-eabi/lib/armv6-m\libg_n.a(lib_a-closer.o)
                0x080028dc                _close_r
 .text.__sflush_r
                0x08002900      0x10c c:/program files/embitz/1.00/share/em_armgcc/bin/../lib/gcc/arm-none-eabi/5.4.1/../../../../arm-none-eabi/lib/armv6-m\libg_n.a(lib_a-fflush.o)
                0x08002900                __sflush_r
 .text._fflush_r
                0x08002a0c       0x58 c:/program files/embitz/1.00/share/em_armgcc/bin/../lib/gcc/arm-none-eabi/5.4.1/../../../../arm-none-eabi/lib/armv6-m\libg_n.a(lib_a-fflush.o)
                0x08002a0c                _fflush_r
 .text._lseek_r
                0x08002a64       0x28 c:/program files/embitz/1.00/share/em_armgcc/bin/../lib/gcc/arm-none-eabi/5.4.1/../../../../arm-none-eabi/lib/armv6-m\libg_n.a(lib_a-lseekr.o)
                0x08002a64                _lseek_r
 .text.__swhatbuf_r
                0x08002a8c       0x4c c:/program files/embitz/1.00/share/em_armgcc/bin/../lib/gcc/arm-none-eabi/5.4.1/../../../../arm-none-eabi/lib/armv6-m\libg_n.a(lib_a-makebuf.o)
                0x08002a8c                __swhatbuf_r
 .text.__smakebuf_r
                0x08002ad8       0x7c c:/program files/embitz/1.00/share/em_armgcc/bin/../lib/gcc/arm-none-eabi/5.4.1/../../../../arm-none-eabi/lib/armv6-m\libg_n.a(lib_a-makebuf.o)
                0x08002ad8                __smakebuf_r
 .text.memchr   0x08002b54       0x16 c:/program files/embitz/1.00/share/em_armgcc/bin/../lib/gcc/arm-none-eabi/5.4.1/../../../../arm-none-eabi/lib/armv6-m\libg_n.a(lib_a-memchr-stub.o)
                0x08002b54                memchr
 .text.__malloc_lock
                0x08002b6a        0x2 c:/program files/embitz/1.00/share/em_armgcc/bin/../lib/gcc/arm-none-eabi/5.4.1/../../../../arm-none-eabi/lib/armv6-m\libg_n.a(lib_a-mlock.o)
                0x08002b6a                __malloc_lock
 .text.__malloc_unlock
                0x08002b6c        0x2 c:/program files/embitz/1.00/share/em_armgcc/bin/../lib/gcc/arm-none-eabi/5.4.1/../../../../arm-none-eabi/lib/armv6-m\libg_n.a(lib_a-mlock.o)
                0x08002b6c                __malloc_unlock
 *fill*         0x08002b6e        0x2 
 .text._free_r  0x08002b70       0x98 c:/program files/embitz/1.00/share/em_armgcc/bin/../lib/gcc/arm-none-eabi/5.4.1/../../../../arm-none-eabi/lib/armv6-m\libg_n.a(lib_a-nano-freer.o)
                0x08002b70                _free_r
 .text._read_r  0x08002c08       0x28 c:/program files/embitz/1.00/share/em_armgcc/bin/../lib/gcc/arm-none-eabi/5.4.1/../../../../arm-none-eabi/lib/armv6-m\libg_n.a(lib_a-readr.o)
                0x08002c08                _read_r
 .text._fstat_r
                0x08002c30       0x24 c:/program files/embitz/1.00/share/em_armgcc/bin/../lib/gcc/arm-none-eabi/5.4.1/../../../../arm-none-eabi/lib/armv6-m\libg_n.a(lib_a-fstatr.o)
                0x08002c30                _fstat_r
 .text._isatty_r
                0x08002c54       0x24 c:/program files/embitz/1.00/share/em_armgcc/bin/../lib/gcc/arm-none-eabi/5.4.1/../../../../arm-none-eabi/lib/armv6-m\libg_n.a(lib_a-isattyr.o)
                0x08002c54                _isatty_r
 .text._close   0x08002c78       0x10 c:/program files/embitz/1.00/share/em_armgcc/bin/../lib/gcc/arm-none-eabi/5.4.1/../../../../arm-none-eabi/lib/armv6-m\libnosys_s.a(close.o)
                0x08002c78                _close
 .text._fstat   0x08002c88       0x10 c:/program files/embitz/1.00/share/em_armgcc/bin/../lib/gcc/arm-none-eabi/5.4.1/../../../../arm-none-eabi/lib/armv6-m\libnosys_s.a(fstat.o)
                0x08002c88                _fstat
 .text._isatty  0x08002c98       0x10 c:/program files/embitz/1.00/share/em_armgcc/bin/../lib/gcc/arm-none-eabi/5.4.1/../../../../arm-none-eabi/lib/armv6-m\libnosys_s.a(isatty.o)
                0x08002c98                _isatty
 .text._lseek   0x08002ca8       0x10 c:/program files/embitz/1.00/share/em_armgcc/bin/../lib/gcc/arm-none-eabi/5.4.1/../../../../arm-none-eabi/lib/armv6-m\libnosys_s.a(lseek.o)
                0x08002ca8                _lseek
 .text._read    0x08002cb8       0x10 c:/program files/embitz/1.00/share/em_armgcc/bin/../lib/gcc/arm-none-eabi/5.4.1/../../../../arm-none-eabi/lib/armv6-m\libnosys_s.a(read.o)
                0x08002cb8                _read
 .text._sbrk    0x08002cc8       0x20 c:/program files/embitz/1.00/share/em_armgcc/bin/../lib/gcc/arm-none-eabi/5.4.1/../../../../arm-none-eabi/lib/armv6-m\libnosys_s.a(sbrk.o)
                0x08002cc8                _sbrk
 .text._write   0x08002ce8       0x10 c:/program files/embitz/1.00/share/em_armgcc/bin/../lib/gcc/arm-none-eabi/5.4.1/../../../../arm-none-eabi/lib/armv6-m\libnosys_s.a(write.o)
                0x08002ce8                _write
 .text._exit    0x08002cf8        0x2 c:/program files/embitz/1.00/share/em_armgcc/bin/../lib/gcc/arm-none-eabi/5.4.1/../../../../arm-none-eabi/lib/armv6-m\libnosys_s.a(_exit.o)
                0x08002cf8                _exit
 *(.init)
 *fill*         0x08002cfa        0x2 
 .init          0x08002cfc        0x4 c:/program files/embitz/1.00/share/em_armgcc/bin/../lib/gcc/arm-none-eabi/5.4.1/armv6-m/crti.o
                0x08002cfc                _init
 .init          0x08002d00        0x8 c:/program files/embitz/1.00/share/em_armgcc/bin/../lib/gcc/arm-none-eabi/5.4.1/armv6-m/crtn.o
 *(.fini)
 .fini          0x08002d08        0x4 c:/program files/embitz/1.00/share/em_armgcc/bin/../lib/gcc/arm-none-eabi/5.4.1/armv6-m/crti.o
                0x08002d08                _fini
 .fini          0x08002d0c        0x8 c:/program files/embitz/1.00/share/em_armgcc/bin/../lib/gcc/arm-none-eabi/5.4.1/armv6-m/crtn.o
 *crtbegin.o(.ctors)
 *crtbegin?.o(.ctors)
 *(EXCLUDE_FILE(*crtend.o *crtend?.o) .ctors)
 *(SORT(.ctors.*))
 *(.ctors)
 *crtbegin.o(.dtors)
 *crtbegin?.o(.dtors)
 *(EXCLUDE_FILE(*crtend.o *crtend?.o) .dtors)
 *(SORT(.dtors.*))
 *(.dtors)
 *(.rodata*)
 .rodata.fft_256_sine_16
                0x08002d14      0x180 obj\debug\src\1.o
                0x08002d14                fft_256_sine_16
 .rodata.fft256_16_win_blackman
                0x08002e94      0x200 obj\debug\src\1.o
                0x08002e94                fft256_16_win_blackman
 .rodata        0x08003094        0xb obj\debug\src\1.o
 *fill*         0x0800309f        0x1 
 .rodata        0x080030a0       0x40 c:/program files/embitz/1.00/share/em_armgcc/bin/../lib/gcc/arm-none-eabi/5.4.1/armv6-m\libgcc.a(divdf3.o)
 .rodata        0x080030e0       0x40 c:/program files/embitz/1.00/share/em_armgcc/bin/../lib/gcc/arm-none-eabi/5.4.1/armv6-m\libgcc.a(muldf3.o)
 .rodata.str1.1
                0x08003120        0x2 c:/program files/embitz/1.00/share/em_armgcc/bin/../lib/gcc/arm-none-eabi/5.4.1/../../../../arm-none-eabi/lib/armv6-m\libg_n.a(lib_a-impure.o)
 *fill*         0x08003122        0x2 
 .rodata._global_impure_ptr
                0x08003124        0x4 c:/program files/embitz/1.00/share/em_armgcc/bin/../lib/gcc/arm-none-eabi/5.4.1/../../../../arm-none-eabi/lib/armv6-m\libg_n.a(lib_a-impure.o)
                0x08003124                _global_impure_ptr
 .rodata.__sf_fake_stdin
                0x08003128       0x20 c:/program files/embitz/1.00/share/em_armgcc/bin/../lib/gcc/arm-none-eabi/5.4.1/../../../../arm-none-eabi/lib/armv6-m\libg_n.a(lib_a-findfp.o)
                0x08003128                __sf_fake_stdin
 .rodata.__sf_fake_stdout
                0x08003148       0x20 c:/program files/embitz/1.00/share/em_armgcc/bin/../lib/gcc/arm-none-eabi/5.4.1/../../../../arm-none-eabi/lib/armv6-m\libg_n.a(lib_a-findfp.o)
                0x08003148                __sf_fake_stdout
 .rodata.__sf_fake_stderr
                0x08003168       0x20 c:/program files/embitz/1.00/share/em_armgcc/bin/../lib/gcc/arm-none-eabi/5.4.1/../../../../arm-none-eabi/lib/armv6-m\libg_n.a(lib_a-findfp.o)
                0x08003168                __sf_fake_stderr
 .rodata.str1.1
                0x08003188       0x11 c:/program files/embitz/1.00/share/em_armgcc/bin/../lib/gcc/arm-none-eabi/5.4.1/../../../../arm-none-eabi/lib/armv6-m\libg_n.a(lib_a-nano-vfprintf.o)
 .rodata.str1.1
                0x08003199       0x22 c:/program files/embitz/1.00/share/em_armgcc/bin/../lib/gcc/arm-none-eabi/5.4.1/../../../../arm-none-eabi/lib/armv6-m\libg_n.a(lib_a-nano-vfprintf_i.o)
 *(.eh_frame*)
 *fill*         0x080031bb        0x1 
 .eh_frame      0x080031bc        0x0 c:/program files/embitz/1.00/share/em_armgcc/bin/../lib/gcc/arm-none-eabi/5.4.1/armv6-m/crtbegin.o
 .eh_frame      0x080031bc        0x4 c:/program files/embitz/1.00/share/em_armgcc/bin/../lib/gcc/arm-none-eabi/5.4.1/armv6-m/crtend.o

.glue_7         0x080031c0        0x0
 .glue_7        0x080031c0        0x0 linker stubs

.glue_7t        0x080031c0        0x0
 .glue_7t       0x080031c0        0x0 linker stubs

.vfp11_veneer   0x080031c0        0x0
 .vfp11_veneer  0x080031c0        0x0 linker stubs

.v4_bx          0x080031c0        0x0
 .v4_bx         0x080031c0        0x0 linker stubs

.iplt           0x080031c0        0x0
 .iplt          0x080031c0        0x0 c:/program files/embitz/1.00/share/em_armgcc/bin/../lib/gcc/arm-none-eabi/5.4.1/armv6-m/crtbegin.o

.ARM.extab
 *(.ARM.extab* .gnu.linkonce.armextab.*)
                0x080031c0                __exidx_start = .

.ARM.exidx      0x080031c0        0x8
 *(.ARM.exidx* .gnu.linkonce.armexidx.*)
 .ARM.exidx     0x080031c0        0x8 c:/program files/embitz/1.00/share/em_armgcc/bin/../lib/gcc/arm-none-eabi/5.4.1/../../../../arm-none-eabi/lib/armv6-m/crt0.o
                0x080031c8                __exidx_end = .
                0x080031c8                __etext = .

.rel.dyn        0x080031c8        0x0
 .rel.iplt      0x080031c8        0x0 c:/program files/embitz/1.00/share/em_armgcc/bin/../lib/gcc/arm-none-eabi/5.4.1/armv6-m/crtbegin.o

.data           0x20000000       0x6c load address 0x080031c8
                0x20000000                __data_start__ = .
 *(vtable)
 *(.data*)
 .data.impure_data
                0x20000000       0x60 c:/program files/embitz/1.00/share/em_armgcc/bin/../lib/gcc/arm-none-eabi/5.4.1/../../../../arm-none-eabi/lib/armv6-m\libg_n.a(lib_a-impure.o)
 .data._impure_ptr
                0x20000060        0x4 c:/program files/embitz/1.00/share/em_armgcc/bin/../lib/gcc/arm-none-eabi/5.4.1/../../../../arm-none-eabi/lib/armv6-m\libg_n.a(lib_a-impure.o)
                0x20000060                _impure_ptr
                0x20000064                . = ALIGN (0x4)
                0x20000064                PROVIDE (__preinit_array_start, .)
 *(.preinit_array)
                0x20000064                PROVIDE (__preinit_array_end, .)
                0x20000064                . = ALIGN (0x4)
                0x20000064                PROVIDE (__init_array_start, .)
 *(SORT(.init_array.*))
 *(.init_array)
 .init_array    0x20000064        0x4 c:/program files/embitz/1.00/share/em_armgcc/bin/../lib/gcc/arm-none-eabi/5.4.1/armv6-m/crtbegin.o
                0x20000068                PROVIDE (__init_array_end, .)
                0x20000068                . = ALIGN (0x4)
                [!provide]                PROVIDE (__fini_array_start, .)
 *(SORT(.fini_array.*))
 *(.fini_array)
 .fini_array    0x20000068        0x4 c:/program files/embitz/1.00/share/em_armgcc/bin/../lib/gcc/arm-none-eabi/5.4.1/armv6-m/crtbegin.o
                [!provide]                PROVIDE (__fini_array_end, .)
                0x2000006c                . = ALIGN (0x4)
                0x2000006c                __data_end__ = .

.jcr            0x2000006c        0x0 load address 0x08003234
 .jcr           0x2000006c        0x0 c:/program files/embitz/1.00/share/em_armgcc/bin/../lib/gcc/arm-none-eabi/5.4.1/armv6-m/crtbegin.o

.igot.plt       0x2000006c        0x0 load address 0x08003234
 .igot.plt      0x2000006c        0x0 c:/program files/embitz/1.00/share/em_armgcc/bin/../lib/gcc/arm-none-eabi/5.4.1/armv6-m/crtbegin.o

.bss            0x2000006c      0x638 load address 0x08003234
                0x2000006c                __bss_start__ = .
 *(.bss*)
 .bss           0x2000006c       0x1c c:/program files/embitz/1.00/share/em_armgcc/bin/../lib/gcc/arm-none-eabi/5.4.1/armv6-m/crtbegin.o
 .bss.__malloc_sbrk_start
                0x20000088        0x4 c:/program files/embitz/1.00/share/em_armgcc/bin/../lib/gcc/arm-none-eabi/5.4.1/../../../../arm-none-eabi/lib/armv6-m\libg_n.a(lib_a-nano-mallocr.o)
                0x20000088                __malloc_sbrk_start
 .bss.__malloc_free_list
                0x2000008c        0x4 c:/program files/embitz/1.00/share/em_armgcc/bin/../lib/gcc/arm-none-eabi/5.4.1/../../../../arm-none-eabi/lib/armv6-m\libg_n.a(lib_a-nano-mallocr.o)
                0x2000008c                __malloc_free_list
 .bss.heap_end.4167
                0x20000090        0x4 c:/program files/embitz/1.00/share/em_armgcc/bin/../lib/gcc/arm-none-eabi/5.4.1/../../../../arm-none-eabi/lib/armv6-m\libnosys_s.a(sbrk.o)
 *(COMMON)
 COMMON         0x20000094      0x60c obj\debug\src\1.o
                0x20000094                filt16_dcb
                0x2000009c                filt8_dcb
                0x200000a0                samples16
                0x200004a0                samples
 COMMON         0x200006a0        0x4 c:/program files/embitz/1.00/share/em_armgcc/bin/../lib/gcc/arm-none-eabi/5.4.1/../../../../arm-none-eabi/lib/armv6-m\libg_n.a(lib_a-reent.o)
                0x200006a0                errno
                0x200006a4                __bss_end__ = .

.heap           0x200006a8        0x0
                0x200006a8                __end__ = .
                0x200006a8                end = __end__
 *(.heap*)
 .heap          0x200006a8        0x0 obj\debug\src\startup_stm32f0xx.o
                0x200006a8                __HeapLimit = .

.stack_dummy    0x200006a8      0x100
 *(.stack)
 .stack         0x200006a8      0x100 obj\debug\src\startup_stm32f0xx.o
                0x20001000                __StackTop = (ORIGIN (RAM) + LENGTH (RAM))
                0x20000f00                __StackLimit = (__StackTop - SIZEOF (.stack_dummy))
                0x20001000                PROVIDE (__stack, __StackTop)
                0x00000001                ASSERT ((__StackLimit >= __HeapLimit), region RAM overflowed with stack)
LOAD obj\debug\spl\src\stm32f0xx_adc.o
LOAD obj\debug\spl\src\stm32f0xx_can.o
LOAD obj\debug\spl\src\stm32f0xx_cec.o
LOAD obj\debug\spl\src\stm32f0xx_comp.o
LOAD obj\debug\spl\src\stm32f0xx_crc.o
LOAD obj\debug\spl\src\stm32f0xx_crs.o
LOAD obj\debug\spl\src\stm32f0xx_dac.o
LOAD obj\debug\spl\src\stm32f0xx_dbgmcu.o
LOAD obj\debug\spl\src\stm32f0xx_dma.o
LOAD obj\debug\spl\src\stm32f0xx_exti.o
LOAD obj\debug\spl\src\stm32f0xx_flash.o
LOAD obj\debug\spl\src\stm32f0xx_gpio.o
LOAD obj\debug\spl\src\stm32f0xx_i2c.o
LOAD obj\debug\spl\src\stm32f0xx_iwdg.o
LOAD obj\debug\spl\src\stm32f0xx_misc.o
LOAD obj\debug\spl\src\stm32f0xx_pwr.o
LOAD obj\debug\spl\src\stm32f0xx_rcc.o
LOAD obj\debug\spl\src\stm32f0xx_rtc.o
LOAD obj\debug\spl\src\stm32f0xx_spi.o
LOAD obj\debug\spl\src\stm32f0xx_syscfg.o
LOAD obj\debug\spl\src\stm32f0xx_tim.o
LOAD obj\debug\spl\src\stm32f0xx_usart.o
LOAD obj\debug\spl\src\stm32f0xx_wwdg.o
LOAD obj\debug\src\1.o
LOAD obj\debug\src\startup_stm32f0xx.o
LOAD obj\debug\src\system_stm32f0xx.o
START GROUP
LOAD c:/program files/embitz/1.00/share/em_armgcc/bin/../lib/gcc/arm-none-eabi/5.4.1/armv6-m\libgcc.a
LOAD c:/program files/embitz/1.00/share/em_armgcc/bin/../lib/gcc/arm-none-eabi/5.4.1/../../../../arm-none-eabi/lib/armv6-m\libg_n.a
LOAD c:/program files/embitz/1.00/share/em_armgcc/bin/../lib/gcc/arm-none-eabi/5.4.1/../../../../arm-none-eabi/lib/armv6-m\libc_n.a
END GROUP
START GROUP
LOAD c:/program files/embitz/1.00/share/em_armgcc/bin/../lib/gcc/arm-none-eabi/5.4.1/armv6-m\libgcc.a
LOAD c:/program files/embitz/1.00/share/em_armgcc/bin/../lib/gcc/arm-none-eabi/5.4.1/../../../../arm-none-eabi/lib/armv6-m\libc_n.a
LOAD c:/program files/embitz/1.00/share/em_armgcc/bin/../lib/gcc/arm-none-eabi/5.4.1/../../../../arm-none-eabi/lib/armv6-m\libnosys_s.a
END GROUP
LOAD c:/program files/embitz/1.00/share/em_armgcc/bin/../lib/gcc/arm-none-eabi/5.4.1/armv6-m/crtend.o
LOAD c:/program files/embitz/1.00/share/em_armgcc/bin/../lib/gcc/arm-none-eabi/5.4.1/armv6-m/crtn.o
OUTPUT(bin\Debug\STM32start.elf elf32-littlearm)

.ARM.attributes
                0x00000000       0x28
 .ARM.attributes
                0x00000000       0x1e c:/program files/embitz/1.00/share/em_armgcc/bin/../lib/gcc/arm-none-eabi/5.4.1/armv6-m/crti.o
 .ARM.attributes
                0x0000001e       0x2c c:/program files/embitz/1.00/share/em_armgcc/bin/../lib/gcc/arm-none-eabi/5.4.1/armv6-m/crtbegin.o
 .ARM.attributes
                0x0000004a       0x1b c:/program files/embitz/1.00/share/em_armgcc/bin/../lib/gcc/arm-none-eabi/5.4.1/../../../../arm-none-eabi/lib/armv6-m/crt0.o
 .ARM.attributes
                0x00000065       0x31 obj\debug\src\1.o
 .ARM.attributes
                0x00000096       0x1b obj\debug\src\startup_stm32f0xx.o
 .ARM.attributes
                0x000000b1       0x31 obj\debug\src\system_stm32f0xx.o
 .ARM.attributes
                0x000000e2       0x1e c:/program files/embitz/1.00/share/em_armgcc/bin/../lib/gcc/arm-none-eabi/5.4.1/armv6-m\libgcc.a(_udivsi3.o)
 .ARM.attributes
                0x00000100       0x1e c:/program files/embitz/1.00/share/em_armgcc/bin/../lib/gcc/arm-none-eabi/5.4.1/armv6-m\libgcc.a(_dvmd_tls.o)
 .ARM.attributes
                0x0000011e       0x2c c:/program files/embitz/1.00/share/em_armgcc/bin/../lib/gcc/arm-none-eabi/5.4.1/armv6-m\libgcc.a(adddf3.o)
 .ARM.attributes
                0x0000014a       0x2c c:/program files/embitz/1.00/share/em_armgcc/bin/../lib/gcc/arm-none-eabi/5.4.1/armv6-m\libgcc.a(divdf3.o)
 .ARM.attributes
                0x00000176       0x2c c:/program files/embitz/1.00/share/em_armgcc/bin/../lib/gcc/arm-none-eabi/5.4.1/armv6-m\libgcc.a(muldf3.o)
 .ARM.attributes
                0x000001a2       0x2c c:/program files/embitz/1.00/share/em_armgcc/bin/../lib/gcc/arm-none-eabi/5.4.1/armv6-m\libgcc.a(floatsidf.o)
 .ARM.attributes
                0x000001ce       0x1e c:/program files/embitz/1.00/share/em_armgcc/bin/../lib/gcc/arm-none-eabi/5.4.1/armv6-m\libgcc.a(_clzsi2.o)
 .ARM.attributes
                0x000001ec       0x2c c:/program files/embitz/1.00/share/em_armgcc/bin/../lib/gcc/arm-none-eabi/5.4.1/../../../../arm-none-eabi/lib/armv6-m\libg_n.a(lib_a-exit.o)
 .ARM.attributes
                0x00000218       0x2c c:/program files/embitz/1.00/share/em_armgcc/bin/../lib/gcc/arm-none-eabi/5.4.1/../../../../arm-none-eabi/lib/armv6-m\libg_n.a(lib_a-impure.o)
 .ARM.attributes
                0x00000244       0x2c c:/program files/embitz/1.00/share/em_armgcc/bin/../lib/gcc/arm-none-eabi/5.4.1/../../../../arm-none-eabi/lib/armv6-m\libg_n.a(lib_a-init.o)
 .ARM.attributes
                0x00000270       0x2c c:/program files/embitz/1.00/share/em_armgcc/bin/../lib/gcc/arm-none-eabi/5.4.1/../../../../arm-none-eabi/lib/armv6-m\libg_n.a(lib_a-memset.o)
 .ARM.attributes
                0x0000029c       0x2c c:/program files/embitz/1.00/share/em_armgcc/bin/../lib/gcc/arm-none-eabi/5.4.1/../../../../arm-none-eabi/lib/armv6-m\libg_n.a(lib_a-printf.o)
 .ARM.attributes
                0x000002c8       0x2c c:/program files/embitz/1.00/share/em_armgcc/bin/../lib/gcc/arm-none-eabi/5.4.1/../../../../arm-none-eabi/lib/armv6-m\libg_n.a(lib_a-findfp.o)
 .ARM.attributes
                0x000002f4       0x2c c:/program files/embitz/1.00/share/em_armgcc/bin/../lib/gcc/arm-none-eabi/5.4.1/../../../../arm-none-eabi/lib/armv6-m\libg_n.a(lib_a-fwalk.o)
 .ARM.attributes
                0x00000320       0x2c c:/program files/embitz/1.00/share/em_armgcc/bin/../lib/gcc/arm-none-eabi/5.4.1/../../../../arm-none-eabi/lib/armv6-m\libg_n.a(lib_a-nano-mallocr.o)
 .ARM.attributes
                0x0000034c       0x2c c:/program files/embitz/1.00/share/em_armgcc/bin/../lib/gcc/arm-none-eabi/5.4.1/../../../../arm-none-eabi/lib/armv6-m\libg_n.a(lib_a-nano-vfprintf.o)
 .ARM.attributes
                0x00000378       0x2c c:/program files/embitz/1.00/share/em_armgcc/bin/../lib/gcc/arm-none-eabi/5.4.1/../../../../arm-none-eabi/lib/armv6-m\libg_n.a(lib_a-nano-vfprintf_i.o)
 .ARM.attributes
                0x000003a4       0x2c c:/program files/embitz/1.00/share/em_armgcc/bin/../lib/gcc/arm-none-eabi/5.4.1/../../../../arm-none-eabi/lib/armv6-m\libg_n.a(lib_a-sbrkr.o)
 .ARM.attributes
                0x000003d0       0x2c c:/program files/embitz/1.00/share/em_armgcc/bin/../lib/gcc/arm-none-eabi/5.4.1/../../../../arm-none-eabi/lib/armv6-m\libg_n.a(lib_a-stdio.o)
 .ARM.attributes
                0x000003fc       0x2c c:/program files/embitz/1.00/share/em_armgcc/bin/../lib/gcc/arm-none-eabi/5.4.1/../../../../arm-none-eabi/lib/armv6-m\libg_n.a(lib_a-wbuf.o)
 .ARM.attributes
                0x00000428       0x2c c:/program files/embitz/1.00/share/em_armgcc/bin/../lib/gcc/arm-none-eabi/5.4.1/../../../../arm-none-eabi/lib/armv6-m\libg_n.a(lib_a-writer.o)
 .ARM.attributes
                0x00000454       0x2c c:/program files/embitz/1.00/share/em_armgcc/bin/../lib/gcc/arm-none-eabi/5.4.1/../../../../arm-none-eabi/lib/armv6-m\libg_n.a(lib_a-wsetup.o)
 .ARM.attributes
                0x00000480       0x2c c:/program files/embitz/1.00/share/em_armgcc/bin/../lib/gcc/arm-none-eabi/5.4.1/../../../../arm-none-eabi/lib/armv6-m\libg_n.a(lib_a-closer.o)
 .ARM.attributes
                0x000004ac       0x2c c:/program files/embitz/1.00/share/em_armgcc/bin/../lib/gcc/arm-none-eabi/5.4.1/../../../../arm-none-eabi/lib/armv6-m\libg_n.a(lib_a-fflush.o)
 .ARM.attributes
                0x000004d8       0x2c c:/program files/embitz/1.00/share/em_armgcc/bin/../lib/gcc/arm-none-eabi/5.4.1/../../../../arm-none-eabi/lib/armv6-m\libg_n.a(lib_a-lseekr.o)
 .ARM.attributes
                0x00000504       0x2c c:/program files/embitz/1.00/share/em_armgcc/bin/../lib/gcc/arm-none-eabi/5.4.1/../../../../arm-none-eabi/lib/armv6-m\libg_n.a(lib_a-makebuf.o)
 .ARM.attributes
                0x00000530       0x2c c:/program files/embitz/1.00/share/em_armgcc/bin/../lib/gcc/arm-none-eabi/5.4.1/../../../../arm-none-eabi/lib/armv6-m\libg_n.a(lib_a-memchr-stub.o)
 .ARM.attributes
                0x0000055c       0x2c c:/program files/embitz/1.00/share/em_armgcc/bin/../lib/gcc/arm-none-eabi/5.4.1/../../../../arm-none-eabi/lib/armv6-m\libg_n.a(lib_a-mlock.o)
 .ARM.attributes
                0x00000588       0x2c c:/program files/embitz/1.00/share/em_armgcc/bin/../lib/gcc/arm-none-eabi/5.4.1/../../../../arm-none-eabi/lib/armv6-m\libg_n.a(lib_a-nano-freer.o)
 .ARM.attributes
                0x000005b4       0x2c c:/program files/embitz/1.00/share/em_armgcc/bin/../lib/gcc/arm-none-eabi/5.4.1/../../../../arm-none-eabi/lib/armv6-m\libg_n.a(lib_a-readr.o)
 .ARM.attributes
                0x000005e0       0x2c c:/program files/embitz/1.00/share/em_armgcc/bin/../lib/gcc/arm-none-eabi/5.4.1/../../../../arm-none-eabi/lib/armv6-m\libg_n.a(lib_a-reent.o)
 .ARM.attributes
                0x0000060c       0x2c c:/program files/embitz/1.00/share/em_armgcc/bin/../lib/gcc/arm-none-eabi/5.4.1/../../../../arm-none-eabi/lib/armv6-m\libg_n.a(lib_a-fstatr.o)
 .ARM.attributes
                0x00000638       0x2c c:/program files/embitz/1.00/share/em_armgcc/bin/../lib/gcc/arm-none-eabi/5.4.1/../../../../arm-none-eabi/lib/armv6-m\libg_n.a(lib_a-isattyr.o)
 .ARM.attributes
                0x00000664       0x2c c:/program files/embitz/1.00/share/em_armgcc/bin/../lib/gcc/arm-none-eabi/5.4.1/../../../../arm-none-eabi/lib/armv6-m\libnosys_s.a(close.o)
 .ARM.attributes
                0x00000690       0x2c c:/program files/embitz/1.00/share/em_armgcc/bin/../lib/gcc/arm-none-eabi/5.4.1/../../../../arm-none-eabi/lib/armv6-m\libnosys_s.a(fstat.o)
 .ARM.attributes
                0x000006bc       0x2c c:/program files/embitz/1.00/share/em_armgcc/bin/../lib/gcc/arm-none-eabi/5.4.1/../../../../arm-none-eabi/lib/armv6-m\libnosys_s.a(isatty.o)
 .ARM.attributes
                0x000006e8       0x2c c:/program files/embitz/1.00/share/em_armgcc/bin/../lib/gcc/arm-none-eabi/5.4.1/../../../../arm-none-eabi/lib/armv6-m\libnosys_s.a(lseek.o)
 .ARM.attributes
                0x00000714       0x2c c:/program files/embitz/1.00/share/em_armgcc/bin/../lib/gcc/arm-none-eabi/5.4.1/../../../../arm-none-eabi/lib/armv6-m\libnosys_s.a(read.o)
 .ARM.attributes
                0x00000740       0x2c c:/program files/embitz/1.00/share/em_armgcc/bin/../lib/gcc/arm-none-eabi/5.4.1/../../../../arm-none-eabi/lib/armv6-m\libnosys_s.a(sbrk.o)
 .ARM.attributes
                0x0000076c       0x2c c:/program files/embitz/1.00/share/em_armgcc/bin/../lib/gcc/arm-none-eabi/5.4.1/../../../../arm-none-eabi/lib/armv6-m\libnosys_s.a(write.o)
 .ARM.attributes
                0x00000798       0x2c c:/program files/embitz/1.00/share/em_armgcc/bin/../lib/gcc/arm-none-eabi/5.4.1/../../../../arm-none-eabi/lib/armv6-m\libnosys_s.a(_exit.o)
 .ARM.attributes
                0x000007c4       0x2c c:/program files/embitz/1.00/share/em_armgcc/bin/../lib/gcc/arm-none-eabi/5.4.1/armv6-m/crtend.o
 .ARM.attributes
                0x000007f0       0x1e c:/program files/embitz/1.00/share/em_armgcc/bin/../lib/gcc/arm-none-eabi/5.4.1/armv6-m/crtn.o

.comment        0x00000000       0xb4
 .comment       0x00000000       0x6e obj\debug\src\1.o
                                 0x6f (size before relaxing)
 .comment       0x0000006e       0x46 obj\debug\src\system_stm32f0xx.o
                                 0x47 (size before relaxing)

.debug_info     0x00000000      0xe88
 .debug_info    0x00000000      0xb3b obj\debug\src\1.o
 .debug_info    0x00000b3b       0x56 obj\debug\src\startup_stm32f0xx.o
 .debug_info    0x00000b91      0x2f7 obj\debug\src\system_stm32f0xx.o

.debug_abbrev   0x00000000      0x393
 .debug_abbrev  0x00000000      0x246 obj\debug\src\1.o
 .debug_abbrev  0x00000246       0x14 obj\debug\src\startup_stm32f0xx.o
 .debug_abbrev  0x0000025a      0x139 obj\debug\src\system_stm32f0xx.o

.debug_aranges  0x00000000       0xf8
 .debug_aranges
                0x00000000       0xa8 obj\debug\src\1.o
 .debug_aranges
                0x000000a8       0x20 obj\debug\src\startup_stm32f0xx.o
 .debug_aranges
                0x000000c8       0x30 obj\debug\src\system_stm32f0xx.o

.debug_ranges   0x00000000       0xb8
 .debug_ranges  0x00000000       0x98 obj\debug\src\1.o
 .debug_ranges  0x00000098       0x20 obj\debug\src\system_stm32f0xx.o

.debug_macro    0x00000000     0x1a2d
 .debug_macro   0x00000000      0x1ac obj\debug\src\1.o
 .debug_macro   0x000001ac      0x820 obj\debug\src\1.o
 .debug_macro   0x000009cc       0x22 obj\debug\src\1.o
 .debug_macro   0x000009ee       0x4c obj\debug\src\1.o
 .debug_macro   0x00000a3a       0x55 obj\debug\src\1.o
 .debug_macro   0x00000a8f       0x35 obj\debug\src\1.o
 .debug_macro   0x00000ac4       0x9c obj\debug\src\1.o
 .debug_macro   0x00000b60       0x16 obj\debug\src\1.o
 .debug_macro   0x00000b76      0x10e obj\debug\src\1.o
 .debug_macro   0x00000c84       0x86 obj\debug\src\1.o
 .debug_macro   0x00000d0a       0x4a obj\debug\src\1.o
 .debug_macro   0x00000d54       0x52 obj\debug\src\1.o
 .debug_macro   0x00000da6       0x1f obj\debug\src\1.o
 .debug_macro   0x00000dc5       0x43 obj\debug\src\1.o
 .debug_macro   0x00000e08       0x20 obj\debug\src\1.o
 .debug_macro   0x00000e28      0x187 obj\debug\src\1.o
 .debug_macro   0x00000faf      0x330 obj\debug\src\1.o
 .debug_macro   0x000012df       0x22 obj\debug\src\1.o
 .debug_macro   0x00001301       0xfd obj\debug\src\1.o
 .debug_macro   0x000013fe       0x5e obj\debug\src\1.o
 .debug_macro   0x0000145c      0x1df obj\debug\src\1.o
 .debug_macro   0x0000163b       0x1c obj\debug\src\1.o
 .debug_macro   0x00001657       0x35 obj\debug\src\1.o
 .debug_macro   0x0000168c       0x10 obj\debug\src\1.o
 .debug_macro   0x0000169c       0x10 obj\debug\src\1.o
 .debug_macro   0x000016ac       0xb6 obj\debug\src\1.o
 .debug_macro   0x00001762       0x16 obj\debug\src\1.o
 .debug_macro   0x00001778      0x143 obj\debug\src\1.o
 .debug_macro   0x000018bb       0xde obj\debug\src\1.o
 .debug_macro   0x00001999       0x16 obj\debug\src\1.o
 .debug_macro   0x000019af       0x7e obj\debug\src\system_stm32f0xx.o

.debug_line     0x00000000      0x9a1
 .debug_line    0x00000000      0x68f obj\debug\src\1.o
 .debug_line    0x0000068f       0x99 obj\debug\src\startup_stm32f0xx.o
 .debug_line    0x00000728      0x279 obj\debug\src\system_stm32f0xx.o

.debug_str      0x00000000    0x277cf
 .debug_str     0x00000000     0x69a0 obj\debug\src\1.o
                               0x6bd0 (size before relaxing)
 .debug_str     0x000069a0    0x20e2f obj\debug\src\system_stm32f0xx.o
                              0x2320b (size before relaxing)

.debug_frame    0x00000000      0xbec
 .debug_frame   0x00000000      0x250 obj\debug\src\1.o
 .debug_frame   0x00000250       0x6c obj\debug\src\system_stm32f0xx.o
 .debug_frame   0x000002bc       0x20 c:/program files/embitz/1.00/share/em_armgcc/bin/../lib/gcc/arm-none-eabi/5.4.1/armv6-m\libgcc.a(_udivsi3.o)
 .debug_frame   0x000002dc       0x3c c:/program files/embitz/1.00/share/em_armgcc/bin/../lib/gcc/arm-none-eabi/5.4.1/armv6-m\libgcc.a(adddf3.o)
 .debug_frame   0x00000318       0x3c c:/program files/embitz/1.00/share/em_armgcc/bin/../lib/gcc/arm-none-eabi/5.4.1/armv6-m\libgcc.a(divdf3.o)
 .debug_frame   0x00000354       0x3c c:/program files/embitz/1.00/share/em_armgcc/bin/../lib/gcc/arm-none-eabi/5.4.1/armv6-m\libgcc.a(muldf3.o)
 .debug_frame   0x00000390       0x2c c:/program files/embitz/1.00/share/em_armgcc/bin/../lib/gcc/arm-none-eabi/5.4.1/armv6-m\libgcc.a(floatsidf.o)
 .debug_frame   0x000003bc       0x28 c:/program files/embitz/1.00/share/em_armgcc/bin/../lib/gcc/arm-none-eabi/5.4.1/../../../../arm-none-eabi/lib/armv6-m\libg_n.a(lib_a-exit.o)
 .debug_frame   0x000003e4       0x2c c:/program files/embitz/1.00/share/em_armgcc/bin/../lib/gcc/arm-none-eabi/5.4.1/../../../../arm-none-eabi/lib/armv6-m\libg_n.a(lib_a-init.o)
 .debug_frame   0x00000410       0x20 c:/program files/embitz/1.00/share/em_armgcc/bin/../lib/gcc/arm-none-eabi/5.4.1/../../../../arm-none-eabi/lib/armv6-m\libg_n.a(lib_a-memset.o)
 .debug_frame   0x00000430       0x50 c:/program files/embitz/1.00/share/em_armgcc/bin/../lib/gcc/arm-none-eabi/5.4.1/../../../../arm-none-eabi/lib/armv6-m\libg_n.a(lib_a-printf.o)
 .debug_frame   0x00000480      0x140 c:/program files/embitz/1.00/share/em_armgcc/bin/../lib/gcc/arm-none-eabi/5.4.1/../../../../arm-none-eabi/lib/armv6-m\libg_n.a(lib_a-findfp.o)
 .debug_frame   0x000005c0       0x58 c:/program files/embitz/1.00/share/em_armgcc/bin/../lib/gcc/arm-none-eabi/5.4.1/../../../../arm-none-eabi/lib/armv6-m\libg_n.a(lib_a-fwalk.o)
 .debug_frame   0x00000618       0x2c c:/program files/embitz/1.00/share/em_armgcc/bin/../lib/gcc/arm-none-eabi/5.4.1/../../../../arm-none-eabi/lib/armv6-m\libg_n.a(lib_a-nano-mallocr.o)
 .debug_frame   0x00000644       0x9c c:/program files/embitz/1.00/share/em_armgcc/bin/../lib/gcc/arm-none-eabi/5.4.1/../../../../arm-none-eabi/lib/armv6-m\libg_n.a(lib_a-nano-vfprintf.o)
 .debug_frame   0x000006e0       0x54 c:/program files/embitz/1.00/share/em_armgcc/bin/../lib/gcc/arm-none-eabi/5.4.1/../../../../arm-none-eabi/lib/armv6-m\libg_n.a(lib_a-nano-vfprintf_i.o)
 .debug_frame   0x00000734       0x2c c:/program files/embitz/1.00/share/em_armgcc/bin/../lib/gcc/arm-none-eabi/5.4.1/../../../../arm-none-eabi/lib/armv6-m\libg_n.a(lib_a-sbrkr.o)
 .debug_frame   0x00000760       0x90 c:/program files/embitz/1.00/share/em_armgcc/bin/../lib/gcc/arm-none-eabi/5.4.1/../../../../arm-none-eabi/lib/armv6-m\libg_n.a(lib_a-stdio.o)
 .debug_frame   0x000007f0       0x48 c:/program files/embitz/1.00/share/em_armgcc/bin/../lib/gcc/arm-none-eabi/5.4.1/../../../../arm-none-eabi/lib/armv6-m\libg_n.a(lib_a-wbuf.o)
 .debug_frame   0x00000838       0x2c c:/program files/embitz/1.00/share/em_armgcc/bin/../lib/gcc/arm-none-eabi/5.4.1/../../../../arm-none-eabi/lib/armv6-m\libg_n.a(lib_a-writer.o)
 .debug_frame   0x00000864       0x2c c:/program files/embitz/1.00/share/em_armgcc/bin/../lib/gcc/arm-none-eabi/5.4.1/../../../../arm-none-eabi/lib/armv6-m\libg_n.a(lib_a-wsetup.o)
 .debug_frame   0x00000890       0x2c c:/program files/embitz/1.00/share/em_armgcc/bin/../lib/gcc/arm-none-eabi/5.4.1/../../../../arm-none-eabi/lib/armv6-m\libg_n.a(lib_a-closer.o)
 .debug_frame   0x000008bc       0x68 c:/program files/embitz/1.00/share/em_armgcc/bin/../lib/gcc/arm-none-eabi/5.4.1/../../../../arm-none-eabi/lib/armv6-m\libg_n.a(lib_a-fflush.o)
 .debug_frame   0x00000924       0x2c c:/program files/embitz/1.00/share/em_armgcc/bin/../lib/gcc/arm-none-eabi/5.4.1/../../../../arm-none-eabi/lib/armv6-m\libg_n.a(lib_a-lseekr.o)
 .debug_frame   0x00000950       0x54 c:/program files/embitz/1.00/share/em_armgcc/bin/../lib/gcc/arm-none-eabi/5.4.1/../../../../arm-none-eabi/lib/armv6-m\libg_n.a(lib_a-makebuf.o)
 .debug_frame   0x000009a4       0x20 c:/program files/embitz/1.00/share/em_armgcc/bin/../lib/gcc/arm-none-eabi/5.4.1/../../../../arm-none-eabi/lib/armv6-m\libg_n.a(lib_a-memchr-stub.o)
 .debug_frame   0x000009c4       0x30 c:/program files/embitz/1.00/share/em_armgcc/bin/../lib/gcc/arm-none-eabi/5.4.1/../../../../arm-none-eabi/lib/armv6-m\libg_n.a(lib_a-mlock.o)
 .debug_frame   0x000009f4       0x2c c:/program files/embitz/1.00/share/em_armgcc/bin/../lib/gcc/arm-none-eabi/5.4.1/../../../../arm-none-eabi/lib/armv6-m\libg_n.a(lib_a-nano-freer.o)
 .debug_frame   0x00000a20       0x2c c:/program files/embitz/1.00/share/em_armgcc/bin/../lib/gcc/arm-none-eabi/5.4.1/../../../../arm-none-eabi/lib/armv6-m\libg_n.a(lib_a-readr.o)
 .debug_frame   0x00000a4c       0x48 c:/program files/embitz/1.00/share/em_armgcc/bin/../lib/gcc/arm-none-eabi/5.4.1/../../../../arm-none-eabi/lib/armv6-m\libg_n.a(lib_a-reent.o)
 .debug_frame   0x00000a94       0x2c c:/program files/embitz/1.00/share/em_armgcc/bin/../lib/gcc/arm-none-eabi/5.4.1/../../../../arm-none-eabi/lib/armv6-m\libg_n.a(lib_a-fstatr.o)
 .debug_frame   0x00000ac0       0x2c c:/program files/embitz/1.00/share/em_armgcc/bin/../lib/gcc/arm-none-eabi/5.4.1/../../../../arm-none-eabi/lib/armv6-m\libg_n.a(lib_a-isattyr.o)
 .debug_frame   0x00000aec       0x20 c:/program files/embitz/1.00/share/em_armgcc/bin/../lib/gcc/arm-none-eabi/5.4.1/../../../../arm-none-eabi/lib/armv6-m\libnosys_s.a(close.o)
 .debug_frame   0x00000b0c       0x20 c:/program files/embitz/1.00/share/em_armgcc/bin/../lib/gcc/arm-none-eabi/5.4.1/../../../../arm-none-eabi/lib/armv6-m\libnosys_s.a(fstat.o)
 .debug_frame   0x00000b2c       0x20 c:/program files/embitz/1.00/share/em_armgcc/bin/../lib/gcc/arm-none-eabi/5.4.1/../../../../arm-none-eabi/lib/armv6-m\libnosys_s.a(isatty.o)
 .debug_frame   0x00000b4c       0x20 c:/program files/embitz/1.00/share/em_armgcc/bin/../lib/gcc/arm-none-eabi/5.4.1/../../../../arm-none-eabi/lib/armv6-m\libnosys_s.a(lseek.o)
 .debug_frame   0x00000b6c       0x20 c:/program files/embitz/1.00/share/em_armgcc/bin/../lib/gcc/arm-none-eabi/5.4.1/../../../../arm-none-eabi/lib/armv6-m\libnosys_s.a(read.o)
 .debug_frame   0x00000b8c       0x20 c:/program files/embitz/1.00/share/em_armgcc/bin/../lib/gcc/arm-none-eabi/5.4.1/../../../../arm-none-eabi/lib/armv6-m\libnosys_s.a(sbrk.o)
 .debug_frame   0x00000bac       0x20 c:/program files/embitz/1.00/share/em_armgcc/bin/../lib/gcc/arm-none-eabi/5.4.1/../../../../arm-none-eabi/lib/armv6-m\libnosys_s.a(write.o)
 .debug_frame   0x00000bcc       0x20 c:/program files/embitz/1.00/share/em_armgcc/bin/../lib/gcc/arm-none-eabi/5.4.1/../../../../arm-none-eabi/lib/armv6-m\libnosys_s.a(_exit.o)

.stab           0x00000000       0x9c
 .stab          0x00000000       0x24 c:/program files/embitz/1.00/share/em_armgcc/bin/../lib/gcc/arm-none-eabi/5.4.1/../../../../arm-none-eabi/lib/armv6-m\libnosys_s.a(close.o)
 .stab          0x00000024       0x18 c:/program files/embitz/1.00/share/em_armgcc/bin/../lib/gcc/arm-none-eabi/5.4.1/../../../../arm-none-eabi/lib/armv6-m\libnosys_s.a(fstat.o)
                                 0x24 (size before relaxing)
 .stab          0x0000003c       0x18 c:/program files/embitz/1.00/share/em_armgcc/bin/../lib/gcc/arm-none-eabi/5.4.1/../../../../arm-none-eabi/lib/armv6-m\libnosys_s.a(isatty.o)
                                 0x24 (size before relaxing)
 .stab          0x00000054       0x18 c:/program files/embitz/1.00/share/em_armgcc/bin/../lib/gcc/arm-none-eabi/5.4.1/../../../../arm-none-eabi/lib/armv6-m\libnosys_s.a(lseek.o)
                                 0x24 (size before relaxing)
 .stab          0x0000006c       0x18 c:/program files/embitz/1.00/share/em_armgcc/bin/../lib/gcc/arm-none-eabi/5.4.1/../../../../arm-none-eabi/lib/armv6-m\libnosys_s.a(read.o)
                                 0x24 (size before relaxing)
 .stab          0x00000084       0x18 c:/program files/embitz/1.00/share/em_armgcc/bin/../lib/gcc/arm-none-eabi/5.4.1/../../../../arm-none-eabi/lib/armv6-m\libnosys_s.a(write.o)
                                 0x24 (size before relaxing)

.stabstr        0x00000000      0x14d
 .stabstr       0x00000000      0x14d c:/program files/embitz/1.00/share/em_armgcc/bin/../lib/gcc/arm-none-eabi/5.4.1/../../../../arm-none-eabi/lib/armv6-m\libnosys_s.a(close.o)
