Archive member included because of file (symbol)

c:/program files/embitz/0.42/share/em_armgcc/bin/../lib/gcc/arm-none-eabi/4.8.4/armv6-m\libgcc.a(_udivsi3.o)
                              obj\release\spl\src\stm32f0xx_rcc.o (__aeabi_uidiv)
c:/program files/embitz/0.42/share/em_armgcc/bin/../lib/gcc/arm-none-eabi/4.8.4/armv6-m\libgcc.a(_dvmd_tls.o)
                              c:/program files/embitz/0.42/share/em_armgcc/bin/../lib/gcc/arm-none-eabi/4.8.4/armv6-m\libgcc.a(_udivsi3.o) (__aeabi_idiv0)
c:/program files/embitz/0.42/share/em_armgcc/bin/../lib/gcc/arm-none-eabi/4.8.4/../../../../arm-none-eabi/lib/armv6-m\libg_n.a(lib_a-exit.o)
                              c:/program files/embitz/0.42/share/em_armgcc/bin/../lib/gcc/arm-none-eabi/4.8.4/../../../../arm-none-eabi/lib/armv6-m/crt0.o (exit)
c:/program files/embitz/0.42/share/em_armgcc/bin/../lib/gcc/arm-none-eabi/4.8.4/../../../../arm-none-eabi/lib/armv6-m\libg_n.a(lib_a-impure.o)
                              c:/program files/embitz/0.42/share/em_armgcc/bin/../lib/gcc/arm-none-eabi/4.8.4/../../../../arm-none-eabi/lib/armv6-m\libg_n.a(lib_a-exit.o) (_global_impure_ptr)
c:/program files/embitz/0.42/share/em_armgcc/bin/../lib/gcc/arm-none-eabi/4.8.4/../../../../arm-none-eabi/lib/armv6-m\libg_n.a(lib_a-init.o)
                              c:/program files/embitz/0.42/share/em_armgcc/bin/../lib/gcc/arm-none-eabi/4.8.4/../../../../arm-none-eabi/lib/armv6-m/crt0.o (__libc_init_array)
c:/program files/embitz/0.42/share/em_armgcc/bin/../lib/gcc/arm-none-eabi/4.8.4/../../../../arm-none-eabi/lib/armv6-m\libg_n.a(lib_a-memset.o)
                              c:/program files/embitz/0.42/share/em_armgcc/bin/../lib/gcc/arm-none-eabi/4.8.4/../../../../arm-none-eabi/lib/armv6-m/crt0.o (memset)
c:/program files/embitz/0.42/share/em_armgcc/bin/../lib/gcc/arm-none-eabi/4.8.4/../../../../arm-none-eabi/lib/armv6-m\libg_n.a(lib_a-printf.o)
                              obj\release\src\1.o (printf)
c:/program files/embitz/0.42/share/em_armgcc/bin/../lib/gcc/arm-none-eabi/4.8.4/../../../../arm-none-eabi/lib/armv6-m\libg_n.a(lib_a-vfprintf.o)
                              c:/program files/embitz/0.42/share/em_armgcc/bin/../lib/gcc/arm-none-eabi/4.8.4/../../../../arm-none-eabi/lib/armv6-m\libg_n.a(lib_a-printf.o) (_vfprintf_r)
c:/program files/embitz/0.42/share/em_armgcc/bin/../lib/gcc/arm-none-eabi/4.8.4/../../../../arm-none-eabi/lib/armv6-m\libg_n.a(lib_a-vfprintf_i.o)
                              c:/program files/embitz/0.42/share/em_armgcc/bin/../lib/gcc/arm-none-eabi/4.8.4/../../../../arm-none-eabi/lib/armv6-m\libg_n.a(lib_a-vfprintf.o) (_printf_i)
c:/program files/embitz/0.42/share/em_armgcc/bin/../lib/gcc/arm-none-eabi/4.8.4/../../../../arm-none-eabi/lib/armv6-m\libg_n.a(lib_a-wbuf.o)
                              c:/program files/embitz/0.42/share/em_armgcc/bin/../lib/gcc/arm-none-eabi/4.8.4/../../../../arm-none-eabi/lib/armv6-m\libg_n.a(lib_a-vfprintf.o) (__swbuf_r)
c:/program files/embitz/0.42/share/em_armgcc/bin/../lib/gcc/arm-none-eabi/4.8.4/../../../../arm-none-eabi/lib/armv6-m\libg_n.a(lib_a-wsetup.o)
                              c:/program files/embitz/0.42/share/em_armgcc/bin/../lib/gcc/arm-none-eabi/4.8.4/../../../../arm-none-eabi/lib/armv6-m\libg_n.a(lib_a-vfprintf.o) (__swsetup_r)
c:/program files/embitz/0.42/share/em_armgcc/bin/../lib/gcc/arm-none-eabi/4.8.4/../../../../arm-none-eabi/lib/armv6-m\libg_n.a(lib_a-fflush.o)
                              c:/program files/embitz/0.42/share/em_armgcc/bin/../lib/gcc/arm-none-eabi/4.8.4/../../../../arm-none-eabi/lib/armv6-m\libg_n.a(lib_a-wbuf.o) (_fflush_r)
c:/program files/embitz/0.42/share/em_armgcc/bin/../lib/gcc/arm-none-eabi/4.8.4/../../../../arm-none-eabi/lib/armv6-m\libg_n.a(lib_a-findfp.o)
                              c:/program files/embitz/0.42/share/em_armgcc/bin/../lib/gcc/arm-none-eabi/4.8.4/../../../../arm-none-eabi/lib/armv6-m\libg_n.a(lib_a-printf.o) (__sinit)
c:/program files/embitz/0.42/share/em_armgcc/bin/../lib/gcc/arm-none-eabi/4.8.4/../../../../arm-none-eabi/lib/armv6-m\libg_n.a(lib_a-fvwrite.o)
                              c:/program files/embitz/0.42/share/em_armgcc/bin/../lib/gcc/arm-none-eabi/4.8.4/../../../../arm-none-eabi/lib/armv6-m\libg_n.a(lib_a-vfprintf.o) (__sfvwrite_r)
c:/program files/embitz/0.42/share/em_armgcc/bin/../lib/gcc/arm-none-eabi/4.8.4/../../../../arm-none-eabi/lib/armv6-m\libg_n.a(lib_a-fwalk.o)
                              c:/program files/embitz/0.42/share/em_armgcc/bin/../lib/gcc/arm-none-eabi/4.8.4/../../../../arm-none-eabi/lib/armv6-m\libg_n.a(lib_a-findfp.o) (_fwalk)
c:/program files/embitz/0.42/share/em_armgcc/bin/../lib/gcc/arm-none-eabi/4.8.4/../../../../arm-none-eabi/lib/armv6-m\libg_n.a(lib_a-makebuf.o)
                              c:/program files/embitz/0.42/share/em_armgcc/bin/../lib/gcc/arm-none-eabi/4.8.4/../../../../arm-none-eabi/lib/armv6-m\libg_n.a(lib_a-wsetup.o) (__smakebuf_r)
[...]
Memory Configuration

Name             Origin             Length             Attributes
ROM              0x08000000         0x00008000         xr
RAM              0x20000000         0x00001000         xrw
*default*        0x00000000         0xffffffff

Linker script and memory map

LOAD c:/program files/embitz/0.42/share/em_armgcc/bin/../lib/gcc/arm-none-eabi/4.8.4/armv6-m/crti.o
LOAD c:/program files/embitz/0.42/share/em_armgcc/bin/../lib/gcc/arm-none-eabi/4.8.4/armv6-m/crtbegin.o
LOAD c:/program files/embitz/0.42/share/em_armgcc/bin/../lib/gcc/arm-none-eabi/4.8.4/../../../../arm-none-eabi/lib/armv6-m/crt0.o
                0x00000000                __HEAP_SIZE = 0x0
                0x00000100                __STACK_SIZE = 0x100

.text           0x08000000     0x1914
 *(.isr_vector)
 .isr_vector    0x08000000       0xc4 obj\release\src\startup_stm32f0xx.o
                0x08000000                __isr_vector
 *(.text*)
 .text          0x080000c4       0x60 c:/program files/embitz/0.42/share/em_armgcc/bin/../lib/gcc/arm-none-eabi/4.8.4/armv6-m/crtbegin.o
 .text          0x08000124       0x78 c:/program files/embitz/0.42/share/em_armgcc/bin/../lib/gcc/arm-none-eabi/4.8.4/../../../../arm-none-eabi/lib/armv6-m/crt0.o
                0x08000124                _start
                0x08000124                _mainCRTStartup
 .text.fft256_forw_16
                0x0800019c      0x13c obj\release\src\1.o
                0x0800019c                fft256_forw_16
 .text.sqrt32_shift
                0x080002d8       0x44 obj\release\src\1.o
                0x080002d8                sqrt32_shift
 .text.startup.main
                0x0800031c       0x74 obj\release\src\1.o
                0x0800031c                main
 .text          0x08000390       0xa0 obj\release\src\startup_stm32f0xx.o
                0x08000390                Reset_Handler
                0x080003da                NMI_Handler
                0x080003dc                HardFault_Handler
                0x080003de                SVC_Handler
                0x080003e0                PendSV_Handler
                0x080003e2                SysTick_Handler
                0x080003e4                Default_Handler
                0x080003e6                WWDG_IRQHandler
                0x080003e8                PVD_IRQHandler
                0x080003ea                RTC_IRQHandler
                0x080003ec                FLASH_IRQHandler
                0x080003ee                RCC_IRQHandler
                0x080003f0                EXTI0_1_IRQHandler
                0x080003f2                EXTI2_3_IRQHandler
                0x080003f4                EXTI4_15_IRQHandler
                0x080003f6                TS_IRQHandler
                0x080003f8                DMA1_Channel1_IRQHandler
                0x080003fa                DMA1_Channel2_3_IRQHandler
                0x080003fc                DMA1_Channel4_5_IRQHandler
                0x080003fe                ADC1_COMP_IRQHandler
                0x08000400                TIM1_BRK_UP_TRG_COM_IRQHandler
                0x08000402                TIM1_CC_IRQHandler
                0x08000404                TIM2_IRQHandler
                0x08000406                TIM3_IRQHandler
                0x08000408                TIM6_DAC_IRQHandler
                0x0800040a                TIM7_IRQHandler
                0x0800040c                TIM14_IRQHandler
                0x0800040e                TIM15_IRQHandler
                0x08000410                TIM16_IRQHandler
                0x08000412                TIM17_IRQHandler
                0x08000414                I2C1_IRQHandler
                0x08000416                I2C2_IRQHandler
                0x08000418                SPI1_IRQHandler
                0x0800041a                SPI2_IRQHandler
                0x0800041c                USART1_IRQHandler
                0x0800041e                USART2_IRQHandler
                0x08000420                USART3_4_IRQHandler
                0x08000422                CEC_IRQHandler
                0x08000424                USB_IRQHandler
                0x08000426                BootRAM
 .text.SystemInit
                0x08000430      0x110 obj\release\src\system_stm32f0xx.o
                0x08000430                SystemInit
 .text          0x08000540       0x9c c:/program files/embitz/0.42/share/em_armgcc/bin/../lib/gcc/arm-none-eabi/4.8.4/armv6-m\libgcc.a(_udivsi3.o)
                0x08000540                __aeabi_uidiv
                0x08000540                __udivsi3
                0x080005c8                __aeabi_uidivmod
 .text          0x080005dc        0x4 c:/program files/embitz/0.42/share/em_armgcc/bin/../lib/gcc/arm-none-eabi/4.8.4/armv6-m\libgcc.a(_dvmd_tls.o)
                0x080005dc                __aeabi_idiv0
                0x080005dc                __aeabi_ldiv0
 .text.exit     0x080005e0       0x2c c:/program files/embitz/0.42/share/em_armgcc/bin/../lib/gcc/arm-none-eabi/4.8.4/../../../../arm-none-eabi/lib/armv6-m\libg_n.a(lib_a-exit.o)
                0x080005e0                exit
 .text.__libc_init_array
                0x0800060c       0x4c c:/program files/embitz/0.42/share/em_armgcc/bin/../lib/gcc/arm-none-eabi/4.8.4/../../../../arm-none-eabi/lib/armv6-m\libg_n.a(lib_a-init.o)
                0x0800060c                __libc_init_array
 .text.memset   0x08000658       0x10 c:/program files/embitz/0.42/share/em_armgcc/bin/../lib/gcc/arm-none-eabi/4.8.4/../../../../arm-none-eabi/lib/armv6-m\libg_n.a(lib_a-memset.o)
                0x08000658                memset
 .text.printf   0x08000668       0x34 c:/program files/embitz/0.42/share/em_armgcc/bin/../lib/gcc/arm-none-eabi/4.8.4/../../../../arm-none-eabi/lib/armv6-m\libg_n.a(lib_a-printf.o)
                0x08000668                iprintf
                0x08000668                printf
 .text.__sfputc_r
                0x0800069c       0x2a c:/program files/embitz/0.42/share/em_armgcc/bin/../lib/gcc/arm-none-eabi/4.8.4/../../../../arm-none-eabi/lib/armv6-m\libg_n.a(lib_a-vfprintf.o)
 .text.__sfputs_r
                0x080006c6       0x24 c:/program files/embitz/0.42/share/em_armgcc/bin/../lib/gcc/arm-none-eabi/4.8.4/../../../../arm-none-eabi/lib/armv6-m\libg_n.a(lib_a-vfprintf.o)
                0x080006c6                __sfputs_r
 *fill*         0x080006ea        0x2 
 .text._vfprintf_r
                0x080006ec      0x210 c:/program files/embitz/0.42/share/em_armgcc/bin/../lib/gcc/arm-none-eabi/4.8.4/../../../../arm-none-eabi/lib/armv6-m\libg_n.a(lib_a-vfprintf.o)
                0x080006ec                _vfprintf_r
                0x080006ec                _vfiprintf_r
 .text._printf_common
                0x080008fc       0xe8 c:/program files/embitz/0.42/share/em_armgcc/bin/../lib/gcc/arm-none-eabi/4.8.4/../../../../arm-none-eabi/lib/armv6-m\libg_n.a(lib_a-vfprintf_i.o)
                0x080008fc                _printf_common
 .text._printf_i
                0x080009e4      0x22c c:/program files/embitz/0.42/share/em_armgcc/bin/../lib/gcc/arm-none-eabi/4.8.4/../../../../arm-none-eabi/lib/armv6-m\libg_n.a(lib_a-vfprintf_i.o)
                0x080009e4                _printf_i
 .text.__swbuf_r
                0x08000c10       0xb0 c:/program files/embitz/0.42/share/em_armgcc/bin/../lib/gcc/arm-none-eabi/4.8.4/../../../../arm-none-eabi/lib/armv6-m\libg_n.a(lib_a-wbuf.o)
                0x08000c10                __swbuf_r
 .text.__swsetup_r
                0x08000cc0       0xe4 c:/program files/embitz/0.42/share/em_armgcc/bin/../lib/gcc/arm-none-eabi/4.8.4/../../../../arm-none-eabi/lib/armv6-m\libg_n.a(lib_a-wsetup.o)
                0x08000cc0                __swsetup_r
 .text.__sflush_r
                0x08000da4      0x112 c:/program files/embitz/0.42/share/em_armgcc/bin/../lib/gcc/arm-none-eabi/4.8.4/../../../../arm-none-eabi/lib/armv6-m\libg_n.a(lib_a-fflush.o)
                0x08000da4                __sflush_r
 *fill*         0x08000eb6        0x2 
 .text._fflush_r
                0x08000eb8       0x58 c:/program files/embitz/0.42/share/em_armgcc/bin/../lib/gcc/arm-none-eabi/4.8.4/../../../../arm-none-eabi/lib/armv6-m\libg_n.a(lib_a-fflush.o)
                0x08000eb8                _fflush_r
 .text._cleanup_r
                0x08000f10       0x34 c:/program files/embitz/0.42/share/em_armgcc/bin/../lib/gcc/arm-none-eabi/4.8.4/../../../../arm-none-eabi/lib/armv6-m\libg_n.a(lib_a-findfp.o)
                0x08000f10                _cleanup_r
 .text.std.isra.0
                0x08000f44       0x48 c:/program files/embitz/0.42/share/em_armgcc/bin/../lib/gcc/arm-none-eabi/4.8.4/../../../../arm-none-eabi/lib/armv6-m\libg_n.a(lib_a-findfp.o)
 .text.__sfmoreglue
                0x08000f8c       0x2c c:/program files/embitz/0.42/share/em_armgcc/bin/../lib/gcc/arm-none-eabi/4.8.4/../../../../arm-none-eabi/lib/armv6-m\libg_n.a(lib_a-findfp.o)
                0x08000f8c                __sfmoreglue
 .text.__sinit  0x08000fb8       0x64 c:/program files/embitz/0.42/share/em_armgcc/bin/../lib/gcc/arm-none-eabi/4.8.4/../../../../arm-none-eabi/lib/armv6-m\libg_n.a(lib_a-findfp.o)
                0x08000fb8                __sinit
 .text.__sfp    0x0800101c       0x7c c:/program files/embitz/0.42/share/em_armgcc/bin/../lib/gcc/arm-none-eabi/4.8.4/../../../../arm-none-eabi/lib/armv6-m\libg_n.a(lib_a-findfp.o)
                0x0800101c                __sfp
 .text.__smakebuf_r
                0x08001098       0xa0 c:/program files/embitz/0.42/share/em_armgcc/bin/../lib/gcc/arm-none-eabi/4.8.4/../../../../arm-none-eabi/lib/armv6-m\libg_n.a(lib_a-makebuf.o)
                0x08001098                __smakebuf_r
 .text.memchr   0x08001138       0x16 c:/program files/embitz/0.42/share/em_armgcc/bin/../lib/gcc/arm-none-eabi/4.8.4/../../../../arm-none-eabi/lib/armv6-m\libg_n.a(lib_a-memchr-stub.o)
                0x08001138                memchr
 *fill*         0x0800114e        0x2 
 .text._free_r  0x08001150       0x90 c:/program files/embitz/0.42/share/em_armgcc/bin/../lib/gcc/arm-none-eabi/4.8.4/../../../../arm-none-eabi/lib/armv6-m\libg_n.a(lib_a-nano-freer.o)
                0x08001150                _free_r
 .text._malloc_r
                0x080011e0       0xa8 c:/program files/embitz/0.42/share/em_armgcc/bin/../lib/gcc/arm-none-eabi/4.8.4/../../../../arm-none-eabi/lib/armv6-m\libg_n.a(lib_a-nano-mallocr.o)
                0x080011e0                _malloc_r
 .text._sbrk_r  0x08001288       0x24 c:/program files/embitz/0.42/share/em_armgcc/bin/../lib/gcc/arm-none-eabi/4.8.4/../../../../arm-none-eabi/lib/armv6-m\libg_n.a(lib_a-sbrkr.o)
                0x08001288                _sbrk_r
 .text.__sread  0x080012ac       0x28 c:/program files/embitz/0.42/share/em_armgcc/bin/../lib/gcc/arm-none-eabi/4.8.4/../../../../arm-none-eabi/lib/armv6-m\libg_n.a(lib_a-stdio.o)
                0x080012ac                __sread
 .text.__swrite
                0x080012d4       0x38 c:/program files/embitz/0.42/share/em_armgcc/bin/../lib/gcc/arm-none-eabi/4.8.4/../../../../arm-none-eabi/lib/armv6-m\libg_n.a(lib_a-stdio.o)
                0x080012d4                __swrite
 .text.__sseek  0x0800130c       0x2c c:/program files/embitz/0.42/share/em_armgcc/bin/../lib/gcc/arm-none-eabi/4.8.4/../../../../arm-none-eabi/lib/armv6-m\libg_n.a(lib_a-stdio.o)
                0x0800130c                __sseek
 .text.__sclose
                0x08001338        0xc c:/program files/embitz/0.42/share/em_armgcc/bin/../lib/gcc/arm-none-eabi/4.8.4/../../../../arm-none-eabi/lib/armv6-m\libg_n.a(lib_a-stdio.o)
                0x08001338                __sclose
 .text.strlen   0x08001344        0xe c:/program files/embitz/0.42/share/em_armgcc/bin/../lib/gcc/arm-none-eabi/4.8.4/../../../../arm-none-eabi/lib/armv6-m\libg_n.a(lib_a-strlen.o)
                0x08001344                strlen
 *fill*         0x08001352        0x2 
 .text._write_r
                0x08001354       0x28 c:/program files/embitz/0.42/share/em_armgcc/bin/../lib/gcc/arm-none-eabi/4.8.4/../../../../arm-none-eabi/lib/armv6-m\libg_n.a(lib_a-writer.o)
                0x08001354                _write_r
 .text._close_r
                0x0800137c       0x24 c:/program files/embitz/0.42/share/em_armgcc/bin/../lib/gcc/arm-none-eabi/4.8.4/../../../../arm-none-eabi/lib/armv6-m\libg_n.a(lib_a-closer.o)
                0x0800137c                _close_r
 .text._fstat_r
                0x080013a0       0x24 c:/program files/embitz/0.42/share/em_armgcc/bin/../lib/gcc/arm-none-eabi/4.8.4/../../../../arm-none-eabi/lib/armv6-m\libg_n.a(lib_a-fstatr.o)
                0x080013a0                _fstat_r
 .text._isatty_r
                0x080013c4       0x24 c:/program files/embitz/0.42/share/em_armgcc/bin/../lib/gcc/arm-none-eabi/4.8.4/../../../../arm-none-eabi/lib/armv6-m\libg_n.a(lib_a-isattyr.o)
                0x080013c4                _isatty_r
 .text._lseek_r
                0x080013e8       0x28 c:/program files/embitz/0.42/share/em_armgcc/bin/../lib/gcc/arm-none-eabi/4.8.4/../../../../arm-none-eabi/lib/armv6-m\libg_n.a(lib_a-lseekr.o)
                0x080013e8                _lseek_r
 .text._read_r  0x08001410       0x28 c:/program files/embitz/0.42/share/em_armgcc/bin/../lib/gcc/arm-none-eabi/4.8.4/../../../../arm-none-eabi/lib/armv6-m\libg_n.a(lib_a-readr.o)
                0x08001410                _read_r
 .text          0x08001438       0x10 c:/program files/embitz/0.42/share/em_armgcc/bin/../lib/gcc/arm-none-eabi/4.8.4/../../../../arm-none-eabi/lib/armv6-m\libnosys_s.a(close.o)
                0x08001438                _close
 .text          0x08001448       0x10 c:/program files/embitz/0.42/share/em_armgcc/bin/../lib/gcc/arm-none-eabi/4.8.4/../../../../arm-none-eabi/lib/armv6-m\libnosys_s.a(fstat.o)
                0x08001448                _fstat
 .text          0x08001458       0x10 c:/program files/embitz/0.42/share/em_armgcc/bin/../lib/gcc/arm-none-eabi/4.8.4/../../../../arm-none-eabi/lib/armv6-m\libnosys_s.a(isatty.o)
                0x08001458                _isatty
 .text          0x08001468       0x10 c:/program files/embitz/0.42/share/em_armgcc/bin/../lib/gcc/arm-none-eabi/4.8.4/../../../../arm-none-eabi/lib/armv6-m\libnosys_s.a(lseek.o)
                0x08001468                _lseek
 .text          0x08001478       0x10 c:/program files/embitz/0.42/share/em_armgcc/bin/../lib/gcc/arm-none-eabi/4.8.4/../../../../arm-none-eabi/lib/armv6-m\libnosys_s.a(read.o)
                0x08001478                _read
 .text          0x08001488       0x34 c:/program files/embitz/0.42/share/em_armgcc/bin/../lib/gcc/arm-none-eabi/4.8.4/../../../../arm-none-eabi/lib/armv6-m\libnosys_s.a(sbrk.o)
                0x08001488                _sbrk
 .text          0x080014bc       0x10 c:/program files/embitz/0.42/share/em_armgcc/bin/../lib/gcc/arm-none-eabi/4.8.4/../../../../arm-none-eabi/lib/armv6-m\libnosys_s.a(write.o)
                0x080014bc                _write
 .text          0x080014cc        0x2 c:/program files/embitz/0.42/share/em_armgcc/bin/../lib/gcc/arm-none-eabi/4.8.4/../../../../arm-none-eabi/lib/armv6-m\libnosys_s.a(_exit.o)
                0x080014cc                _exit
 *(.init)
 *fill*         0x080014ce        0x2 
 .init          0x080014d0        0x4 c:/program files/embitz/0.42/share/em_armgcc/bin/../lib/gcc/arm-none-eabi/4.8.4/armv6-m/crti.o
                0x080014d0                _init
 .init          0x080014d4        0x8 c:/program files/embitz/0.42/share/em_armgcc/bin/../lib/gcc/arm-none-eabi/4.8.4/armv6-m/crtn.o
 *(.fini)
 .fini          0x080014dc        0x4 c:/program files/embitz/0.42/share/em_armgcc/bin/../lib/gcc/arm-none-eabi/4.8.4/armv6-m/crti.o
                0x080014dc                _fini
 .fini          0x080014e0        0x8 c:/program files/embitz/0.42/share/em_armgcc/bin/../lib/gcc/arm-none-eabi/4.8.4/armv6-m/crtn.o
 *crtbegin.o(.ctors)
 *crtbegin?.o(.ctors)
 *(EXCLUDE_FILE(*crtend.o *crtend?.o) .ctors)
 *(SORT(.ctors.*))
 *(.ctors)
 *crtbegin.o(.dtors)
 *crtbegin?.o(.dtors)
 *(EXCLUDE_FILE(*crtend.o *crtend?.o) .dtors)
 *(SORT(.dtors.*))
 *(.dtors)
 *(.rodata*)
 .rodata.fft_256_sine_16
                0x080014e8      0x180 obj\release\src\1.o
                0x080014e8                fft_256_sine_16
 .rodata.str1.4
                0x08001668        0xc obj\release\src\1.o
 .rodata.fft256_16_win_blackman
                0x08001674      0x200 obj\release\src\1.o
                0x08001674                fft256_16_win_blackman
 .rodata.str1.1
                0x08001874        0x2 c:/program files/embitz/0.42/share/em_armgcc/bin/../lib/gcc/arm-none-eabi/4.8.4/../../../../arm-none-eabi/lib/armv6-m\libg_n.a(lib_a-impure.o)
 *fill*         0x08001876        0x2 
 .rodata._global_impure_ptr
                0x08001878        0x4 c:/program files/embitz/0.42/share/em_armgcc/bin/../lib/gcc/arm-none-eabi/4.8.4/../../../../arm-none-eabi/lib/armv6-m\libg_n.a(lib_a-impure.o)
                0x08001878                _global_impure_ptr
 .rodata.str1.1
                0x0800187c       0x11 c:/program files/embitz/0.42/share/em_armgcc/bin/../lib/gcc/arm-none-eabi/4.8.4/../../../../arm-none-eabi/lib/armv6-m\libg_n.a(lib_a-vfprintf.o)
 .rodata.str1.1
                0x0800188d       0x22 c:/program files/embitz/0.42/share/em_armgcc/bin/../lib/gcc/arm-none-eabi/4.8.4/../../../../arm-none-eabi/lib/armv6-m\libg_n.a(lib_a-vfprintf_i.o)
 *fill*         0x080018af        0x1 
 .rodata.__sf_fake_stdin
                0x080018b0       0x20 c:/program files/embitz/0.42/share/em_armgcc/bin/../lib/gcc/arm-none-eabi/4.8.4/../../../../arm-none-eabi/lib/armv6-m\libg_n.a(lib_a-findfp.o)
                0x080018b0                __sf_fake_stdin
 .rodata.__sf_fake_stdout
                0x080018d0       0x20 c:/program files/embitz/0.42/share/em_armgcc/bin/../lib/gcc/arm-none-eabi/4.8.4/../../../../arm-none-eabi/lib/armv6-m\libg_n.a(lib_a-findfp.o)
                0x080018d0                __sf_fake_stdout
 .rodata.__sf_fake_stderr
                0x080018f0       0x20 c:/program files/embitz/0.42/share/em_armgcc/bin/../lib/gcc/arm-none-eabi/4.8.4/../../../../arm-none-eabi/lib/armv6-m\libg_n.a(lib_a-findfp.o)
                0x080018f0                __sf_fake_stderr
 *(.eh_frame*)
 .eh_frame      0x08001910        0x0 c:/program files/embitz/0.42/share/em_armgcc/bin/../lib/gcc/arm-none-eabi/4.8.4/armv6-m/crtbegin.o
 .eh_frame      0x08001910        0x4 c:/program files/embitz/0.42/share/em_armgcc/bin/../lib/gcc/arm-none-eabi/4.8.4/armv6-m/crtend.o

.glue_7         0x08001914        0x0
 .glue_7        0x00000000        0x0 linker stubs

.glue_7t        0x08001914        0x0
 .glue_7t       0x00000000        0x0 linker stubs

.vfp11_veneer   0x08001914        0x0
 .vfp11_veneer  0x00000000        0x0 linker stubs

.v4_bx          0x08001914        0x0
 .v4_bx         0x00000000        0x0 linker stubs

.iplt           0x08001914        0x0
 .iplt          0x00000000        0x0 c:/program files/embitz/0.42/share/em_armgcc/bin/../lib/gcc/arm-none-eabi/4.8.4/armv6-m/crtbegin.o

.ARM.extab
 *(.ARM.extab* .gnu.linkonce.armextab.*)
                0x08001914                __exidx_start = .

.ARM.exidx      0x08001914        0x8
 *(.ARM.exidx* .gnu.linkonce.armexidx.*)
 .ARM.exidx     0x08001914        0x8 c:/program files/embitz/0.42/share/em_armgcc/bin/../lib/gcc/arm-none-eabi/4.8.4/../../../../arm-none-eabi/lib/armv6-m/crt0.o
                0x0800191c                __exidx_end = .
                0x0800191c                __etext = .

.rel.dyn        0x0800191c        0x0
 .rel.iplt      0x00000000        0x0 c:/program files/embitz/0.42/share/em_armgcc/bin/../lib/gcc/arm-none-eabi/4.8.4/armv6-m/crtbegin.o

.data           0x20000000       0x6c load address 0x0800191c
                0x20000000                __data_start__ = .
 *(vtable)
 *(.data*)
 .data.impure_data
                0x20000000       0x60 c:/program files/embitz/0.42/share/em_armgcc/bin/../lib/gcc/arm-none-eabi/4.8.4/../../../../arm-none-eabi/lib/armv6-m\libg_n.a(lib_a-impure.o)
 .data._impure_ptr
                0x20000060        0x4 c:/program files/embitz/0.42/share/em_armgcc/bin/../lib/gcc/arm-none-eabi/4.8.4/../../../../arm-none-eabi/lib/armv6-m\libg_n.a(lib_a-impure.o)
                0x20000060                _impure_ptr
                0x20000064                . = ALIGN (0x4)
                0x20000064                PROVIDE (__preinit_array_start, .)
 *(.preinit_array)
                0x20000064                PROVIDE (__preinit_array_end, .)
                0x20000064                . = ALIGN (0x4)
                0x20000064                PROVIDE (__init_array_start, .)
 *(SORT(.init_array.*))
 *(.init_array)
 .init_array    0x20000064        0x4 c:/program files/embitz/0.42/share/em_armgcc/bin/../lib/gcc/arm-none-eabi/4.8.4/armv6-m/crtbegin.o
                0x20000068                PROVIDE (__init_array_end, .)
                0x20000068                . = ALIGN (0x4)
                0x20000068                PROVIDE (__fini_array_start, .)
 *(SORT(.fini_array.*))
 *(.fini_array)
 .fini_array    0x20000068        0x4 c:/program files/embitz/0.42/share/em_armgcc/bin/../lib/gcc/arm-none-eabi/4.8.4/armv6-m/crtbegin.o
                0x2000006c                PROVIDE (__fini_array_end, .)
                0x2000006c                . = ALIGN (0x4)
                0x2000006c                __data_end__ = .

.jcr            0x2000006c        0x0 load address 0x08001988
 .jcr           0x2000006c        0x0 c:/program files/embitz/0.42/share/em_armgcc/bin/../lib/gcc/arm-none-eabi/4.8.4/armv6-m/crtbegin.o

.igot.plt       0x2000006c        0x0 load address 0x08001988
 .igot.plt      0x00000000        0x0 c:/program files/embitz/0.42/share/em_armgcc/bin/../lib/gcc/arm-none-eabi/4.8.4/armv6-m/crtbegin.o

.bss            0x2000006c      0x638 load address 0x08001988
                0x2000006c                __bss_start__ = .
 *(.bss*)
 .bss           0x2000006c       0x1c c:/program files/embitz/0.42/share/em_armgcc/bin/../lib/gcc/arm-none-eabi/4.8.4/armv6-m/crtbegin.o
 .bss.__malloc_sbrk_start
                0x20000088        0x4 c:/program files/embitz/0.42/share/em_armgcc/bin/../lib/gcc/arm-none-eabi/4.8.4/../../../../arm-none-eabi/lib/armv6-m\libg_n.a(lib_a-nano-mallocr.o)
                0x20000088                __malloc_sbrk_start
 .bss.__malloc_free_list
                0x2000008c        0x4 c:/program files/embitz/0.42/share/em_armgcc/bin/../lib/gcc/arm-none-eabi/4.8.4/../../../../arm-none-eabi/lib/armv6-m\libg_n.a(lib_a-nano-mallocr.o)
                0x2000008c                __malloc_free_list
 .bss           0x20000090        0x4 c:/program files/embitz/0.42/share/em_armgcc/bin/../lib/gcc/arm-none-eabi/4.8.4/../../../../arm-none-eabi/lib/armv6-m\libnosys_s.a(sbrk.o)
 *(COMMON)
 COMMON         0x20000094      0x60c obj\release\src\1.o
                0x20000094                filt16_dcb
                0x2000009c                filt8_dcb
                0x200000a0                samples16
                0x200004a0                samples
 COMMON         0x200006a0        0x4 c:/program files/embitz/0.42/share/em_armgcc/bin/../lib/gcc/arm-none-eabi/4.8.4/../../../../arm-none-eabi/lib/armv6-m\libg_n.a(lib_a-reent.o)
                0x200006a0                errno
                0x200006a4                __bss_end__ = .

.heap           0x200006a8        0x0
                0x200006a8                __end__ = .
                0x200006a8                end = __end__
 *(.heap*)
 .heap          0x200006a8        0x0 obj\release\src\startup_stm32f0xx.o
                0x200006a8                __HeapLimit = .

.stack_dummy    0x200006a8      0x100
 *(.stack)
 .stack         0x200006a8      0x100 obj\release\src\startup_stm32f0xx.o
                0x20001000                __StackTop = (ORIGIN (RAM) + 0x1000)
                0x20000f00                __StackLimit = (__StackTop - SIZEOF (.stack_dummy))
                0x20001000                PROVIDE (__stack, __StackTop)
                0x00000001                ASSERT ((__StackLimit >= __HeapLimit), region RAM overflowed with stack)
LOAD obj\release\spl\src\stm32f0xx_adc.o
LOAD obj\release\spl\src\stm32f0xx_can.o
LOAD obj\release\spl\src\stm32f0xx_cec.o
LOAD obj\release\spl\src\stm32f0xx_comp.o
LOAD obj\release\spl\src\stm32f0xx_crc.o
LOAD obj\release\spl\src\stm32f0xx_crs.o
LOAD obj\release\spl\src\stm32f0xx_dac.o
LOAD obj\release\spl\src\stm32f0xx_dbgmcu.o
LOAD obj\release\spl\src\stm32f0xx_dma.o
LOAD obj\release\spl\src\stm32f0xx_exti.o
LOAD obj\release\spl\src\stm32f0xx_flash.o
LOAD obj\release\spl\src\stm32f0xx_gpio.o
LOAD obj\release\spl\src\stm32f0xx_i2c.o
LOAD obj\release\spl\src\stm32f0xx_iwdg.o
LOAD obj\release\spl\src\stm32f0xx_misc.o
LOAD obj\release\spl\src\stm32f0xx_pwr.o
LOAD obj\release\spl\src\stm32f0xx_rcc.o
LOAD obj\release\spl\src\stm32f0xx_rtc.o
LOAD obj\release\spl\src\stm32f0xx_spi.o
LOAD obj\release\spl\src\stm32f0xx_syscfg.o
LOAD obj\release\spl\src\stm32f0xx_tim.o
LOAD obj\release\spl\src\stm32f0xx_usart.o
LOAD obj\release\spl\src\stm32f0xx_wwdg.o
LOAD obj\release\src\1.o
LOAD obj\release\src\startup_stm32f0xx.o
LOAD obj\release\src\system_stm32f0xx.o
START GROUP
LOAD c:/program files/embitz/0.42/share/em_armgcc/bin/../lib/gcc/arm-none-eabi/4.8.4/armv6-m\libgcc.a
LOAD c:/program files/embitz/0.42/share/em_armgcc/bin/../lib/gcc/arm-none-eabi/4.8.4/../../../../arm-none-eabi/lib/armv6-m\libg_n.a
LOAD c:/program files/embitz/0.42/share/em_armgcc/bin/../lib/gcc/arm-none-eabi/4.8.4/../../../../arm-none-eabi/lib/armv6-m\libc_n.a
END GROUP
START GROUP
LOAD c:/program files/embitz/0.42/share/em_armgcc/bin/../lib/gcc/arm-none-eabi/4.8.4/armv6-m\libgcc.a
LOAD c:/program files/embitz/0.42/share/em_armgcc/bin/../lib/gcc/arm-none-eabi/4.8.4/../../../../arm-none-eabi/lib/armv6-m\libc_n.a
LOAD c:/program files/embitz/0.42/share/em_armgcc/bin/../lib/gcc/arm-none-eabi/4.8.4/../../../../arm-none-eabi/lib/armv6-m\libnosys_s.a
END GROUP
LOAD c:/program files/embitz/0.42/share/em_armgcc/bin/../lib/gcc/arm-none-eabi/4.8.4/armv6-m/crtend.o
LOAD c:/program files/embitz/0.42/share/em_armgcc/bin/../lib/gcc/arm-none-eabi/4.8.4/armv6-m/crtn.o
OUTPUT(bin\Release\STM32start.elf elf32-littlearm)

.ARM.attributes
                0x00000000       0x28
 .ARM.attributes
                0x00000000       0x1e c:/program files/embitz/0.42/share/em_armgcc/bin/../lib/gcc/arm-none-eabi/4.8.4/armv6-m/crti.o
 .ARM.attributes
                0x0000001e       0x2c c:/program files/embitz/0.42/share/em_armgcc/bin/../lib/gcc/arm-none-eabi/4.8.4/armv6-m/crtbegin.o
 .ARM.attributes
                0x0000004a       0x1b c:/program files/embitz/0.42/share/em_armgcc/bin/../lib/gcc/arm-none-eabi/4.8.4/../../../../arm-none-eabi/lib/armv6-m/crt0.o
 .ARM.attributes
                0x00000065       0x31 obj\release\src\1.o
 .ARM.attributes
                0x00000096       0x1b obj\release\src\startup_stm32f0xx.o
 .ARM.attributes
                0x000000b1       0x31 obj\release\src\system_stm32f0xx.o
 .ARM.attributes
                0x000000e2       0x1e c:/program files/embitz/0.42/share/em_armgcc/bin/../lib/gcc/arm-none-eabi/4.8.4/armv6-m\libgcc.a(_udivsi3.o)
 .ARM.attributes
                0x00000100       0x1e c:/program files/embitz/0.42/share/em_armgcc/bin/../lib/gcc/arm-none-eabi/4.8.4/armv6-m\libgcc.a(_dvmd_tls.o)
 .ARM.attributes
                0x0000011e       0x2c c:/program files/embitz/0.42/share/em_armgcc/bin/../lib/gcc/arm-none-eabi/4.8.4/../../../../arm-none-eabi/lib/armv6-m\libg_n.a(lib_a-exit.o)
 .ARM.attributes
                0x0000014a       0x2c c:/program files/embitz/0.42/share/em_armgcc/bin/../lib/gcc/arm-none-eabi/4.8.4/../../../../arm-none-eabi/lib/armv6-m\libg_n.a(lib_a-impure.o)
 .ARM.attributes
                0x00000176       0x2c c:/program files/embitz/0.42/share/em_armgcc/bin/../lib/gcc/arm-none-eabi/4.8.4/../../../../arm-none-eabi/lib/armv6-m\libg_n.a(lib_a-init.o)
 .ARM.attributes
                0x000001a2       0x2c c:/program files/embitz/0.42/share/em_armgcc/bin/../lib/gcc/arm-none-eabi/4.8.4/../../../../arm-none-eabi/lib/armv6-m\libg_n.a(lib_a-memset.o)
 .ARM.attributes
                0x000001ce       0x2c c:/program files/embitz/0.42/share/em_armgcc/bin/../lib/gcc/arm-none-eabi/4.8.4/../../../../arm-none-eabi/lib/armv6-m\libg_n.a(lib_a-printf.o)
 .ARM.attributes
                0x000001fa       0x2c c:/program files/embitz/0.42/share/em_armgcc/bin/../lib/gcc/arm-none-eabi/4.8.4/../../../../arm-none-eabi/lib/armv6-m\libg_n.a(lib_a-vfprintf.o)
 .ARM.attributes
                0x00000226       0x2c c:/program files/embitz/0.42/share/em_armgcc/bin/../lib/gcc/arm-none-eabi/4.8.4/../../../../arm-none-eabi/lib/armv6-m\libg_n.a(lib_a-vfprintf_i.o)
 .ARM.attributes
                0x00000252       0x2c c:/program files/embitz/0.42/share/em_armgcc/bin/../lib/gcc/arm-none-eabi/4.8.4/../../../../arm-none-eabi/lib/armv6-m\libg_n.a(lib_a-wbuf.o)
 .ARM.attributes
                0x0000027e       0x2c c:/program files/embitz/0.42/share/em_armgcc/bin/../lib/gcc/arm-none-eabi/4.8.4/../../../../arm-none-eabi/lib/armv6-m\libg_n.a(lib_a-wsetup.o)
 .ARM.attributes
                0x000002aa       0x2c c:/program files/embitz/0.42/share/em_armgcc/bin/../lib/gcc/arm-none-eabi/4.8.4/../../../../arm-none-eabi/lib/armv6-m\libg_n.a(lib_a-fflush.o)
 .ARM.attributes
                0x000002d6       0x2c c:/program files/embitz/0.42/share/em_armgcc/bin/../lib/gcc/arm-none-eabi/4.8.4/../../../../arm-none-eabi/lib/armv6-m\libg_n.a(lib_a-findfp.o)
 .ARM.attributes
                0x00000302       0x2c c:/program files/embitz/0.42/share/em_armgcc/bin/../lib/gcc/arm-none-eabi/4.8.4/../../../../arm-none-eabi/lib/armv6-m\libg_n.a(lib_a-makebuf.o)
 .ARM.attributes
                0x0000032e       0x2c c:/program files/embitz/0.42/share/em_armgcc/bin/../lib/gcc/arm-none-eabi/4.8.4/../../../../arm-none-eabi/lib/armv6-m\libg_n.a(lib_a-memchr-stub.o)
 .ARM.attributes
                0x0000035a       0x2c c:/program files/embitz/0.42/share/em_armgcc/bin/../lib/gcc/arm-none-eabi/4.8.4/../../../../arm-none-eabi/lib/armv6-m\libg_n.a(lib_a-nano-freer.o)
 .ARM.attributes
                0x00000386       0x2c c:/program files/embitz/0.42/share/em_armgcc/bin/../lib/gcc/arm-none-eabi/4.8.4/../../../../arm-none-eabi/lib/armv6-m\libg_n.a(lib_a-nano-mallocr.o)
 .ARM.attributes
                0x000003b2       0x2c c:/program files/embitz/0.42/share/em_armgcc/bin/../lib/gcc/arm-none-eabi/4.8.4/../../../../arm-none-eabi/lib/armv6-m\libg_n.a(lib_a-sbrkr.o)
 .ARM.attributes
                0x000003de       0x2c c:/program files/embitz/0.42/share/em_armgcc/bin/../lib/gcc/arm-none-eabi/4.8.4/../../../../arm-none-eabi/lib/armv6-m\libg_n.a(lib_a-stdio.o)
 .ARM.attributes
                0x0000040a       0x2c c:/program files/embitz/0.42/share/em_armgcc/bin/../lib/gcc/arm-none-eabi/4.8.4/../../../../arm-none-eabi/lib/armv6-m\libg_n.a(lib_a-strlen.o)
 .ARM.attributes
                0x00000436       0x2c c:/program files/embitz/0.42/share/em_armgcc/bin/../lib/gcc/arm-none-eabi/4.8.4/../../../../arm-none-eabi/lib/armv6-m\libg_n.a(lib_a-writer.o)
 .ARM.attributes
                0x00000462       0x2c c:/program files/embitz/0.42/share/em_armgcc/bin/../lib/gcc/arm-none-eabi/4.8.4/../../../../arm-none-eabi/lib/armv6-m\libg_n.a(lib_a-closer.o)
 .ARM.attributes
                0x0000048e       0x2c c:/program files/embitz/0.42/share/em_armgcc/bin/../lib/gcc/arm-none-eabi/4.8.4/../../../../arm-none-eabi/lib/armv6-m\libg_n.a(lib_a-fstatr.o)
 .ARM.attributes
                0x000004ba       0x2c c:/program files/embitz/0.42/share/em_armgcc/bin/../lib/gcc/arm-none-eabi/4.8.4/../../../../arm-none-eabi/lib/armv6-m\libg_n.a(lib_a-isattyr.o)
 .ARM.attributes
                0x000004e6       0x2c c:/program files/embitz/0.42/share/em_armgcc/bin/../lib/gcc/arm-none-eabi/4.8.4/../../../../arm-none-eabi/lib/armv6-m\libg_n.a(lib_a-lseekr.o)
 .ARM.attributes
                0x00000512       0x2c c:/program files/embitz/0.42/share/em_armgcc/bin/../lib/gcc/arm-none-eabi/4.8.4/../../../../arm-none-eabi/lib/armv6-m\libg_n.a(lib_a-readr.o)
 .ARM.attributes
                0x0000053e       0x2c c:/program files/embitz/0.42/share/em_armgcc/bin/../lib/gcc/arm-none-eabi/4.8.4/../../../../arm-none-eabi/lib/armv6-m\libg_n.a(lib_a-reent.o)
 .ARM.attributes
                0x0000056a       0x2c c:/program files/embitz/0.42/share/em_armgcc/bin/../lib/gcc/arm-none-eabi/4.8.4/../../../../arm-none-eabi/lib/armv6-m\libnosys_s.a(close.o)
 .ARM.attributes
                0x00000596       0x2c c:/program files/embitz/0.42/share/em_armgcc/bin/../lib/gcc/arm-none-eabi/4.8.4/../../../../arm-none-eabi/lib/armv6-m\libnosys_s.a(fstat.o)
 .ARM.attributes
                0x000005c2       0x2c c:/program files/embitz/0.42/share/em_armgcc/bin/../lib/gcc/arm-none-eabi/4.8.4/../../../../arm-none-eabi/lib/armv6-m\libnosys_s.a(isatty.o)
 .ARM.attributes
                0x000005ee       0x2c c:/program files/embitz/0.42/share/em_armgcc/bin/../lib/gcc/arm-none-eabi/4.8.4/../../../../arm-none-eabi/lib/armv6-m\libnosys_s.a(lseek.o)
 .ARM.attributes
                0x0000061a       0x2c c:/program files/embitz/0.42/share/em_armgcc/bin/../lib/gcc/arm-none-eabi/4.8.4/../../../../arm-none-eabi/lib/armv6-m\libnosys_s.a(read.o)
 .ARM.attributes
                0x00000646       0x2c c:/program files/embitz/0.42/share/em_armgcc/bin/../lib/gcc/arm-none-eabi/4.8.4/../../../../arm-none-eabi/lib/armv6-m\libnosys_s.a(sbrk.o)
 .ARM.attributes
                0x00000672       0x2c c:/program files/embitz/0.42/share/em_armgcc/bin/../lib/gcc/arm-none-eabi/4.8.4/../../../../arm-none-eabi/lib/armv6-m\libnosys_s.a(write.o)
 .ARM.attributes
                0x0000069e       0x2c c:/program files/embitz/0.42/share/em_armgcc/bin/../lib/gcc/arm-none-eabi/4.8.4/../../../../arm-none-eabi/lib/armv6-m\libnosys_s.a(_exit.o)
 .ARM.attributes
                0x000006ca       0x2c c:/program files/embitz/0.42/share/em_armgcc/bin/../lib/gcc/arm-none-eabi/4.8.4/armv6-m/crtend.o
 .ARM.attributes
                0x000006f6       0x1e c:/program files/embitz/0.42/share/em_armgcc/bin/../lib/gcc/arm-none-eabi/4.8.4/armv6-m/crtn.o

.comment        0x00000000       0x46
 .comment       0x00000000       0x46 obj\release\src\1.o
                                 0x47 (size before relaxing)
 .comment       0x00000000       0x47 obj\release\src\system_stm32f0xx.o

.debug_info     0x00000000     0x1107
 .debug_info    0x00000000      0xd9e obj\release\src\1.o
 .debug_info    0x00000d9e       0x56 obj\release\src\startup_stm32f0xx.o
 .debug_info    0x00000df4      0x313 obj\release\src\system_stm32f0xx.o

.debug_abbrev   0x00000000      0x535
 .debug_abbrev  0x00000000      0x3d3 obj\release\src\1.o
 .debug_abbrev  0x000003d3       0x14 obj\release\src\startup_stm32f0xx.o
 .debug_abbrev  0x000003e7      0x14e obj\release\src\system_stm32f0xx.o

.debug_loc      0x00000000     0x126e
 .debug_loc     0x00000000     0x1160 obj\release\src\1.o
 .debug_loc     0x00001160      0x10e obj\release\src\system_stm32f0xx.o

.debug_aranges  0x00000000       0xe8
 .debug_aranges
                0x00000000       0xa0 obj\release\src\1.o
 .debug_aranges
                0x000000a0       0x20 obj\release\src\startup_stm32f0xx.o
 .debug_aranges
                0x000000c0       0x28 obj\release\src\system_stm32f0xx.o

.debug_ranges   0x00000000      0x2c8
 .debug_ranges  0x00000000      0x290 obj\release\src\1.o
 .debug_ranges  0x00000290       0x38 obj\release\src\system_stm32f0xx.o

.debug_line     0x00000000      0x690
 .debug_line    0x00000000      0x47f obj\release\src\1.o
 .debug_line    0x0000047f       0x99 obj\release\src\startup_stm32f0xx.o
 .debug_line    0x00000518      0x178 obj\release\src\system_stm32f0xx.o

.debug_str      0x00000000      0x4da
 .debug_str     0x00000000      0x3c2 obj\release\src\1.o
                                0x439 (size before relaxing)
 .debug_str     0x000003c2      0x118 obj\release\src\system_stm32f0xx.o
                                0x290 (size before relaxing)

.debug_frame    0x00000000      0x9b8
 .debug_frame   0x00000000      0x1b0 obj\release\src\1.o
 .debug_frame   0x000001b0       0x3c obj\release\src\system_stm32f0xx.o
 .debug_frame   0x000001ec       0x20 c:/program files/embitz/0.42/share/em_armgcc/bin/../lib/gcc/arm-none-eabi/4.8.4/armv6-m\libgcc.a(_udivsi3.o)
 .debug_frame   0x0000020c       0x28 c:/program files/embitz/0.42/share/em_armgcc/bin/../lib/gcc/arm-none-eabi/4.8.4/../../../../arm-none-eabi/lib/armv6-m\libg_n.a(lib_a-exit.o)
 .debug_frame   0x00000234       0x2c c:/program files/embitz/0.42/share/em_armgcc/bin/../lib/gcc/arm-none-eabi/4.8.4/../../../../arm-none-eabi/lib/armv6-m\libg_n.a(lib_a-init.o)
 .debug_frame   0x00000260       0x20 c:/program files/embitz/0.42/share/em_armgcc/bin/../lib/gcc/arm-none-eabi/4.8.4/../../../../arm-none-eabi/lib/armv6-m\libg_n.a(lib_a-memset.o)
 .debug_frame   0x00000280       0x50 c:/program files/embitz/0.42/share/em_armgcc/bin/../lib/gcc/arm-none-eabi/4.8.4/../../../../arm-none-eabi/lib/armv6-m\libg_n.a(lib_a-printf.o)
 .debug_frame   0x000002d0       0xa0 c:/program files/embitz/0.42/share/em_armgcc/bin/../lib/gcc/arm-none-eabi/4.8.4/../../../../arm-none-eabi/lib/armv6-m\libg_n.a(lib_a-vfprintf.o)
 .debug_frame   0x00000370       0x54 c:/program files/embitz/0.42/share/em_armgcc/bin/../lib/gcc/arm-none-eabi/4.8.4/../../../../arm-none-eabi/lib/armv6-m\libg_n.a(lib_a-vfprintf_i.o)
 .debug_frame   0x000003c4       0x44 c:/program files/embitz/0.42/share/em_armgcc/bin/../lib/gcc/arm-none-eabi/4.8.4/../../../../arm-none-eabi/lib/armv6-m\libg_n.a(lib_a-wbuf.o)
 .debug_frame   0x00000408       0x2c c:/program files/embitz/0.42/share/em_armgcc/bin/../lib/gcc/arm-none-eabi/4.8.4/../../../../arm-none-eabi/lib/armv6-m\libg_n.a(lib_a-wsetup.o)
 .debug_frame   0x00000434       0x68 c:/program files/embitz/0.42/share/em_armgcc/bin/../lib/gcc/arm-none-eabi/4.8.4/../../../../arm-none-eabi/lib/armv6-m\libg_n.a(lib_a-fflush.o)
 .debug_frame   0x0000049c      0x148 c:/program files/embitz/0.42/share/em_armgcc/bin/../lib/gcc/arm-none-eabi/4.8.4/../../../../arm-none-eabi/lib/armv6-m\libg_n.a(lib_a-findfp.o)
 .debug_frame   0x000005e4       0x30 c:/program files/embitz/0.42/share/em_armgcc/bin/../lib/gcc/arm-none-eabi/4.8.4/../../../../arm-none-eabi/lib/armv6-m\libg_n.a(lib_a-makebuf.o)
 .debug_frame   0x00000614       0x20 c:/program files/embitz/0.42/share/em_armgcc/bin/../lib/gcc/arm-none-eabi/4.8.4/../../../../arm-none-eabi/lib/armv6-m\libg_n.a(lib_a-memchr-stub.o)
 .debug_frame   0x00000634       0x2c c:/program files/embitz/0.42/share/em_armgcc/bin/../lib/gcc/arm-none-eabi/4.8.4/../../../../arm-none-eabi/lib/armv6-m\libg_n.a(lib_a-nano-freer.o)
 .debug_frame   0x00000660       0x2c c:/program files/embitz/0.42/share/em_armgcc/bin/../lib/gcc/arm-none-eabi/4.8.4/../../../../arm-none-eabi/lib/armv6-m\libg_n.a(lib_a-nano-mallocr.o)
 .debug_frame   0x0000068c       0x2c c:/program files/embitz/0.42/share/em_armgcc/bin/../lib/gcc/arm-none-eabi/4.8.4/../../../../arm-none-eabi/lib/armv6-m\libg_n.a(lib_a-sbrkr.o)
 .debug_frame   0x000006b8       0x90 c:/program files/embitz/0.42/share/em_armgcc/bin/../lib/gcc/arm-none-eabi/4.8.4/../../../../arm-none-eabi/lib/armv6-m\libg_n.a(lib_a-stdio.o)
 .debug_frame   0x00000748       0x20 c:/program files/embitz/0.42/share/em_armgcc/bin/../lib/gcc/arm-none-eabi/4.8.4/../../../../arm-none-eabi/lib/armv6-m\libg_n.a(lib_a-strlen.o)
 .debug_frame   0x00000768       0x2c c:/program files/embitz/0.42/share/em_armgcc/bin/../lib/gcc/arm-none-eabi/4.8.4/../../../../arm-none-eabi/lib/armv6-m\libg_n.a(lib_a-writer.o)
 .debug_frame   0x00000794       0x2c c:/program files/embitz/0.42/share/em_armgcc/bin/../lib/gcc/arm-none-eabi/4.8.4/../../../../arm-none-eabi/lib/armv6-m\libg_n.a(lib_a-closer.o)
 .debug_frame   0x000007c0       0x2c c:/program files/embitz/0.42/share/em_armgcc/bin/../lib/gcc/arm-none-eabi/4.8.4/../../../../arm-none-eabi/lib/armv6-m\libg_n.a(lib_a-fstatr.o)
 .debug_frame   0x000007ec       0x2c c:/program files/embitz/0.42/share/em_armgcc/bin/../lib/gcc/arm-none-eabi/4.8.4/../../../../arm-none-eabi/lib/armv6-m\libg_n.a(lib_a-isattyr.o)
 .debug_frame   0x00000818       0x2c c:/program files/embitz/0.42/share/em_armgcc/bin/../lib/gcc/arm-none-eabi/4.8.4/../../../../arm-none-eabi/lib/armv6-m\libg_n.a(lib_a-lseekr.o)
 .debug_frame   0x00000844       0x2c c:/program files/embitz/0.42/share/em_armgcc/bin/../lib/gcc/arm-none-eabi/4.8.4/../../../../arm-none-eabi/lib/armv6-m\libg_n.a(lib_a-readr.o)
 .debug_frame   0x00000870       0x48 c:/program files/embitz/0.42/share/em_armgcc/bin/../lib/gcc/arm-none-eabi/4.8.4/../../../../arm-none-eabi/lib/armv6-m\libg_n.a(lib_a-reent.o)
 .debug_frame   0x000008b8       0x20 c:/program files/embitz/0.42/share/em_armgcc/bin/../lib/gcc/arm-none-eabi/4.8.4/../../../../arm-none-eabi/lib/armv6-m\libnosys_s.a(close.o)
 .debug_frame   0x000008d8       0x20 c:/program files/embitz/0.42/share/em_armgcc/bin/../lib/gcc/arm-none-eabi/4.8.4/../../../../arm-none-eabi/lib/armv6-m\libnosys_s.a(fstat.o)
 .debug_frame   0x000008f8       0x20 c:/program files/embitz/0.42/share/em_armgcc/bin/../lib/gcc/arm-none-eabi/4.8.4/../../../../arm-none-eabi/lib/armv6-m\libnosys_s.a(isatty.o)
 .debug_frame   0x00000918       0x20 c:/program files/embitz/0.42/share/em_armgcc/bin/../lib/gcc/arm-none-eabi/4.8.4/../../../../arm-none-eabi/lib/armv6-m\libnosys_s.a(lseek.o)
 .debug_frame   0x00000938       0x20 c:/program files/embitz/0.42/share/em_armgcc/bin/../lib/gcc/arm-none-eabi/4.8.4/../../../../arm-none-eabi/lib/armv6-m\libnosys_s.a(read.o)
 .debug_frame   0x00000958       0x20 c:/program files/embitz/0.42/share/em_armgcc/bin/../lib/gcc/arm-none-eabi/4.8.4/../../../../arm-none-eabi/lib/armv6-m\libnosys_s.a(sbrk.o)
 .debug_frame   0x00000978       0x20 c:/program files/embitz/0.42/share/em_armgcc/bin/../lib/gcc/arm-none-eabi/4.8.4/../../../../arm-none-eabi/lib/armv6-m\libnosys_s.a(write.o)
 .debug_frame   0x00000998       0x20 c:/program files/embitz/0.42/share/em_armgcc/bin/../lib/gcc/arm-none-eabi/4.8.4/../../../../arm-none-eabi/lib/armv6-m\libnosys_s.a(_exit.o)

.stab           0x00000000       0x9c
 .stab          0x00000000       0x24 c:/program files/embitz/0.42/share/em_armgcc/bin/../lib/gcc/arm-none-eabi/4.8.4/../../../../arm-none-eabi/lib/armv6-m\libnosys_s.a(close.o)
 .stab          0x00000024       0x18 c:/program files/embitz/0.42/share/em_armgcc/bin/../lib/gcc/arm-none-eabi/4.8.4/../../../../arm-none-eabi/lib/armv6-m\libnosys_s.a(fstat.o)
                                 0x24 (size before relaxing)
 .stab          0x0000003c       0x18 c:/program files/embitz/0.42/share/em_armgcc/bin/../lib/gcc/arm-none-eabi/4.8.4/../../../../arm-none-eabi/lib/armv6-m\libnosys_s.a(isatty.o)
                                 0x24 (size before relaxing)
 .stab          0x00000054       0x18 c:/program files/embitz/0.42/share/em_armgcc/bin/../lib/gcc/arm-none-eabi/4.8.4/../../../../arm-none-eabi/lib/armv6-m\libnosys_s.a(lseek.o)
                                 0x24 (size before relaxing)
 .stab          0x0000006c       0x18 c:/program files/embitz/0.42/share/em_armgcc/bin/../lib/gcc/arm-none-eabi/4.8.4/../../../../arm-none-eabi/lib/armv6-m\libnosys_s.a(read.o)
                                 0x24 (size before relaxing)
 .stab          0x00000084       0x18 c:/program files/embitz/0.42/share/em_armgcc/bin/../lib/gcc/arm-none-eabi/4.8.4/../../../../arm-none-eabi/lib/armv6-m\libnosys_s.a(write.o)
                                 0x24 (size before relaxing)

.stabstr        0x00000000      0x14d
 .stabstr       0x00000000      0x14d c:/program files/embitz/0.42/share/em_armgcc/bin/../lib/gcc/arm-none-eabi/4.8.4/../../../../arm-none-eabi/lib/armv6-m\libnosys_s.a(close.o)
