Archive member included because of file (symbol)

c:/program files/embitz/0.42/share/em_armgcc/bin/../lib/gcc/arm-none-eabi/4.8.4/../../../../arm-none-eabi/lib/armv7-m\libg_n.a(lib_a-exit.o)
                              c:/program files/embitz/0.42/share/em_armgcc/bin/../lib/gcc/arm-none-eabi/4.8.4/../../../../arm-none-eabi/lib/armv7-m/crt0.o (exit)
c:/program files/embitz/0.42/share/em_armgcc/bin/../lib/gcc/arm-none-eabi/4.8.4/../../../../arm-none-eabi/lib/armv7-m\libg_n.a(lib_a-impure.o)
                              c:/program files/embitz/0.42/share/em_armgcc/bin/../lib/gcc/arm-none-eabi/4.8.4/../../../../arm-none-eabi/lib/armv7-m\libg_n.a(lib_a-exit.o) (_global_impure_ptr)
c:/program files/embitz/0.42/share/em_armgcc/bin/../lib/gcc/arm-none-eabi/4.8.4/../../../../arm-none-eabi/lib/armv7-m\libg_n.a(lib_a-init.o)
                              c:/program files/embitz/0.42/share/em_armgcc/bin/../lib/gcc/arm-none-eabi/4.8.4/../../../../arm-none-eabi/lib/armv7-m/crt0.o (__libc_init_array)
c:/program files/embitz/0.42/share/em_armgcc/bin/../lib/gcc/arm-none-eabi/4.8.4/../../../../arm-none-eabi/lib/armv7-m\libg_n.a(lib_a-memset.o)
                              c:/program files/embitz/0.42/share/em_armgcc/bin/../lib/gcc/arm-none-eabi/4.8.4/../../../../arm-none-eabi/lib/armv7-m/crt0.o (memset)
c:/program files/embitz/0.42/share/em_armgcc/bin/../lib/gcc/arm-none-eabi/4.8.4/../../../../arm-none-eabi/lib/armv7-m\libnosys_s.a(_exit.o)
                              c:/program files/embitz/0.42/share/em_armgcc/bin/../lib/gcc/arm-none-eabi/4.8.4/../../../../arm-none-eabi/lib/armv7-m\libg_n.a(lib_a-exit.o) (_exit)

Allocating common symbols
Common symbol       size              file

button              0x2               obj\release\src\main.o
usart               0x10              obj\release\src\main.o
numOfBytes          0x2               obj\release\src\main.o
usartData           0xa               obj\release\src\main.o
port                0x4               obj\release\src\main.o

Discarded input sections

 .text          0x00000000        0x0 c:/program files/embitz/0.42/share/em_armgcc/bin/../lib/gcc/arm-none-eabi/4.8.4/armv7-m/crti.o
 .data          0x00000000        0x0 c:/program files/embitz/0.42/share/em_armgcc/bin/../lib/gcc/arm-none-eabi/4.8.4/armv7-m/crti.o
 .bss           0x00000000        0x0 c:/program files/embitz/0.42/share/em_armgcc/bin/../lib/gcc/arm-none-eabi/4.8.4/armv7-m/crti.o
 .data          0x00000000        0x4 c:/program files/embitz/0.42/share/em_armgcc/bin/../lib/gcc/arm-none-eabi/4.8.4/armv7-m/crtbegin.o
 .data          0x00000000        0x0 c:/program files/embitz/0.42/share/em_armgcc/bin/../lib/gcc/arm-none-eabi/4.8.4/../../../../arm-none-eabi/lib/armv7-m/crt0.o
 .bss           0x00000000        0x0 c:/program files/embitz/0.42/share/em_armgcc/bin/../lib/gcc/arm-none-eabi/4.8.4/../../../../arm-none-eabi/lib/armv7-m/crt0.o
 .ARM.extab     0x00000000        0x0 c:/program files/embitz/0.42/share/em_armgcc/bin/../lib/gcc/arm-none-eabi/4.8.4/../../../../arm-none-eabi/lib/armv7-m/crt0.o
 .text          0x00000000        0x0 obj\release\spl\src\misc.o
 .data          0x00000000        0x0 obj\release\spl\src\misc.o
 .bss           0x00000000        0x0 obj\release\spl\src\misc.o
 .text.NVIC_PriorityGroupConfig
                0x00000000       0x14 obj\release\spl\src\misc.o
 .text.NVIC_Init
                0x00000000       0x70 obj\release\spl\src\misc.o
 .text.NVIC_SetVectorTable
                0x00000000       0x14 obj\release\spl\src\misc.o
 .text.NVIC_SystemLPConfig
                0x00000000       0x18 obj\release\spl\src\misc.o
 .text.SysTick_CLKSourceConfig
                0x00000000       0x18 obj\release\spl\src\misc.o
 .debug_info    0x00000000      0x545 obj\release\spl\src\misc.o
 .debug_abbrev  0x00000000      0x156 obj\release\spl\src\misc.o
 .debug_loc     0x00000000      0x13d obj\release\spl\src\misc.o
 .debug_aranges
                0x00000000       0x40 obj\release\spl\src\misc.o
 .debug_ranges  0x00000000       0x30 obj\release\spl\src\misc.o
 .debug_line    0x00000000      0x198 obj\release\spl\src\misc.o
 .debug_str     0x00000000      0x3bd obj\release\spl\src\misc.o
 .comment       0x00000000       0x47 obj\release\spl\src\misc.o
 .ARM.attributes
                0x00000000       0x33 obj\release\spl\src\misc.o
 .debug_frame   0x00000000       0x68 obj\release\spl\src\misc.o
 .text          0x00000000        0x0 obj\release\spl\src\stm32f10x_adc.o
 .data          0x00000000        0x0 obj\release\spl\src\stm32f10x_adc.o
 .bss           0x00000000        0x0 obj\release\spl\src\stm32f10x_adc.o
 .text.ADC_DeInit
                0x00000000       0x6c obj\release\spl\src\stm32f10x_adc.o
 .text.ADC_Init
                0x00000000       0x48 obj\release\spl\src\stm32f10x_adc.o
 .text.ADC_StructInit
                0x00000000       0x14 obj\release\spl\src\stm32f10x_adc.o
 .text.ADC_Cmd  0x00000000       0x14 obj\release\spl\src\stm32f10x_adc.o
 .text.ADC_DMACmd
                0x00000000       0x14 obj\release\spl\src\stm32f10x_adc.o
 .text.ADC_ITConfig
                0x00000000       0x14 obj\release\spl\src\stm32f10x_adc.o
 .text.ADC_ResetCalibration
                0x00000000        0xc obj\release\spl\src\stm32f10x_adc.o
 .text.ADC_GetResetCalibrationStatus
                0x00000000        0x8 obj\release\spl\src\stm32f10x_adc.o
 .text.ADC_StartCalibration
                0x00000000        0xc obj\release\spl\src\stm32f10x_adc.o
 .text.ADC_GetCalibrationStatus
                0x00000000        0x8 obj\release\spl\src\stm32f10x_adc.o
 .text.ADC_SoftwareStartConvCmd
                0x00000000       0x14 obj\release\spl\src\stm32f10x_adc.o
 .text.ADC_GetSoftwareStartConvStatus
                0x00000000        0x8 obj\release\spl\src\stm32f10x_adc.o
 .text.ADC_DiscModeChannelCountConfig
                0x00000000       0x10 obj\release\spl\src\stm32f10x_adc.o
 .text.ADC_DiscModeCmd
                0x00000000       0x14 obj\release\spl\src\stm32f10x_adc.o
 .text.ADC_RegularChannelConfig
                0x00000000       0x9c obj\release\spl\src\stm32f10x_adc.o
 .text.ADC_ExternalTrigConvCmd
                0x00000000       0x14 obj\release\spl\src\stm32f10x_adc.o
 .text.ADC_GetConversionValue
                0x00000000        0x8 obj\release\spl\src\stm32f10x_adc.o
 .text.ADC_GetDualModeConversionValue
                0x00000000        0xc obj\release\spl\src\stm32f10x_adc.o
 .text.ADC_AutoInjectedConvCmd
                0x00000000       0x14 obj\release\spl\src\stm32f10x_adc.o
 .text.ADC_InjectedDiscModeCmd
                0x00000000       0x14 obj\release\spl\src\stm32f10x_adc.o
 .text.ADC_ExternalTrigInjectedConvConfig
                0x00000000        0xc obj\release\spl\src\stm32f10x_adc.o
 .text.ADC_ExternalTrigInjectedConvCmd
                0x00000000       0x14 obj\release\spl\src\stm32f10x_adc.o
 .text.ADC_SoftwareStartInjectedConvCmd
                0x00000000       0x14 obj\release\spl\src\stm32f10x_adc.o
 .text.ADC_GetSoftwareStartInjectedConvCmdStatus
                0x00000000        0x8 obj\release\spl\src\stm32f10x_adc.o
 .text.ADC_InjectedChannelConfig
                0x00000000       0x5c obj\release\spl\src\stm32f10x_adc.o
 .text.ADC_InjectedSequencerLengthConfig
                0x00000000       0x10 obj\release\spl\src\stm32f10x_adc.o
 .text.ADC_SetInjectedOffset
                0x00000000       0x18 obj\release\spl\src\stm32f10x_adc.o
 .text.ADC_GetInjectedConversionValue
                0x00000000       0x1c obj\release\spl\src\stm32f10x_adc.o
 .text.ADC_AnalogWatchdogCmd
                0x00000000       0x10 obj\release\spl\src\stm32f10x_adc.o
 .text.ADC_AnalogWatchdogThresholdsConfig
                0x00000000        0x8 obj\release\spl\src\stm32f10x_adc.o
 .text.ADC_AnalogWatchdogSingleChannelConfig
                0x00000000        0xc obj\release\spl\src\stm32f10x_adc.o
 .text.ADC_TempSensorVrefintCmd
                0x00000000       0x1c obj\release\spl\src\stm32f10x_adc.o
 .text.ADC_GetFlagStatus
                0x00000000        0xc obj\release\spl\src\stm32f10x_adc.o
 .text.ADC_ClearFlag
                0x00000000        0x8 obj\release\spl\src\stm32f10x_adc.o
 .text.ADC_GetITStatus
                0x00000000       0x18 obj\release\spl\src\stm32f10x_adc.o
 .text.ADC_ClearITPendingBit
                0x00000000        0x8 obj\release\spl\src\stm32f10x_adc.o
 .debug_info    0x00000000      0xc2c obj\release\spl\src\stm32f10x_adc.o
 .debug_abbrev  0x00000000      0x1ed obj\release\spl\src\stm32f10x_adc.o
 .debug_loc     0x00000000      0x940 obj\release\spl\src\stm32f10x_adc.o
 .debug_aranges
                0x00000000      0x138 obj\release\spl\src\stm32f10x_adc.o
 .debug_ranges  0x00000000      0x128 obj\release\spl\src\stm32f10x_adc.o
 .debug_line    0x00000000      0x4c6 obj\release\spl\src\stm32f10x_adc.o
 .debug_str     0x00000000      0x711 obj\release\spl\src\stm32f10x_adc.o
 .comment       0x00000000       0x47 obj\release\spl\src\stm32f10x_adc.o
 .ARM.attributes
                0x00000000       0x33 obj\release\spl\src\stm32f10x_adc.o
 .debug_frame   0x00000000      0x280 obj\release\spl\src\stm32f10x_adc.o
 .text          0x00000000        0x0 obj\release\spl\src\stm32f10x_bkp.o
 .data          0x00000000        0x0 obj\release\spl\src\stm32f10x_bkp.o
 .bss           0x00000000        0x0 obj\release\spl\src\stm32f10x_bkp.o
 .text.BKP_DeInit
                0x00000000       0x14 obj\release\spl\src\stm32f10x_bkp.o
 .text.BKP_TamperPinLevelConfig
                0x00000000        0xc obj\release\spl\src\stm32f10x_bkp.o
 .text.BKP_TamperPinCmd
                0x00000000        0xc obj\release\spl\src\stm32f10x_bkp.o
 .text.BKP_ITConfig
                0x00000000        0xc obj\release\spl\src\stm32f10x_bkp.o
 .text.BKP_RTCOutputConfig
                0x00000000       0x18 obj\release\spl\src\stm32f10x_bkp.o
 .text.BKP_SetRTCCalibrationValue
                0x00000000       0x18 obj\release\spl\src\stm32f10x_bkp.o
 .text.BKP_WriteBackupRegister
                0x00000000       0x1c obj\release\spl\src\stm32f10x_bkp.o
 .text.BKP_ReadBackupRegister
                0x00000000       0x20 obj\release\spl\src\stm32f10x_bkp.o
 .text.BKP_GetFlagStatus
                0x00000000        0xc obj\release\spl\src\stm32f10x_bkp.o
 .text.BKP_ClearFlag
                0x00000000       0x14 obj\release\spl\src\stm32f10x_bkp.o
 .text.BKP_GetITStatus
                0x00000000        0xc obj\release\spl\src\stm32f10x_bkp.o
 .text.BKP_ClearITPendingBit
                0x00000000       0x14 obj\release\spl\src\stm32f10x_bkp.o
 .debug_info    0x00000000      0x7d8 obj\release\spl\src\stm32f10x_bkp.o
 .debug_abbrev  0x00000000      0x19b obj\release\spl\src\stm32f10x_bkp.o
 .debug_loc     0x00000000       0xee obj\release\spl\src\stm32f10x_bkp.o
 .debug_aranges
                0x00000000       0x78 obj\release\spl\src\stm32f10x_bkp.o
 .debug_ranges  0x00000000       0x68 obj\release\spl\src\stm32f10x_bkp.o
 .debug_line    0x00000000      0x214 obj\release\spl\src\stm32f10x_bkp.o
 .debug_str     0x00000000      0x5c7 obj\release\spl\src\stm32f10x_bkp.o
 .comment       0x00000000       0x47 obj\release\spl\src\stm32f10x_bkp.o
 .ARM.attributes
                0x00000000       0x33 obj\release\spl\src\stm32f10x_bkp.o
 .debug_frame   0x00000000       0xe0 obj\release\spl\src\stm32f10x_bkp.o
 .text          0x00000000        0x0 obj\release\spl\src\stm32f10x_can.o
 .data          0x00000000        0x0 obj\release\spl\src\stm32f10x_can.o
 .bss           0x00000000        0x0 obj\release\spl\src\stm32f10x_can.o
 .text.CAN_DeInit
                0x00000000       0x3c obj\release\spl\src\stm32f10x_can.o
 .text.CAN_Init
                0x00000000       0xec obj\release\spl\src\stm32f10x_can.o
 .text.CAN_FilterInit
                0x00000000       0xf8 obj\release\spl\src\stm32f10x_can.o
 .text.CAN_StructInit
                0x00000000       0x28 obj\release\spl\src\stm32f10x_can.o
 .text.CAN_SlaveStartBank
                0x00000000       0x3c obj\release\spl\src\stm32f10x_can.o
 .text.CAN_DBGFreeze
                0x00000000       0x14 obj\release\spl\src\stm32f10x_can.o
 .text.CAN_TTComModeCmd
                0x00000000       0x5c obj\release\spl\src\stm32f10x_can.o
 .text.CAN_Transmit
                0x00000000       0xd0 obj\release\spl\src\stm32f10x_can.o
 .text.CAN_TransmitStatus
                0x00000000       0x50 obj\release\spl\src\stm32f10x_can.o
 .text.CAN_CancelTransmit
                0x00000000       0x2c obj\release\spl\src\stm32f10x_can.o
 .text.CAN_Receive
                0x00000000       0x9c obj\release\spl\src\stm32f10x_can.o
 .text.CAN_FIFORelease
                0x00000000       0x18 obj\release\spl\src\stm32f10x_can.o
 .text.CAN_MessagePending
                0x00000000       0x18 obj\release\spl\src\stm32f10x_can.o
 .text.CAN_OperatingModeRequest
                0x00000000       0xb0 obj\release\spl\src\stm32f10x_can.o
 .text.CAN_Sleep
                0x00000000       0x1c obj\release\spl\src\stm32f10x_can.o
 .text.CAN_WakeUp
                0x00000000       0x2c obj\release\spl\src\stm32f10x_can.o
 .text.CAN_GetLastErrorCode
                0x00000000        0x8 obj\release\spl\src\stm32f10x_can.o
 .text.CAN_GetReceiveErrorCounter
                0x00000000        0x8 obj\release\spl\src\stm32f10x_can.o
 .text.CAN_GetLSBTransmitErrorCounter
                0x00000000        0x8 obj\release\spl\src\stm32f10x_can.o
 .text.CAN_ITConfig
                0x00000000       0x14 obj\release\spl\src\stm32f10x_can.o
 .text.CAN_GetFlagStatus
                0x00000000       0x54 obj\release\spl\src\stm32f10x_can.o
 .text.CAN_ClearFlag
                0x00000000       0x30 obj\release\spl\src\stm32f10x_can.o
 .text.CAN_GetITStatus
                0x00000000       0xe4 obj\release\spl\src\stm32f10x_can.o
 .text.CAN_ClearITPendingBit
                0x00000000       0x8c obj\release\spl\src\stm32f10x_can.o
 .debug_info    0x00000000      0xcb3 obj\release\spl\src\stm32f10x_can.o
 .debug_abbrev  0x00000000      0x29d obj\release\spl\src\stm32f10x_can.o
 .debug_loc     0x00000000      0xa0b obj\release\spl\src\stm32f10x_can.o
 .debug_aranges
                0x00000000       0xd8 obj\release\spl\src\stm32f10x_can.o
 .debug_ranges  0x00000000      0x150 obj\release\spl\src\stm32f10x_can.o
 .debug_line    0x00000000      0x54e obj\release\spl\src\stm32f10x_can.o
 .debug_str     0x00000000      0x744 obj\release\spl\src\stm32f10x_can.o
 .comment       0x00000000       0x47 obj\release\spl\src\stm32f10x_can.o
 .ARM.attributes
                0x00000000       0x33 obj\release\spl\src\stm32f10x_can.o
 .debug_frame   0x00000000      0x1cc obj\release\spl\src\stm32f10x_can.o
 .text          0x00000000        0x0 obj\release\spl\src\stm32f10x_cec.o
 .data          0x00000000        0x0 obj\release\spl\src\stm32f10x_cec.o
 .bss           0x00000000        0x0 obj\release\spl\src\stm32f10x_cec.o
 .text.CEC_DeInit
                0x00000000       0x1c obj\release\spl\src\stm32f10x_cec.o
 .text.CEC_Init
                0x00000000       0x20 obj\release\spl\src\stm32f10x_cec.o
 .text.CEC_Cmd  0x00000000       0x18 obj\release\spl\src\stm32f10x_cec.o
 .text.CEC_ITConfig
                0x00000000        0xc obj\release\spl\src\stm32f10x_cec.o
 .text.CEC_OwnAddressConfig
                0x00000000        0xc obj\release\spl\src\stm32f10x_cec.o
 .text.CEC_SetPrescaler
                0x00000000        0xc obj\release\spl\src\stm32f10x_cec.o
 .text.CEC_SendDataByte
                0x00000000        0xc obj\release\spl\src\stm32f10x_cec.o
 .text.CEC_ReceiveDataByte
                0x00000000        0xc obj\release\spl\src\stm32f10x_cec.o
 .text.CEC_StartOfMessage
                0x00000000        0xc obj\release\spl\src\stm32f10x_cec.o
 .text.CEC_EndOfMessageCmd
                0x00000000        0xc obj\release\spl\src\stm32f10x_cec.o
 .text.CEC_GetFlagStatus
                0x00000000       0x24 obj\release\spl\src\stm32f10x_cec.o
 .text.CEC_ClearFlag
                0x00000000       0x1c obj\release\spl\src\stm32f10x_cec.o
 .text.CEC_GetITStatus
                0x00000000       0x14 obj\release\spl\src\stm32f10x_cec.o
 .text.CEC_ClearITPendingBit
                0x00000000       0x1c obj\release\spl\src\stm32f10x_cec.o
 .debug_info    0x00000000      0x46d obj\release\spl\src\stm32f10x_cec.o
 .debug_abbrev  0x00000000      0x1e6 obj\release\spl\src\stm32f10x_cec.o
 .debug_loc     0x00000000      0x1c8 obj\release\spl\src\stm32f10x_cec.o
 .debug_aranges
                0x00000000       0x88 obj\release\spl\src\stm32f10x_cec.o
 .debug_ranges  0x00000000       0x78 obj\release\spl\src\stm32f10x_cec.o
 .debug_line    0x00000000      0x258 obj\release\spl\src\stm32f10x_cec.o
 .debug_str     0x00000000      0x38c obj\release\spl\src\stm32f10x_cec.o
 .comment       0x00000000       0x47 obj\release\spl\src\stm32f10x_cec.o
 .ARM.attributes
                0x00000000       0x33 obj\release\spl\src\stm32f10x_cec.o
 .debug_frame   0x00000000      0x100 obj\release\spl\src\stm32f10x_cec.o
 .text          0x00000000        0x0 obj\release\spl\src\stm32f10x_crc.o
 .data          0x00000000        0x0 obj\release\spl\src\stm32f10x_crc.o
 .bss           0x00000000        0x0 obj\release\spl\src\stm32f10x_crc.o
 .text.CRC_ResetDR
                0x00000000        0xc obj\release\spl\src\stm32f10x_crc.o
 .text.CRC_CalcCRC
                0x00000000        0xc obj\release\spl\src\stm32f10x_crc.o
 .text.CRC_CalcBlockCRC
                0x00000000       0x1c obj\release\spl\src\stm32f10x_crc.o
 .text.CRC_GetCRC
                0x00000000        0xc obj\release\spl\src\stm32f10x_crc.o
 .text.CRC_SetIDRegister
                0x00000000        0xc obj\release\spl\src\stm32f10x_crc.o
 .text.CRC_GetIDRegister
                0x00000000        0xc obj\release\spl\src\stm32f10x_crc.o
 .debug_info    0x00000000      0x20f obj\release\spl\src\stm32f10x_crc.o
 .debug_abbrev  0x00000000      0x125 obj\release\spl\src\stm32f10x_crc.o
 .debug_loc     0x00000000       0x75 obj\release\spl\src\stm32f10x_crc.o
 .debug_aranges
                0x00000000       0x48 obj\release\spl\src\stm32f10x_crc.o
 .debug_ranges  0x00000000       0x38 obj\release\spl\src\stm32f10x_crc.o
 .debug_line    0x00000000      0x193 obj\release\spl\src\stm32f10x_crc.o
 .debug_str     0x00000000      0x23a obj\release\spl\src\stm32f10x_crc.o
 .comment       0x00000000       0x47 obj\release\spl\src\stm32f10x_crc.o
 .ARM.attributes
                0x00000000       0x33 obj\release\spl\src\stm32f10x_crc.o
 .debug_frame   0x00000000       0x70 obj\release\spl\src\stm32f10x_crc.o
 .text          0x00000000        0x0 obj\release\spl\src\stm32f10x_dac.o
 .data          0x00000000        0x0 obj\release\spl\src\stm32f10x_dac.o
 .bss           0x00000000        0x0 obj\release\spl\src\stm32f10x_dac.o
 .text.DAC_DeInit
                0x00000000       0x1c obj\release\spl\src\stm32f10x_dac.o
 .text.DAC_Init
                0x00000000       0x30 obj\release\spl\src\stm32f10x_dac.o
 .text.DAC_StructInit
                0x00000000        0xc obj\release\spl\src\stm32f10x_dac.o
 .text.DAC_Cmd  0x00000000       0x20 obj\release\spl\src\stm32f10x_dac.o
 .text.DAC_ITConfig
                0x00000000       0x1c obj\release\spl\src\stm32f10x_dac.o
 .text.DAC_DMACmd
                0x00000000       0x20 obj\release\spl\src\stm32f10x_dac.o
 .text.DAC_SoftwareTriggerCmd
                0x00000000       0x20 obj\release\spl\src\stm32f10x_dac.o
 .text.DAC_DualSoftwareTriggerCmd
                0x00000000       0x1c obj\release\spl\src\stm32f10x_dac.o
 .text.DAC_WaveGenerationCmd
                0x00000000       0x1c obj\release\spl\src\stm32f10x_dac.o
 .text.DAC_SetChannel1Data
                0x00000000       0x20 obj\release\spl\src\stm32f10x_dac.o
 .text.DAC_SetChannel2Data
                0x00000000       0x20 obj\release\spl\src\stm32f10x_dac.o
 .text.DAC_SetDualChannelData
                0x00000000       0x18 obj\release\spl\src\stm32f10x_dac.o
 .text.DAC_GetDataOutputValue
                0x00000000       0x24 obj\release\spl\src\stm32f10x_dac.o
 .text.DAC_GetFlagStatus
                0x00000000       0x14 obj\release\spl\src\stm32f10x_dac.o
 .text.DAC_ClearFlag
                0x00000000        0xc obj\release\spl\src\stm32f10x_dac.o
 .text.DAC_GetITStatus
                0x00000000       0x1c obj\release\spl\src\stm32f10x_dac.o
 .text.DAC_ClearITPendingBit
                0x00000000        0xc obj\release\spl\src\stm32f10x_dac.o
 .debug_info    0x00000000      0x68c obj\release\spl\src\stm32f10x_dac.o
 .debug_abbrev  0x00000000      0x1d2 obj\release\spl\src\stm32f10x_dac.o
 .debug_loc     0x00000000      0x3da obj\release\spl\src\stm32f10x_dac.o
 .debug_aranges
                0x00000000       0xa0 obj\release\spl\src\stm32f10x_dac.o
 .debug_ranges  0x00000000       0x90 obj\release\spl\src\stm32f10x_dac.o
 .debug_line    0x00000000      0x2c7 obj\release\spl\src\stm32f10x_dac.o
 .debug_str     0x00000000      0x459 obj\release\spl\src\stm32f10x_dac.o
 .comment       0x00000000       0x47 obj\release\spl\src\stm32f10x_dac.o
 .ARM.attributes
                0x00000000       0x33 obj\release\spl\src\stm32f10x_dac.o
 .debug_frame   0x00000000      0x13c obj\release\spl\src\stm32f10x_dac.o
 .text          0x00000000        0x0 obj\release\spl\src\stm32f10x_dbgmcu.o
 .data          0x00000000        0x0 obj\release\spl\src\stm32f10x_dbgmcu.o
 .bss           0x00000000        0x0 obj\release\spl\src\stm32f10x_dbgmcu.o
 .text.DBGMCU_GetREVID
                0x00000000        0xc obj\release\spl\src\stm32f10x_dbgmcu.o
 .text.DBGMCU_GetDEVID
                0x00000000       0x10 obj\release\spl\src\stm32f10x_dbgmcu.o
 .text.DBGMCU_Config
                0x00000000       0x18 obj\release\spl\src\stm32f10x_dbgmcu.o
 .debug_info    0x00000000      0x162 obj\release\spl\src\stm32f10x_dbgmcu.o
 .debug_abbrev  0x00000000       0xef obj\release\spl\src\stm32f10x_dbgmcu.o
 .debug_loc     0x00000000       0x3a obj\release\spl\src\stm32f10x_dbgmcu.o
 .debug_aranges
                0x00000000       0x30 obj\release\spl\src\stm32f10x_dbgmcu.o
 .debug_ranges  0x00000000       0x20 obj\release\spl\src\stm32f10x_dbgmcu.o
 .debug_line    0x00000000      0x14c obj\release\spl\src\stm32f10x_dbgmcu.o
 .debug_str     0x00000000      0x1f1 obj\release\spl\src\stm32f10x_dbgmcu.o
 .comment       0x00000000       0x47 obj\release\spl\src\stm32f10x_dbgmcu.o
 .ARM.attributes
                0x00000000       0x33 obj\release\spl\src\stm32f10x_dbgmcu.o
 .debug_frame   0x00000000       0x40 obj\release\spl\src\stm32f10x_dbgmcu.o
 .text          0x00000000        0x0 obj\release\spl\src\stm32f10x_dma.o
 .data          0x00000000        0x0 obj\release\spl\src\stm32f10x_dma.o
 .bss           0x00000000        0x0 obj\release\spl\src\stm32f10x_dma.o
 .text.DMA_DeInit
                0x00000000      0x104 obj\release\spl\src\stm32f10x_dma.o
 .text.DMA_Init
                0x00000000       0x40 obj\release\spl\src\stm32f10x_dma.o
 .text.DMA_StructInit
                0x00000000       0x1c obj\release\spl\src\stm32f10x_dma.o
 .text.DMA_Cmd  0x00000000       0x18 obj\release\spl\src\stm32f10x_dma.o
 .text.DMA_ITConfig
                0x00000000       0x14 obj\release\spl\src\stm32f10x_dma.o
 .text.DMA_SetCurrDataCounter
                0x00000000        0x4 obj\release\spl\src\stm32f10x_dma.o
 .text.DMA_GetCurrDataCounter
                0x00000000        0x8 obj\release\spl\src\stm32f10x_dma.o
 .text.DMA_GetFlagStatus
                0x00000000       0x1c obj\release\spl\src\stm32f10x_dma.o
 .text.DMA_ClearFlag
                0x00000000       0x14 obj\release\spl\src\stm32f10x_dma.o
 .text.DMA_GetITStatus
                0x00000000       0x1c obj\release\spl\src\stm32f10x_dma.o
 .text.DMA_ClearITPendingBit
                0x00000000       0x14 obj\release\spl\src\stm32f10x_dma.o
 .debug_info    0x00000000      0x474 obj\release\spl\src\stm32f10x_dma.o
 .debug_abbrev  0x00000000      0x166 obj\release\spl\src\stm32f10x_dma.o
 .debug_loc     0x00000000      0x183 obj\release\spl\src\stm32f10x_dma.o
 .debug_aranges
                0x00000000       0x70 obj\release\spl\src\stm32f10x_dma.o
 .debug_ranges  0x00000000       0x60 obj\release\spl\src\stm32f10x_dma.o
 .debug_line    0x00000000      0x269 obj\release\spl\src\stm32f10x_dma.o
 .debug_str     0x00000000      0x3b6 obj\release\spl\src\stm32f10x_dma.o
 .comment       0x00000000       0x47 obj\release\spl\src\stm32f10x_dma.o
 .ARM.attributes
                0x00000000       0x33 obj\release\spl\src\stm32f10x_dma.o
 .debug_frame   0x00000000       0xcc obj\release\spl\src\stm32f10x_dma.o
 .text          0x00000000        0x0 obj\release\spl\src\stm32f10x_exti.o
 .data          0x00000000        0x0 obj\release\spl\src\stm32f10x_exti.o
 .bss           0x00000000        0x0 obj\release\spl\src\stm32f10x_exti.o
 .text.EXTI_DeInit
                0x00000000       0x1c obj\release\spl\src\stm32f10x_exti.o
 .text.EXTI_Init
                0x00000000       0x94 obj\release\spl\src\stm32f10x_exti.o
 .text.EXTI_StructInit
                0x00000000       0x10 obj\release\spl\src\stm32f10x_exti.o
 .text.EXTI_GenerateSWInterrupt
                0x00000000       0x10 obj\release\spl\src\stm32f10x_exti.o
 .text.EXTI_GetFlagStatus
                0x00000000       0x14 obj\release\spl\src\stm32f10x_exti.o
 .text.EXTI_ClearFlag
                0x00000000        0xc obj\release\spl\src\stm32f10x_exti.o
 .text.EXTI_GetITStatus
                0x00000000       0x1c obj\release\spl\src\stm32f10x_exti.o
 .text.EXTI_ClearITPendingBit
                0x00000000        0xc obj\release\spl\src\stm32f10x_exti.o
 .debug_info    0x00000000      0x348 obj\release\spl\src\stm32f10x_exti.o
 .debug_abbrev  0x00000000      0x162 obj\release\spl\src\stm32f10x_exti.o
 .debug_loc     0x00000000      0x1d6 obj\release\spl\src\stm32f10x_exti.o
 .debug_aranges
                0x00000000       0x58 obj\release\spl\src\stm32f10x_exti.o
 .debug_ranges  0x00000000       0x48 obj\release\spl\src\stm32f10x_exti.o
 .debug_line    0x00000000      0x1f8 obj\release\spl\src\stm32f10x_exti.o
 .debug_str     0x00000000      0x348 obj\release\spl\src\stm32f10x_exti.o
 .comment       0x00000000       0x47 obj\release\spl\src\stm32f10x_exti.o
 .ARM.attributes
                0x00000000       0x33 obj\release\spl\src\stm32f10x_exti.o
 .debug_frame   0x00000000       0x98 obj\release\spl\src\stm32f10x_exti.o
 .text          0x00000000        0x0 obj\release\spl\src\stm32f10x_flash.o
 .data          0x00000000        0x0 obj\release\spl\src\stm32f10x_flash.o
 .bss           0x00000000        0x0 obj\release\spl\src\stm32f10x_flash.o
 .text.FLASH_SetLatency
                0x00000000       0x14 obj\release\spl\src\stm32f10x_flash.o
 .text.FLASH_HalfCycleAccessCmd
                0x00000000       0x18 obj\release\spl\src\stm32f10x_flash.o
 .text.FLASH_PrefetchBufferCmd
                0x00000000       0x18 obj\release\spl\src\stm32f10x_flash.o
 .text.FLASH_Unlock
                0x00000000       0x18 obj\release\spl\src\stm32f10x_flash.o
 .text.FLASH_UnlockBank1
                0x00000000       0x18 obj\release\spl\src\stm32f10x_flash.o
 .text.FLASH_Lock
                0x00000000       0x10 obj\release\spl\src\stm32f10x_flash.o
 .text.FLASH_LockBank1
                0x00000000       0x10 obj\release\spl\src\stm32f10x_flash.o
 .text.FLASH_GetUserOptionByte
                0x00000000        0xc obj\release\spl\src\stm32f10x_flash.o
 .text.FLASH_GetWriteProtectionOptionByte
                0x00000000        0xc obj\release\spl\src\stm32f10x_flash.o
 .text.FLASH_GetReadOutProtectionStatus
                0x00000000       0x10 obj\release\spl\src\stm32f10x_flash.o
 .text.FLASH_GetPrefetchBufferStatus
                0x00000000       0x10 obj\release\spl\src\stm32f10x_flash.o
 .text.FLASH_ITConfig
                0x00000000       0x18 obj\release\spl\src\stm32f10x_flash.o
 .text.FLASH_GetFlagStatus
                0x00000000       0x20 obj\release\spl\src\stm32f10x_flash.o
 .text.FLASH_ClearFlag
                0x00000000        0xc obj\release\spl\src\stm32f10x_flash.o
 .text.FLASH_GetStatus
                0x00000000       0x28 obj\release\spl\src\stm32f10x_flash.o
 .text.FLASH_GetBank1Status
                0x00000000       0x28 obj\release\spl\src\stm32f10x_flash.o
 .text.FLASH_WaitForLastOperation
                0x00000000       0x24 obj\release\spl\src\stm32f10x_flash.o
 .text.FLASH_ErasePage
                0x00000000       0x40 obj\release\spl\src\stm32f10x_flash.o
 .text.FLASH_EraseAllPages
                0x00000000       0x3c obj\release\spl\src\stm32f10x_flash.o
 .text.FLASH_EraseOptionBytes
                0x00000000       0x88 obj\release\spl\src\stm32f10x_flash.o
 .text.FLASH_ProgramWord
                0x00000000       0x68 obj\release\spl\src\stm32f10x_flash.o
 .text.FLASH_ProgramHalfWord
                0x00000000       0x38 obj\release\spl\src\stm32f10x_flash.o
 .text.FLASH_ProgramOptionByteData
                0x00000000       0x4c obj\release\spl\src\stm32f10x_flash.o
 .text.FLASH_EnableWriteProtection
                0x00000000       0xac obj\release\spl\src\stm32f10x_flash.o
 .text.FLASH_ReadOutProtection
                0x00000000       0x94 obj\release\spl\src\stm32f10x_flash.o
 .text.FLASH_UserOptionByteConfig
                0x00000000       0x5c obj\release\spl\src\stm32f10x_flash.o
 .text.FLASH_WaitForLastBank1Operation
                0x00000000       0x24 obj\release\spl\src\stm32f10x_flash.o
 .text.FLASH_EraseAllBank1Pages
                0x00000000       0x3c obj\release\spl\src\stm32f10x_flash.o
 .debug_info    0x00000000      0xa4b obj\release\spl\src\stm32f10x_flash.o
 .debug_abbrev  0x00000000      0x21d obj\release\spl\src\stm32f10x_flash.o
 .debug_loc     0x00000000      0x8ee obj\release\spl\src\stm32f10x_flash.o
 .debug_aranges
                0x00000000       0xf8 obj\release\spl\src\stm32f10x_flash.o
 .debug_ranges  0x00000000      0x100 obj\release\spl\src\stm32f10x_flash.o
 .debug_line    0x00000000      0x49c obj\release\spl\src\stm32f10x_flash.o
 .debug_str     0x00000000      0x5e7 obj\release\spl\src\stm32f10x_flash.o
 .comment       0x00000000       0x47 obj\release\spl\src\stm32f10x_flash.o
 .ARM.attributes
                0x00000000       0x33 obj\release\spl\src\stm32f10x_flash.o
 .debug_frame   0x00000000      0x258 obj\release\spl\src\stm32f10x_flash.o
 .text          0x00000000        0x0 obj\release\spl\src\stm32f10x_fsmc.o
 .data          0x00000000        0x0 obj\release\spl\src\stm32f10x_fsmc.o
 .bss           0x00000000        0x0 obj\release\spl\src\stm32f10x_fsmc.o
 .text.FSMC_NORSRAMDeInit
                0x00000000       0x38 obj\release\spl\src\stm32f10x_fsmc.o
 .text.FSMC_NANDDeInit
                0x00000000       0x24 obj\release\spl\src\stm32f10x_fsmc.o
 .text.FSMC_PCCARDDeInit
                0x00000000       0x1c obj\release\spl\src\stm32f10x_fsmc.o
 .text.FSMC_NORSRAMInit
                0x00000000       0xcc obj\release\spl\src\stm32f10x_fsmc.o
 .text.FSMC_NANDInit
                0x00000000       0x7c obj\release\spl\src\stm32f10x_fsmc.o
 .text.FSMC_PCCARDInit
                0x00000000       0x68 obj\release\spl\src\stm32f10x_fsmc.o
 .text.FSMC_NORSRAMStructInit
                0x00000000       0x68 obj\release\spl\src\stm32f10x_fsmc.o
 .text.FSMC_NANDStructInit
                0x00000000       0x3c obj\release\spl\src\stm32f10x_fsmc.o
 .text.FSMC_PCCARDStructInit
                0x00000000       0x3c obj\release\spl\src\stm32f10x_fsmc.o
 .text.FSMC_NORSRAMCmd
                0x00000000       0x20 obj\release\spl\src\stm32f10x_fsmc.o
 .text.FSMC_NANDCmd
                0x00000000       0x34 obj\release\spl\src\stm32f10x_fsmc.o
 .text.FSMC_PCCARDCmd
                0x00000000       0x24 obj\release\spl\src\stm32f10x_fsmc.o
 .text.FSMC_NANDECCCmd
                0x00000000       0x34 obj\release\spl\src\stm32f10x_fsmc.o
 .text.FSMC_GetECC
                0x00000000       0x14 obj\release\spl\src\stm32f10x_fsmc.o
 .text.FSMC_ITConfig
                0x00000000       0x54 obj\release\spl\src\stm32f10x_fsmc.o
 .text.FSMC_GetFlagStatus
                0x00000000       0x2c obj\release\spl\src\stm32f10x_fsmc.o
 .text.FSMC_ClearFlag
                0x00000000       0x30 obj\release\spl\src\stm32f10x_fsmc.o
 .text.FSMC_GetITStatus
                0x00000000       0x34 obj\release\spl\src\stm32f10x_fsmc.o
 .text.FSMC_ClearITPendingBit
                0x00000000       0x30 obj\release\spl\src\stm32f10x_fsmc.o
 .debug_info    0x00000000      0x905 obj\release\spl\src\stm32f10x_fsmc.o
 .debug_abbrev  0x00000000      0x190 obj\release\spl\src\stm32f10x_fsmc.o
 .debug_loc     0x00000000      0x4ae obj\release\spl\src\stm32f10x_fsmc.o
 .debug_aranges
                0x00000000       0xb0 obj\release\spl\src\stm32f10x_fsmc.o
 .debug_ranges  0x00000000       0xa0 obj\release\spl\src\stm32f10x_fsmc.o
 .debug_line    0x00000000      0x3f4 obj\release\spl\src\stm32f10x_fsmc.o
 .debug_str     0x00000000      0x779 obj\release\spl\src\stm32f10x_fsmc.o
 .comment       0x00000000       0x47 obj\release\spl\src\stm32f10x_fsmc.o
 .ARM.attributes
                0x00000000       0x33 obj\release\spl\src\stm32f10x_fsmc.o
 .debug_frame   0x00000000      0x184 obj\release\spl\src\stm32f10x_fsmc.o
 .text          0x00000000        0x0 obj\release\spl\src\stm32f10x_gpio.o
 .data          0x00000000        0x0 obj\release\spl\src\stm32f10x_gpio.o
 .bss           0x00000000        0x0 obj\release\spl\src\stm32f10x_gpio.o
 .text.GPIO_DeInit
                0x00000000       0xdc obj\release\spl\src\stm32f10x_gpio.o
 .text.GPIO_AFIODeInit
                0x00000000       0x18 obj\release\spl\src\stm32f10x_gpio.o
 .text.GPIO_ReadInputData
                0x00000000        0x8 obj\release\spl\src\stm32f10x_gpio.o
 .text.GPIO_ReadOutputDataBit
                0x00000000        0xc obj\release\spl\src\stm32f10x_gpio.o
 .text.GPIO_ReadOutputData
                0x00000000        0x8 obj\release\spl\src\stm32f10x_gpio.o
 .text.GPIO_SetBits
                0x00000000        0x4 obj\release\spl\src\stm32f10x_gpio.o
 .text.GPIO_ResetBits
                0x00000000        0x4 obj\release\spl\src\stm32f10x_gpio.o
 .text.GPIO_WriteBit
                0x00000000        0xc obj\release\spl\src\stm32f10x_gpio.o
 .text.GPIO_Write
                0x00000000        0x4 obj\release\spl\src\stm32f10x_gpio.o
 .text.GPIO_PinLockConfig
                0x00000000       0x10 obj\release\spl\src\stm32f10x_gpio.o
 .text.GPIO_EventOutputConfig
                0x00000000       0x20 obj\release\spl\src\stm32f10x_gpio.o
 .text.GPIO_EventOutputCmd
                0x00000000        0xc obj\release\spl\src\stm32f10x_gpio.o
 .text.GPIO_PinRemapConfig
                0x00000000       0x6c obj\release\spl\src\stm32f10x_gpio.o
 .text.GPIO_EXTILineConfig
                0x00000000       0x2c obj\release\spl\src\stm32f10x_gpio.o
 .text.GPIO_ETH_MediaInterfaceConfig
                0x00000000        0xc obj\release\spl\src\stm32f10x_gpio.o
 .text          0x00000000        0x0 obj\release\spl\src\stm32f10x_i2c.o
 .data          0x00000000        0x0 obj\release\spl\src\stm32f10x_i2c.o
 .bss           0x00000000        0x0 obj\release\spl\src\stm32f10x_i2c.o
 .text.I2C_DeInit
                0x00000000       0x3c obj\release\spl\src\stm32f10x_i2c.o
 .text.I2C_Init
                0x00000000       0xdc obj\release\spl\src\stm32f10x_i2c.o
 .text.I2C_StructInit
                0x00000000       0x24 obj\release\spl\src\stm32f10x_i2c.o
 .text.I2C_Cmd  0x00000000       0x1c obj\release\spl\src\stm32f10x_i2c.o
 .text.I2C_DMACmd
                0x00000000       0x1c obj\release\spl\src\stm32f10x_i2c.o
 .text.I2C_DMALastTransferCmd
                0x00000000       0x1c obj\release\spl\src\stm32f10x_i2c.o
 .text.I2C_GenerateSTART
                0x00000000       0x1c obj\release\spl\src\stm32f10x_i2c.o
 .text.I2C_GenerateSTOP
                0x00000000       0x1c obj\release\spl\src\stm32f10x_i2c.o
 .text.I2C_AcknowledgeConfig
                0x00000000       0x1c obj\release\spl\src\stm32f10x_i2c.o
 .text.I2C_OwnAddress2Config
                0x00000000       0x14 obj\release\spl\src\stm32f10x_i2c.o
 .text.I2C_DualAddressCmd
                0x00000000       0x1c obj\release\spl\src\stm32f10x_i2c.o
 .text.I2C_GeneralCallCmd
                0x00000000       0x1c obj\release\spl\src\stm32f10x_i2c.o
 .text.I2C_ITConfig
                0x00000000       0x14 obj\release\spl\src\stm32f10x_i2c.o
 .text.I2C_SendData
                0x00000000        0x4 obj\release\spl\src\stm32f10x_i2c.o
 .text.I2C_ReceiveData
                0x00000000        0x8 obj\release\spl\src\stm32f10x_i2c.o
 .text.I2C_Send7bitAddress
                0x00000000       0x14 obj\release\spl\src\stm32f10x_i2c.o
 .text.I2C_ReadRegister
                0x00000000       0x18 obj\release\spl\src\stm32f10x_i2c.o
 .text.I2C_SoftwareResetCmd
                0x00000000       0x1c obj\release\spl\src\stm32f10x_i2c.o
 .text.I2C_NACKPositionConfig
                0x00000000       0x20 obj\release\spl\src\stm32f10x_i2c.o
 .text.I2C_SMBusAlertConfig
                0x00000000       0x20 obj\release\spl\src\stm32f10x_i2c.o
 .text.I2C_TransmitPEC
                0x00000000       0x1c obj\release\spl\src\stm32f10x_i2c.o
 .text.I2C_PECPositionConfig
                0x00000000       0x20 obj\release\spl\src\stm32f10x_i2c.o
 .text.I2C_CalculatePEC
                0x00000000       0x1c obj\release\spl\src\stm32f10x_i2c.o
 .text.I2C_GetPEC
                0x00000000        0x8 obj\release\spl\src\stm32f10x_i2c.o
 .text.I2C_ARPCmd
                0x00000000       0x1c obj\release\spl\src\stm32f10x_i2c.o
 .text.I2C_StretchClockCmd
                0x00000000       0x1c obj\release\spl\src\stm32f10x_i2c.o
 .text.I2C_FastModeDutyCycleConfig
                0x00000000       0x20 obj\release\spl\src\stm32f10x_i2c.o
 .text.I2C_CheckEvent
                0x00000000       0x18 obj\release\spl\src\stm32f10x_i2c.o
 .text.I2C_GetLastEvent
                0x00000000       0x10 obj\release\spl\src\stm32f10x_i2c.o
 .text.I2C_GetFlagStatus
                0x00000000       0x38 obj\release\spl\src\stm32f10x_i2c.o
 .text.I2C_ClearFlag
                0x00000000        0x8 obj\release\spl\src\stm32f10x_i2c.o
 .text.I2C_GetITStatus
                0x00000000       0x1c obj\release\spl\src\stm32f10x_i2c.o
 .text.I2C_ClearITPendingBit
                0x00000000        0x8 obj\release\spl\src\stm32f10x_i2c.o
 .debug_info    0x00000000      0xb9d obj\release\spl\src\stm32f10x_i2c.o
 .debug_abbrev  0x00000000      0x1ef obj\release\spl\src\stm32f10x_i2c.o
 .debug_loc     0x00000000      0x70f obj\release\spl\src\stm32f10x_i2c.o
 .debug_aranges
                0x00000000      0x120 obj\release\spl\src\stm32f10x_i2c.o
 .debug_ranges  0x00000000      0x110 obj\release\spl\src\stm32f10x_i2c.o
 .debug_line    0x00000000      0x45a obj\release\spl\src\stm32f10x_i2c.o
 .debug_str     0x00000000      0x68e obj\release\spl\src\stm32f10x_i2c.o
 .comment       0x00000000       0x47 obj\release\spl\src\stm32f10x_i2c.o
 .ARM.attributes
                0x00000000       0x33 obj\release\spl\src\stm32f10x_i2c.o
 .debug_frame   0x00000000      0x248 obj\release\spl\src\stm32f10x_i2c.o
 .text          0x00000000        0x0 obj\release\spl\src\stm32f10x_iwdg.o
 .data          0x00000000        0x0 obj\release\spl\src\stm32f10x_iwdg.o
 .bss           0x00000000        0x0 obj\release\spl\src\stm32f10x_iwdg.o
 .text.IWDG_WriteAccessCmd
                0x00000000        0xc obj\release\spl\src\stm32f10x_iwdg.o
 .text.IWDG_SetPrescaler
                0x00000000        0xc obj\release\spl\src\stm32f10x_iwdg.o
 .text.IWDG_SetReload
                0x00000000        0xc obj\release\spl\src\stm32f10x_iwdg.o
 .text.IWDG_ReloadCounter
                0x00000000       0x10 obj\release\spl\src\stm32f10x_iwdg.o
 .text.IWDG_Enable
                0x00000000       0x10 obj\release\spl\src\stm32f10x_iwdg.o
 .text.IWDG_GetFlagStatus
                0x00000000       0x14 obj\release\spl\src\stm32f10x_iwdg.o
 .debug_info    0x00000000      0x20d obj\release\spl\src\stm32f10x_iwdg.o
 .debug_abbrev  0x00000000      0x112 obj\release\spl\src\stm32f10x_iwdg.o
 .debug_loc     0x00000000       0x62 obj\release\spl\src\stm32f10x_iwdg.o
 .debug_aranges
                0x00000000       0x48 obj\release\spl\src\stm32f10x_iwdg.o
 .debug_ranges  0x00000000       0x38 obj\release\spl\src\stm32f10x_iwdg.o
 .debug_line    0x00000000      0x17b obj\release\spl\src\stm32f10x_iwdg.o
 .debug_str     0x00000000      0x25b obj\release\spl\src\stm32f10x_iwdg.o
 .comment       0x00000000       0x47 obj\release\spl\src\stm32f10x_iwdg.o
 .ARM.attributes
                0x00000000       0x33 obj\release\spl\src\stm32f10x_iwdg.o
 .debug_frame   0x00000000       0x70 obj\release\spl\src\stm32f10x_iwdg.o
 .text          0x00000000        0x0 obj\release\spl\src\stm32f10x_pwr.o
 .data          0x00000000        0x0 obj\release\spl\src\stm32f10x_pwr.o
 .bss           0x00000000        0x0 obj\release\spl\src\stm32f10x_pwr.o
 .text.PWR_DeInit
                0x00000000       0x1c obj\release\spl\src\stm32f10x_pwr.o
 .text.PWR_BackupAccessCmd
                0x00000000        0xc obj\release\spl\src\stm32f10x_pwr.o
 .text.PWR_PVDCmd
                0x00000000        0xc obj\release\spl\src\stm32f10x_pwr.o
 .text.PWR_PVDLevelConfig
                0x00000000       0x14 obj\release\spl\src\stm32f10x_pwr.o
 .text.PWR_WakeUpPinCmd
                0x00000000        0xc obj\release\spl\src\stm32f10x_pwr.o
 .text.PWR_EnterSTOPMode
                0x00000000       0x3c obj\release\spl\src\stm32f10x_pwr.o
 .text.PWR_EnterSTANDBYMode
                0x00000000       0x28 obj\release\spl\src\stm32f10x_pwr.o
 .text.PWR_GetFlagStatus
                0x00000000       0x14 obj\release\spl\src\stm32f10x_pwr.o
 .text.PWR_ClearFlag
                0x00000000       0x10 obj\release\spl\src\stm32f10x_pwr.o
 .debug_info    0x00000000      0x4d1 obj\release\spl\src\stm32f10x_pwr.o
 .debug_abbrev  0x00000000      0x1b7 obj\release\spl\src\stm32f10x_pwr.o
 .debug_loc     0x00000000      0x111 obj\release\spl\src\stm32f10x_pwr.o
 .debug_aranges
                0x00000000       0x60 obj\release\spl\src\stm32f10x_pwr.o
 .debug_ranges  0x00000000       0x50 obj\release\spl\src\stm32f10x_pwr.o
 .debug_line    0x00000000      0x20b obj\release\spl\src\stm32f10x_pwr.o
 .debug_str     0x00000000      0x338 obj\release\spl\src\stm32f10x_pwr.o
 .comment       0x00000000       0x47 obj\release\spl\src\stm32f10x_pwr.o
 .ARM.attributes
                0x00000000       0x33 obj\release\spl\src\stm32f10x_pwr.o
 .debug_frame   0x00000000       0xb0 obj\release\spl\src\stm32f10x_pwr.o
 .text          0x00000000        0x0 obj\release\spl\src\stm32f10x_rcc.o
 .data          0x00000000        0x0 obj\release\spl\src\stm32f10x_rcc.o
 .bss           0x00000000        0x0 obj\release\spl\src\stm32f10x_rcc.o
 .text.RCC_DeInit
                0x00000000       0x48 obj\release\spl\src\stm32f10x_rcc.o
 .text.RCC_HSEConfig
                0x00000000       0x38 obj\release\spl\src\stm32f10x_rcc.o
 .text.RCC_WaitForHSEStartUp
                0x00000000       0x38 obj\release\spl\src\stm32f10x_rcc.o
 .text.RCC_AdjustHSICalibrationValue
                0x00000000       0x14 obj\release\spl\src\stm32f10x_rcc.o
 .text.RCC_HSICmd
                0x00000000        0xc obj\release\spl\src\stm32f10x_rcc.o
 .text.RCC_PLLConfig
                0x00000000       0x14 obj\release\spl\src\stm32f10x_rcc.o
 .text.RCC_PLLCmd
                0x00000000        0xc obj\release\spl\src\stm32f10x_rcc.o
 .text.RCC_PREDIV1Config
                0x00000000       0x18 obj\release\spl\src\stm32f10x_rcc.o
 .text.RCC_SYSCLKConfig
                0x00000000       0x14 obj\release\spl\src\stm32f10x_rcc.o
 .text.RCC_GetSYSCLKSource
                0x00000000       0x10 obj\release\spl\src\stm32f10x_rcc.o
 .text.RCC_HCLKConfig
                0x00000000       0x14 obj\release\spl\src\stm32f10x_rcc.o
 .text.RCC_PCLK1Config
                0x00000000       0x14 obj\release\spl\src\stm32f10x_rcc.o
 .text.RCC_PCLK2Config
                0x00000000       0x14 obj\release\spl\src\stm32f10x_rcc.o
 .text.RCC_ITConfig
                0x00000000       0x18 obj\release\spl\src\stm32f10x_rcc.o
 .text.RCC_USBCLKConfig
                0x00000000        0xc obj\release\spl\src\stm32f10x_rcc.o
 .text.RCC_ADCCLKConfig
                0x00000000       0x14 obj\release\spl\src\stm32f10x_rcc.o
 .text.RCC_LSEConfig
                0x00000000       0x20 obj\release\spl\src\stm32f10x_rcc.o
 .text.RCC_LSICmd
                0x00000000        0xc obj\release\spl\src\stm32f10x_rcc.o
 .text.RCC_RTCCLKConfig
                0x00000000       0x10 obj\release\spl\src\stm32f10x_rcc.o
 .text.RCC_RTCCLKCmd
                0x00000000        0xc obj\release\spl\src\stm32f10x_rcc.o
 .text.RCC_AHBPeriphClockCmd
                0x00000000       0x18 obj\release\spl\src\stm32f10x_rcc.o
 .text.RCC_APB1PeriphClockCmd
                0x00000000       0x18 obj\release\spl\src\stm32f10x_rcc.o
 .text.RCC_APB2PeriphResetCmd
                0x00000000       0x18 obj\release\spl\src\stm32f10x_rcc.o
 .text.RCC_APB1PeriphResetCmd
                0x00000000       0x18 obj\release\spl\src\stm32f10x_rcc.o
 .text.RCC_BackupResetCmd
                0x00000000        0xc obj\release\spl\src\stm32f10x_rcc.o
 .text.RCC_ClockSecuritySystemCmd
                0x00000000        0xc obj\release\spl\src\stm32f10x_rcc.o
 .text.RCC_MCOConfig
                0x00000000        0xc obj\release\spl\src\stm32f10x_rcc.o
 .text.RCC_GetFlagStatus
                0x00000000       0x34 obj\release\spl\src\stm32f10x_rcc.o
 .text.RCC_ClearFlag
                0x00000000       0x10 obj\release\spl\src\stm32f10x_rcc.o
 .text.RCC_GetITStatus
                0x00000000       0x14 obj\release\spl\src\stm32f10x_rcc.o
 .text.RCC_ClearITPendingBit
                0x00000000        0xc obj\release\spl\src\stm32f10x_rcc.o
 .text          0x00000000        0x0 obj\release\spl\src\stm32f10x_rtc.o
 .data          0x00000000        0x0 obj\release\spl\src\stm32f10x_rtc.o
 .bss           0x00000000        0x0 obj\release\spl\src\stm32f10x_rtc.o
 .text.RTC_ITConfig
                0x00000000       0x1c obj\release\spl\src\stm32f10x_rtc.o
 .text.RTC_EnterConfigMode
                0x00000000       0x14 obj\release\spl\src\stm32f10x_rtc.o
 .text.RTC_ExitConfigMode
                0x00000000       0x14 obj\release\spl\src\stm32f10x_rtc.o
 .text.RTC_GetCounter
                0x00000000       0x14 obj\release\spl\src\stm32f10x_rtc.o
 .text.RTC_SetCounter
                0x00000000       0x28 obj\release\spl\src\stm32f10x_rtc.o
 .text.RTC_SetPrescaler
                0x00000000       0x28 obj\release\spl\src\stm32f10x_rtc.o
 .text.RTC_SetAlarm
                0x00000000       0x28 obj\release\spl\src\stm32f10x_rtc.o
 .text.RTC_GetDivider
                0x00000000       0x18 obj\release\spl\src\stm32f10x_rtc.o
 .text.RTC_WaitForLastTask
                0x00000000       0x10 obj\release\spl\src\stm32f10x_rtc.o
 .text.RTC_WaitForSynchro
                0x00000000       0x1c obj\release\spl\src\stm32f10x_rtc.o
 .text.RTC_GetFlagStatus
                0x00000000       0x14 obj\release\spl\src\stm32f10x_rtc.o
 .text.RTC_ClearFlag
                0x00000000       0x14 obj\release\spl\src\stm32f10x_rtc.o
 .text.RTC_GetITStatus
                0x00000000       0x20 obj\release\spl\src\stm32f10x_rtc.o
 .text.RTC_ClearITPendingBit
                0x00000000       0x14 obj\release\spl\src\stm32f10x_rtc.o
 .debug_info    0x00000000      0x4a9 obj\release\spl\src\stm32f10x_rtc.o
 .debug_abbrev  0x00000000      0x1c3 obj\release\spl\src\stm32f10x_rtc.o
 .debug_loc     0x00000000      0x20e obj\release\spl\src\stm32f10x_rtc.o
 .debug_aranges
                0x00000000       0x88 obj\release\spl\src\stm32f10x_rtc.o
 .debug_ranges  0x00000000       0xd8 obj\release\spl\src\stm32f10x_rtc.o
 .debug_line    0x00000000      0x270 obj\release\spl\src\stm32f10x_rtc.o
 .debug_str     0x00000000      0x3a1 obj\release\spl\src\stm32f10x_rtc.o
 .comment       0x00000000       0x47 obj\release\spl\src\stm32f10x_rtc.o
 .ARM.attributes
                0x00000000       0x33 obj\release\spl\src\stm32f10x_rtc.o
 .debug_frame   0x00000000       0xf0 obj\release\spl\src\stm32f10x_rtc.o
 .text          0x00000000        0x0 obj\release\spl\src\stm32f10x_sdio.o
 .data          0x00000000        0x0 obj\release\spl\src\stm32f10x_sdio.o
 .bss           0x00000000        0x0 obj\release\spl\src\stm32f10x_sdio.o
 .text.SDIO_DeInit
                0x00000000       0x24 obj\release\spl\src\stm32f10x_sdio.o
 .text.SDIO_Init
                0x00000000       0x30 obj\release\spl\src\stm32f10x_sdio.o
 .text.SDIO_StructInit
                0x00000000       0x10 obj\release\spl\src\stm32f10x_sdio.o
 .text.SDIO_ClockCmd
                0x00000000        0xc obj\release\spl\src\stm32f10x_sdio.o
 .text.SDIO_SetPowerState
                0x00000000       0x18 obj\release\spl\src\stm32f10x_sdio.o
 .text.SDIO_GetPowerState
                0x00000000       0x10 obj\release\spl\src\stm32f10x_sdio.o
 .text.SDIO_ITConfig
                0x00000000       0x18 obj\release\spl\src\stm32f10x_sdio.o
 .text.SDIO_DMACmd
                0x00000000        0xc obj\release\spl\src\stm32f10x_sdio.o
 .text.SDIO_SendCommand
                0x00000000       0x2c obj\release\spl\src\stm32f10x_sdio.o
 .text.SDIO_CmdStructInit
                0x00000000       0x10 obj\release\spl\src\stm32f10x_sdio.o
 .text.SDIO_GetCommandResponse
                0x00000000        0xc obj\release\spl\src\stm32f10x_sdio.o
 .text.SDIO_GetResponse
                0x00000000       0x18 obj\release\spl\src\stm32f10x_sdio.o
 .text.SDIO_DataConfig
                0x00000000       0x2c obj\release\spl\src\stm32f10x_sdio.o
 .text.SDIO_DataStructInit
                0x00000000       0x14 obj\release\spl\src\stm32f10x_sdio.o
 .text.SDIO_GetDataCounter
                0x00000000        0xc obj\release\spl\src\stm32f10x_sdio.o
 .text.SDIO_ReadData
                0x00000000        0xc obj\release\spl\src\stm32f10x_sdio.o
 .text.SDIO_WriteData
                0x00000000        0xc obj\release\spl\src\stm32f10x_sdio.o
 .text.SDIO_GetFIFOCount
                0x00000000        0xc obj\release\spl\src\stm32f10x_sdio.o
 .text.SDIO_StartSDIOReadWait
                0x00000000        0xc obj\release\spl\src\stm32f10x_sdio.o
 .text.SDIO_StopSDIOReadWait
                0x00000000        0xc obj\release\spl\src\stm32f10x_sdio.o
 .text.SDIO_SetSDIOReadWaitMode
                0x00000000        0xc obj\release\spl\src\stm32f10x_sdio.o
 .text.SDIO_SetSDIOOperation
                0x00000000        0xc obj\release\spl\src\stm32f10x_sdio.o
 .text.SDIO_SendSDIOSuspendCmd
                0x00000000        0xc obj\release\spl\src\stm32f10x_sdio.o
 .text.SDIO_CommandCompletionCmd
                0x00000000        0xc obj\release\spl\src\stm32f10x_sdio.o
 .text.SDIO_CEATAITCmd
                0x00000000       0x14 obj\release\spl\src\stm32f10x_sdio.o
 .text.SDIO_SendCEATACmd
                0x00000000        0xc obj\release\spl\src\stm32f10x_sdio.o
 .text.SDIO_GetFlagStatus
                0x00000000       0x14 obj\release\spl\src\stm32f10x_sdio.o
 .text.SDIO_ClearFlag
                0x00000000        0xc obj\release\spl\src\stm32f10x_sdio.o
 .text.SDIO_GetITStatus
                0x00000000       0x14 obj\release\spl\src\stm32f10x_sdio.o
 .text.SDIO_ClearITPendingBit
                0x00000000        0xc obj\release\spl\src\stm32f10x_sdio.o
 .debug_info    0x00000000      0x7ed obj\release\spl\src\stm32f10x_sdio.o
 .debug_abbrev  0x00000000      0x1cf obj\release\spl\src\stm32f10x_sdio.o
 .debug_loc     0x00000000      0x238 obj\release\spl\src\stm32f10x_sdio.o
 .debug_aranges
                0x00000000      0x108 obj\release\spl\src\stm32f10x_sdio.o
 .debug_ranges  0x00000000       0xf8 obj\release\spl\src\stm32f10x_sdio.o
 .debug_line    0x00000000      0x3a4 obj\release\spl\src\stm32f10x_sdio.o
 .debug_str     0x00000000      0x62f obj\release\spl\src\stm32f10x_sdio.o
 .comment       0x00000000       0x47 obj\release\spl\src\stm32f10x_sdio.o
 .ARM.attributes
                0x00000000       0x33 obj\release\spl\src\stm32f10x_sdio.o
 .debug_frame   0x00000000      0x20c obj\release\spl\src\stm32f10x_sdio.o
 .text          0x00000000        0x0 obj\release\spl\src\stm32f10x_spi.o
 .data          0x00000000        0x0 obj\release\spl\src\stm32f10x_spi.o
 .bss           0x00000000        0x0 obj\release\spl\src\stm32f10x_spi.o
 .text.SPI_I2S_DeInit
                0x00000000       0x6c obj\release\spl\src\stm32f10x_spi.o
 .text.SPI_Init
                0x00000000       0x40 obj\release\spl\src\stm32f10x_spi.o
 .text.I2S_Init
                0x00000000       0xb0 obj\release\spl\src\stm32f10x_spi.o
 .text.SPI_StructInit
                0x00000000       0x18 obj\release\spl\src\stm32f10x_spi.o
 .text.I2S_StructInit
                0x00000000       0x14 obj\release\spl\src\stm32f10x_spi.o
 .text.SPI_Cmd  0x00000000       0x1c obj\release\spl\src\stm32f10x_spi.o
 .text.I2S_Cmd  0x00000000       0x1c obj\release\spl\src\stm32f10x_spi.o
 .text.SPI_I2S_ITConfig
                0x00000000       0x20 obj\release\spl\src\stm32f10x_spi.o
 .text.SPI_I2S_DMACmd
                0x00000000       0x14 obj\release\spl\src\stm32f10x_spi.o
 .text.SPI_I2S_SendData
                0x00000000        0x4 obj\release\spl\src\stm32f10x_spi.o
 .text.SPI_I2S_ReceiveData
                0x00000000        0x8 obj\release\spl\src\stm32f10x_spi.o
 .text.SPI_NSSInternalSoftwareConfig
                0x00000000       0x20 obj\release\spl\src\stm32f10x_spi.o
 .text.SPI_SSOutputCmd
                0x00000000       0x1c obj\release\spl\src\stm32f10x_spi.o
 .text.SPI_DataSizeConfig
                0x00000000       0x18 obj\release\spl\src\stm32f10x_spi.o
 .text.SPI_TransmitCRC
                0x00000000        0xc obj\release\spl\src\stm32f10x_spi.o
 .text.SPI_CalculateCRC
                0x00000000       0x1c obj\release\spl\src\stm32f10x_spi.o
 .text.SPI_GetCRC
                0x00000000        0xc obj\release\spl\src\stm32f10x_spi.o
 .text.SPI_GetCRCPolynomial
                0x00000000        0x8 obj\release\spl\src\stm32f10x_spi.o
 .text.SPI_BiDirectionalLineConfig
                0x00000000       0x20 obj\release\spl\src\stm32f10x_spi.o
 .text.SPI_I2S_GetFlagStatus
                0x00000000        0xc obj\release\spl\src\stm32f10x_spi.o
 .text.SPI_I2S_ClearFlag
                0x00000000        0x8 obj\release\spl\src\stm32f10x_spi.o
 .text.SPI_I2S_GetITStatus
                0x00000000       0x2c obj\release\spl\src\stm32f10x_spi.o
 .text.SPI_I2S_ClearITPendingBit
                0x00000000       0x10 obj\release\spl\src\stm32f10x_spi.o
 .debug_info    0x00000000      0x9df obj\release\spl\src\stm32f10x_spi.o
 .debug_abbrev  0x00000000      0x1fc obj\release\spl\src\stm32f10x_spi.o
 .debug_loc     0x00000000      0x500 obj\release\spl\src\stm32f10x_spi.o
 .debug_aranges
                0x00000000       0xd0 obj\release\spl\src\stm32f10x_spi.o
 .debug_ranges  0x00000000       0xc0 obj\release\spl\src\stm32f10x_spi.o
 .debug_line    0x00000000      0x38b obj\release\spl\src\stm32f10x_spi.o
 .debug_str     0x00000000      0x63c obj\release\spl\src\stm32f10x_spi.o
 .comment       0x00000000       0x47 obj\release\spl\src\stm32f10x_spi.o
 .ARM.attributes
                0x00000000       0x33 obj\release\spl\src\stm32f10x_spi.o
 .debug_frame   0x00000000      0x1ac obj\release\spl\src\stm32f10x_spi.o
 .text          0x00000000        0x0 obj\release\spl\src\stm32f10x_tim.o
 .data          0x00000000        0x0 obj\release\spl\src\stm32f10x_tim.o
 .bss           0x00000000        0x0 obj\release\spl\src\stm32f10x_tim.o
 .text.TI1_Config
                0x00000000       0x78 obj\release\spl\src\stm32f10x_tim.o
 .text.TI2_Config
                0x00000000       0x80 obj\release\spl\src\stm32f10x_tim.o
 .text.TIM_DeInit
                0x00000000      0x234 obj\release\spl\src\stm32f10x_tim.o
 .text.TIM_TimeBaseInit
                0x00000000       0xac obj\release\spl\src\stm32f10x_tim.o
 .text.TIM_OC1Init
                0x00000000       0x90 obj\release\spl\src\stm32f10x_tim.o
 .text.TIM_OC2Init
                0x00000000       0x90 obj\release\spl\src\stm32f10x_tim.o
 .text.TIM_OC3Init
                0x00000000       0x8c obj\release\spl\src\stm32f10x_tim.o
 .text.TIM_OC4Init
                0x00000000       0x6c obj\release\spl\src\stm32f10x_tim.o
 .text.TIM_ICInit
                0x00000000      0x180 obj\release\spl\src\stm32f10x_tim.o
 .text.TIM_PWMIConfig
                0x00000000       0xac obj\release\spl\src\stm32f10x_tim.o
 .text.TIM_BDTRConfig
                0x00000000       0x28 obj\release\spl\src\stm32f10x_tim.o
 .text.TIM_TimeBaseStructInit
                0x00000000       0x14 obj\release\spl\src\stm32f10x_tim.o
 .text.TIM_OCStructInit
                0x00000000       0x14 obj\release\spl\src\stm32f10x_tim.o
 .text.TIM_ICStructInit
                0x00000000       0x10 obj\release\spl\src\stm32f10x_tim.o
 .text.TIM_BDTRStructInit
                0x00000000       0x14 obj\release\spl\src\stm32f10x_tim.o
 .text.TIM_Cmd  0x00000000       0x1c obj\release\spl\src\stm32f10x_tim.o
 .text.TIM_CtrlPWMOutputs
                0x00000000       0x20 obj\release\spl\src\stm32f10x_tim.o
 .text.TIM_ITConfig
                0x00000000       0x14 obj\release\spl\src\stm32f10x_tim.o
 .text.TIM_GenerateEvent
                0x00000000        0x4 obj\release\spl\src\stm32f10x_tim.o
 .text.TIM_DMAConfig
                0x00000000        0x8 obj\release\spl\src\stm32f10x_tim.o
 .text.TIM_DMACmd
                0x00000000       0x14 obj\release\spl\src\stm32f10x_tim.o
 .text.TIM_InternalClockConfig
                0x00000000       0x10 obj\release\spl\src\stm32f10x_tim.o
 .text.TIM_ITRxExternalClockConfig
                0x00000000       0x1c obj\release\spl\src\stm32f10x_tim.o
 .text.TIM_TIxExternalClockConfig
                0x00000000       0x34 obj\release\spl\src\stm32f10x_tim.o
 .text.TIM_ETRClockMode1Config
                0x00000000       0x28 obj\release\spl\src\stm32f10x_tim.o
 .text.TIM_ETRClockMode2Config
                0x00000000       0x24 obj\release\spl\src\stm32f10x_tim.o
 .text.TIM_ETRConfig
                0x00000000       0x18 obj\release\spl\src\stm32f10x_tim.o
 .text.TIM_PrescalerConfig
                0x00000000        0x8 obj\release\spl\src\stm32f10x_tim.o
 .text.TIM_CounterModeConfig
                0x00000000       0x10 obj\release\spl\src\stm32f10x_tim.o
 .text.TIM_SelectInputTrigger
                0x00000000       0x10 obj\release\spl\src\stm32f10x_tim.o
 .text.TIM_EncoderInterfaceConfig
                0x00000000       0x40 obj\release\spl\src\stm32f10x_tim.o
 .text.TIM_ForcedOC1Config
                0x00000000       0x10 obj\release\spl\src\stm32f10x_tim.o
 .text.TIM_ForcedOC2Config
                0x00000000       0x14 obj\release\spl\src\stm32f10x_tim.o
 .text.TIM_ForcedOC3Config
                0x00000000       0x10 obj\release\spl\src\stm32f10x_tim.o
 .text.TIM_ForcedOC4Config
                0x00000000       0x14 obj\release\spl\src\stm32f10x_tim.o
 .text.TIM_ARRPreloadConfig
                0x00000000       0x1c obj\release\spl\src\stm32f10x_tim.o
 .text.TIM_SelectCOM
                0x00000000       0x1c obj\release\spl\src\stm32f10x_tim.o
 .text.TIM_SelectCCDMA
                0x00000000       0x1c obj\release\spl\src\stm32f10x_tim.o
 .text.TIM_CCPreloadControl
                0x00000000       0x1c obj\release\spl\src\stm32f10x_tim.o
 .text.TIM_OC1PreloadConfig
                0x00000000       0x10 obj\release\spl\src\stm32f10x_tim.o
 .text.TIM_OC2PreloadConfig
                0x00000000       0x14 obj\release\spl\src\stm32f10x_tim.o
 .text.TIM_OC3PreloadConfig
                0x00000000       0x10 obj\release\spl\src\stm32f10x_tim.o
 .text.TIM_OC4PreloadConfig
                0x00000000       0x14 obj\release\spl\src\stm32f10x_tim.o
 .text.TIM_OC1FastConfig
                0x00000000       0x10 obj\release\spl\src\stm32f10x_tim.o
 .text.TIM_OC2FastConfig
                0x00000000       0x14 obj\release\spl\src\stm32f10x_tim.o
 .text.TIM_OC3FastConfig
                0x00000000       0x10 obj\release\spl\src\stm32f10x_tim.o
 .text.TIM_OC4FastConfig
                0x00000000       0x14 obj\release\spl\src\stm32f10x_tim.o
 .text.TIM_ClearOC1Ref
                0x00000000       0x10 obj\release\spl\src\stm32f10x_tim.o
 .text.TIM_ClearOC2Ref
                0x00000000       0x10 obj\release\spl\src\stm32f10x_tim.o
 .text.TIM_ClearOC3Ref
                0x00000000       0x10 obj\release\spl\src\stm32f10x_tim.o
 .text.TIM_ClearOC4Ref
                0x00000000       0x10 obj\release\spl\src\stm32f10x_tim.o
 .text.TIM_OC1PolarityConfig
                0x00000000       0x10 obj\release\spl\src\stm32f10x_tim.o
 .text.TIM_OC1NPolarityConfig
                0x00000000       0x10 obj\release\spl\src\stm32f10x_tim.o
 .text.TIM_OC2PolarityConfig
                0x00000000       0x14 obj\release\spl\src\stm32f10x_tim.o
 .text.TIM_OC2NPolarityConfig
                0x00000000       0x14 obj\release\spl\src\stm32f10x_tim.o
 .text.TIM_OC3PolarityConfig
                0x00000000       0x14 obj\release\spl\src\stm32f10x_tim.o
 .text.TIM_OC3NPolarityConfig
                0x00000000       0x14 obj\release\spl\src\stm32f10x_tim.o
 .text.TIM_OC4PolarityConfig
                0x00000000       0x14 obj\release\spl\src\stm32f10x_tim.o
 .text.TIM_CCxCmd
                0x00000000       0x1c obj\release\spl\src\stm32f10x_tim.o
 .text.TIM_CCxNCmd
                0x00000000       0x1c obj\release\spl\src\stm32f10x_tim.o
 .text.TIM_SelectOCxM
                0x00000000       0x48 obj\release\spl\src\stm32f10x_tim.o
 .text.TIM_UpdateDisableConfig
                0x00000000       0x1c obj\release\spl\src\stm32f10x_tim.o
 .text.TIM_UpdateRequestConfig
                0x00000000       0x1c obj\release\spl\src\stm32f10x_tim.o
 .text.TIM_SelectHallSensor
                0x00000000       0x1c obj\release\spl\src\stm32f10x_tim.o
 .text.TIM_SelectOnePulseMode
                0x00000000       0x18 obj\release\spl\src\stm32f10x_tim.o
 .text.TIM_SelectOutputTrigger
                0x00000000       0x18 obj\release\spl\src\stm32f10x_tim.o
 .text.TIM_SelectSlaveMode
                0x00000000       0x18 obj\release\spl\src\stm32f10x_tim.o
 .text.TIM_SelectMasterSlaveMode
                0x00000000       0x18 obj\release\spl\src\stm32f10x_tim.o
 .text.TIM_SetCounter
                0x00000000        0x4 obj\release\spl\src\stm32f10x_tim.o
 .text.TIM_SetAutoreload
                0x00000000        0x4 obj\release\spl\src\stm32f10x_tim.o
 .text.TIM_SetCompare1
                0x00000000        0x4 obj\release\spl\src\stm32f10x_tim.o
 .text.TIM_SetCompare2
                0x00000000        0x4 obj\release\spl\src\stm32f10x_tim.o
 .text.TIM_SetCompare3
                0x00000000        0x4 obj\release\spl\src\stm32f10x_tim.o
 .text.TIM_SetCompare4
                0x00000000        0x8 obj\release\spl\src\stm32f10x_tim.o
 .text.TIM_SetIC1Prescaler
                0x00000000       0x18 obj\release\spl\src\stm32f10x_tim.o
 .text.TIM_SetIC2Prescaler
                0x00000000       0x1c obj\release\spl\src\stm32f10x_tim.o
 .text.TIM_SetIC3Prescaler
                0x00000000       0x18 obj\release\spl\src\stm32f10x_tim.o
 .text.TIM_SetIC4Prescaler
                0x00000000       0x1c obj\release\spl\src\stm32f10x_tim.o
 .text.TIM_SetClockDivision
                0x00000000       0x18 obj\release\spl\src\stm32f10x_tim.o
 .text.TIM_GetCapture1
                0x00000000        0x8 obj\release\spl\src\stm32f10x_tim.o
 .text.TIM_GetCapture2
                0x00000000        0x8 obj\release\spl\src\stm32f10x_tim.o
 .text.TIM_GetCapture3
                0x00000000        0x8 obj\release\spl\src\stm32f10x_tim.o
 .text.TIM_GetCapture4
                0x00000000        0x8 obj\release\spl\src\stm32f10x_tim.o
 .text.TIM_GetCounter
                0x00000000        0x8 obj\release\spl\src\stm32f10x_tim.o
 .text.TIM_GetPrescaler
                0x00000000        0x8 obj\release\spl\src\stm32f10x_tim.o
 .text.TIM_GetFlagStatus
                0x00000000        0xc obj\release\spl\src\stm32f10x_tim.o
 .text.TIM_ClearFlag
                0x00000000        0x8 obj\release\spl\src\stm32f10x_tim.o
 .text.TIM_GetITStatus
                0x00000000       0x18 obj\release\spl\src\stm32f10x_tim.o
 .text.TIM_ClearITPendingBit
                0x00000000        0x8 obj\release\spl\src\stm32f10x_tim.o
 .debug_info    0x00000000     0x23b4 obj\release\spl\src\stm32f10x_tim.o
 .debug_abbrev  0x00000000      0x2cd obj\release\spl\src\stm32f10x_tim.o
 .debug_loc     0x00000000     0x1d45 obj\release\spl\src\stm32f10x_tim.o
 .debug_aranges
                0x00000000      0x2e0 obj\release\spl\src\stm32f10x_tim.o
 .debug_ranges  0x00000000      0x3f0 obj\release\spl\src\stm32f10x_tim.o
 .debug_line    0x00000000      0xbfe obj\release\spl\src\stm32f10x_tim.o
 .debug_str     0x00000000      0xe0a obj\release\spl\src\stm32f10x_tim.o
 .comment       0x00000000       0x47 obj\release\spl\src\stm32f10x_tim.o
 .ARM.attributes
                0x00000000       0x33 obj\release\spl\src\stm32f10x_tim.o
 .debug_frame   0x00000000      0x64c obj\release\spl\src\stm32f10x_tim.o
 .text          0x00000000        0x0 obj\release\spl\src\stm32f10x_usart.o
 .data          0x00000000        0x0 obj\release\spl\src\stm32f10x_usart.o
 .bss           0x00000000        0x0 obj\release\spl\src\stm32f10x_usart.o
 .text.USART_DeInit
                0x00000000       0xb0 obj\release\spl\src\stm32f10x_usart.o
 .text.USART_ClockInit
                0x00000000       0x24 obj\release\spl\src\stm32f10x_usart.o
 .text.USART_ClockStructInit
                0x00000000        0xc obj\release\spl\src\stm32f10x_usart.o
 .text.USART_DMACmd
                0x00000000       0x14 obj\release\spl\src\stm32f10x_usart.o
 .text.USART_SetAddress
                0x00000000       0x18 obj\release\spl\src\stm32f10x_usart.o
 .text.USART_WakeUpConfig
                0x00000000       0x18 obj\release\spl\src\stm32f10x_usart.o
 .text.USART_ReceiverWakeUpCmd
                0x00000000       0x1c obj\release\spl\src\stm32f10x_usart.o
 .text.USART_LINBreakDetectLengthConfig
                0x00000000       0x18 obj\release\spl\src\stm32f10x_usart.o
 .text.USART_LINCmd
                0x00000000       0x1c obj\release\spl\src\stm32f10x_usart.o
 .text.USART_ReceiveData
                0x00000000        0x8 obj\release\spl\src\stm32f10x_usart.o
 .text.USART_SendBreak
                0x00000000        0xc obj\release\spl\src\stm32f10x_usart.o
 .text.USART_SetGuardTime
                0x00000000       0x14 obj\release\spl\src\stm32f10x_usart.o
 .text.USART_SetPrescaler
                0x00000000       0x14 obj\release\spl\src\stm32f10x_usart.o
 .text.USART_SmartCardCmd
                0x00000000       0x1c obj\release\spl\src\stm32f10x_usart.o
 .text.USART_SmartCardNACKCmd
                0x00000000       0x1c obj\release\spl\src\stm32f10x_usart.o
 .text.USART_HalfDuplexCmd
                0x00000000       0x1c obj\release\spl\src\stm32f10x_usart.o
 .text.USART_OverSampling8Cmd
                0x00000000       0x1c obj\release\spl\src\stm32f10x_usart.o
 .text.USART_OneBitMethodCmd
                0x00000000       0x1c obj\release\spl\src\stm32f10x_usart.o
 .text.USART_IrDAConfig
                0x00000000       0x18 obj\release\spl\src\stm32f10x_usart.o
 .text.USART_IrDACmd
                0x00000000       0x1c obj\release\spl\src\stm32f10x_usart.o
 .text.USART_GetFlagStatus
                0x00000000        0xc obj\release\spl\src\stm32f10x_usart.o
 .text.USART_ClearFlag
                0x00000000        0x8 obj\release\spl\src\stm32f10x_usart.o
 .text          0x00000000        0x0 obj\release\spl\src\stm32f10x_wwdg.o
 .data          0x00000000        0x0 obj\release\spl\src\stm32f10x_wwdg.o
 .bss           0x00000000        0x0 obj\release\spl\src\stm32f10x_wwdg.o
 .text.WWDG_DeInit
                0x00000000       0x1c obj\release\spl\src\stm32f10x_wwdg.o
 .text.WWDG_SetPrescaler
                0x00000000       0x14 obj\release\spl\src\stm32f10x_wwdg.o
 .text.WWDG_SetWindowValue
                0x00000000       0x28 obj\release\spl\src\stm32f10x_wwdg.o
 .text.WWDG_EnableIT
                0x00000000        0xc obj\release\spl\src\stm32f10x_wwdg.o
 .text.WWDG_SetCounter
                0x00000000       0x10 obj\release\spl\src\stm32f10x_wwdg.o
 .text.WWDG_Enable
                0x00000000       0x10 obj\release\spl\src\stm32f10x_wwdg.o
 .text.WWDG_GetFlagStatus
                0x00000000        0xc obj\release\spl\src\stm32f10x_wwdg.o
 .text.WWDG_ClearFlag
                0x00000000        0xc obj\release\spl\src\stm32f10x_wwdg.o
 .debug_info    0x00000000      0x28b obj\release\spl\src\stm32f10x_wwdg.o
 .debug_abbrev  0x00000000      0x14f obj\release\spl\src\stm32f10x_wwdg.o
 .debug_loc     0x00000000       0xae obj\release\spl\src\stm32f10x_wwdg.o
 .debug_aranges
                0x00000000       0x58 obj\release\spl\src\stm32f10x_wwdg.o
 .debug_ranges  0x00000000       0x48 obj\release\spl\src\stm32f10x_wwdg.o
 .debug_line    0x00000000      0x1c5 obj\release\spl\src\stm32f10x_wwdg.o
 .debug_str     0x00000000      0x283 obj\release\spl\src\stm32f10x_wwdg.o
 .comment       0x00000000       0x47 obj\release\spl\src\stm32f10x_wwdg.o
 .ARM.attributes
                0x00000000       0x33 obj\release\spl\src\stm32f10x_wwdg.o
 .debug_frame   0x00000000       0x9c obj\release\spl\src\stm32f10x_wwdg.o
 .text          0x00000000        0x0 obj\release\src\main.o
 .data          0x00000000        0x0 obj\release\src\main.o
 .bss           0x00000000        0x0 obj\release\src\main.o
 .data          0x00000000        0x0 obj\release\src\startup_stm32f10x_ld_vl.o
 .bss           0x00000000        0x0 obj\release\src\startup_stm32f10x_ld_vl.o
 .text          0x00000000        0x0 obj\release\src\system_stm32f10x.o
 .data          0x00000000        0x0 obj\release\src\system_stm32f10x.o
 .bss           0x00000000        0x0 obj\release\src\system_stm32f10x.o
 .text.SystemCoreClockUpdate
                0x00000000       0x64 obj\release\src\system_stm32f10x.o
 .data.AHBPrescTable
                0x00000000       0x10 obj\release\src\system_stm32f10x.o
 .data.SystemCoreClock
                0x00000000        0x4 obj\release\src\system_stm32f10x.o
 .text          0x00000000        0x0 c:/program files/embitz/0.42/share/em_armgcc/bin/../lib/gcc/arm-none-eabi/4.8.4/../../../../arm-none-eabi/lib/armv7-m\libg_n.a(lib_a-exit.o)
 .data          0x00000000        0x0 c:/program files/embitz/0.42/share/em_armgcc/bin/../lib/gcc/arm-none-eabi/4.8.4/../../../../arm-none-eabi/lib/armv7-m\libg_n.a(lib_a-exit.o)
 .bss           0x00000000        0x0 c:/program files/embitz/0.42/share/em_armgcc/bin/../lib/gcc/arm-none-eabi/4.8.4/../../../../arm-none-eabi/lib/armv7-m\libg_n.a(lib_a-exit.o)
 .text          0x00000000        0x0 c:/program files/embitz/0.42/share/em_armgcc/bin/../lib/gcc/arm-none-eabi/4.8.4/../../../../arm-none-eabi/lib/armv7-m\libg_n.a(lib_a-impure.o)
 .data          0x00000000        0x0 c:/program files/embitz/0.42/share/em_armgcc/bin/../lib/gcc/arm-none-eabi/4.8.4/../../../../arm-none-eabi/lib/armv7-m\libg_n.a(lib_a-impure.o)
 .bss           0x00000000        0x0 c:/program files/embitz/0.42/share/em_armgcc/bin/../lib/gcc/arm-none-eabi/4.8.4/../../../../arm-none-eabi/lib/armv7-m\libg_n.a(lib_a-impure.o)
 .data._impure_ptr
                0x00000000        0x4 c:/program files/embitz/0.42/share/em_armgcc/bin/../lib/gcc/arm-none-eabi/4.8.4/../../../../arm-none-eabi/lib/armv7-m\libg_n.a(lib_a-impure.o)
 .text          0x00000000        0x0 c:/program files/embitz/0.42/share/em_armgcc/bin/../lib/gcc/arm-none-eabi/4.8.4/../../../../arm-none-eabi/lib/armv7-m\libg_n.a(lib_a-init.o)
 .data          0x00000000        0x0 c:/program files/embitz/0.42/share/em_armgcc/bin/../lib/gcc/arm-none-eabi/4.8.4/../../../../arm-none-eabi/lib/armv7-m\libg_n.a(lib_a-init.o)
 .bss           0x00000000        0x0 c:/program files/embitz/0.42/share/em_armgcc/bin/../lib/gcc/arm-none-eabi/4.8.4/../../../../arm-none-eabi/lib/armv7-m\libg_n.a(lib_a-init.o)
 .text          0x00000000        0x0 c:/program files/embitz/0.42/share/em_armgcc/bin/../lib/gcc/arm-none-eabi/4.8.4/../../../../arm-none-eabi/lib/armv7-m\libg_n.a(lib_a-memset.o)
 .data          0x00000000        0x0 c:/program files/embitz/0.42/share/em_armgcc/bin/../lib/gcc/arm-none-eabi/4.8.4/../../../../arm-none-eabi/lib/armv7-m\libg_n.a(lib_a-memset.o)
 .bss           0x00000000        0x0 c:/program files/embitz/0.42/share/em_armgcc/bin/../lib/gcc/arm-none-eabi/4.8.4/../../../../arm-none-eabi/lib/armv7-m\libg_n.a(lib_a-memset.o)
 .data          0x00000000        0x0 c:/program files/embitz/0.42/share/em_armgcc/bin/../lib/gcc/arm-none-eabi/4.8.4/../../../../arm-none-eabi/lib/armv7-m\libnosys_s.a(_exit.o)
 .bss           0x00000000        0x0 c:/program files/embitz/0.42/share/em_armgcc/bin/../lib/gcc/arm-none-eabi/4.8.4/../../../../arm-none-eabi/lib/armv7-m\libnosys_s.a(_exit.o)
 .text          0x00000000        0x0 c:/program files/embitz/0.42/share/em_armgcc/bin/../lib/gcc/arm-none-eabi/4.8.4/armv7-m/crtend.o
 .data          0x00000000        0x0 c:/program files/embitz/0.42/share/em_armgcc/bin/../lib/gcc/arm-none-eabi/4.8.4/armv7-m/crtend.o
 .bss           0x00000000        0x0 c:/program files/embitz/0.42/share/em_armgcc/bin/../lib/gcc/arm-none-eabi/4.8.4/armv7-m/crtend.o
 .jcr           0x00000000        0x4 c:/program files/embitz/0.42/share/em_armgcc/bin/../lib/gcc/arm-none-eabi/4.8.4/armv7-m/crtend.o
 .text          0x00000000        0x0 c:/program files/embitz/0.42/share/em_armgcc/bin/../lib/gcc/arm-none-eabi/4.8.4/armv7-m/crtn.o
 .data          0x00000000        0x0 c:/program files/embitz/0.42/share/em_armgcc/bin/../lib/gcc/arm-none-eabi/4.8.4/armv7-m/crtn.o
 .bss           0x00000000        0x0 c:/program files/embitz/0.42/share/em_armgcc/bin/../lib/gcc/arm-none-eabi/4.8.4/armv7-m/crtn.o

Memory Configuration

Name             Origin             Length             Attributes
ROM              0x08000000         0x00004000         xr
RAM              0x20000000         0x00001000         xrw
*default*        0x00000000         0xffffffff

Linker script and memory map

LOAD c:/program files/embitz/0.42/share/em_armgcc/bin/../lib/gcc/arm-none-eabi/4.8.4/armv7-m/crti.o
LOAD c:/program files/embitz/0.42/share/em_armgcc/bin/../lib/gcc/arm-none-eabi/4.8.4/armv7-m/crtbegin.o
LOAD c:/program files/embitz/0.42/share/em_armgcc/bin/../lib/gcc/arm-none-eabi/4.8.4/../../../../arm-none-eabi/lib/armv7-m/crt0.o
                0x00000000                __HEAP_SIZE = 0x0
                0x00000100                __STACK_SIZE = 0x100

.text           0x08000000      0x900
 *(.isr_vector)
 .isr_vector    0x08000000      0x120 obj\release\src\startup_stm32f10x_ld_vl.o
                0x08000000                __isr_vector
 *(.text*)
 .text          0x08000120       0x54 c:/program files/embitz/0.42/share/em_armgcc/bin/../lib/gcc/arm-none-eabi/4.8.4/armv7-m/crtbegin.o
 .text          0x08000174       0x74 c:/program files/embitz/0.42/share/em_armgcc/bin/../lib/gcc/arm-none-eabi/4.8.4/../../../../arm-none-eabi/lib/armv7-m/crt0.o
                0x08000174                _start
                0x08000174                _mainCRTStartup
 .text.GPIO_Init
                0x080001e8       0xc4 obj\release\spl\src\stm32f10x_gpio.o
                0x080001e8                GPIO_Init
 .text.GPIO_StructInit
                0x080002ac       0x10 obj\release\spl\src\stm32f10x_gpio.o
                0x080002ac                GPIO_StructInit
 .text.GPIO_ReadInputDataBit
                0x080002bc        0xc obj\release\spl\src\stm32f10x_gpio.o
                0x080002bc                GPIO_ReadInputDataBit
 .text.RCC_GetClocksFreq
                0x080002c8       0x98 obj\release\spl\src\stm32f10x_rcc.o
                0x080002c8                RCC_GetClocksFreq
 .text.RCC_APB2PeriphClockCmd
                0x08000360       0x18 obj\release\spl\src\stm32f10x_rcc.o
                0x08000360                RCC_APB2PeriphClockCmd
 .text.USART_Init
                0x08000378       0xbc obj\release\spl\src\stm32f10x_usart.o
                0x08000378                USART_Init
 .text.USART_StructInit
                0x08000434       0x18 obj\release\spl\src\stm32f10x_usart.o
                0x08000434                USART_StructInit
 .text.USART_Cmd
                0x0800044c       0x1c obj\release\spl\src\stm32f10x_usart.o
                0x0800044c                USART_Cmd
 .text.USART_ITConfig
                0x08000468       0x3c obj\release\spl\src\stm32f10x_usart.o
                0x08000468                USART_ITConfig
 .text.USART_SendData
                0x080004a4        0x8 obj\release\spl\src\stm32f10x_usart.o
                0x080004a4                USART_SendData
 .text.USART_GetITStatus
                0x080004ac       0x4c obj\release\spl\src\stm32f10x_usart.o
                0x080004ac                USART_GetITStatus
 .text.USART_ClearITPendingBit
                0x080004f8       0x10 obj\release\spl\src\stm32f10x_usart.o
                0x080004f8                USART_ClearITPendingBit
 .text.initAll  0x08000508       0x94 obj\release\src\main.o
                0x08000508                initAll
 .text.setData  0x0800059c       0x90 obj\release\src\main.o
                0x0800059c                setData
 .text.startup.main
                0x0800062c       0x58 obj\release\src\main.o
                0x0800062c                main
 .text.USART1_IRQHandler
                0x08000684       0x3c obj\release\src\main.o
                0x08000684                USART1_IRQHandler
 .text          0x080006c0       0xac obj\release\src\startup_stm32f10x_ld_vl.o
                0x080006c0                Reset_Handler
                0x08000706                NMI_Handler
                0x08000708                HardFault_Handler
                0x0800070a                MemManage_Handler
                0x0800070c                BusFault_Handler
                0x0800070e                UsageFault_Handler
                0x08000710                SVC_Handler
                0x08000712                DebugMon_Handler
                0x08000714                PendSV_Handler
                0x08000716                SysTick_Handler
                0x08000718                Default_Handler
                0x0800071a                WWDG_IRQHandler
                0x0800071c                PVD_IRQHandler
                0x0800071e                TAMPER_IRQHandler
                0x08000720                RTC_IRQHandler
                0x08000722                FLASH_IRQHandler
                0x08000724                RCC_IRQHandler
                0x08000726                EXTI0_IRQHandler
                0x08000728                EXTI1_IRQHandler
                0x0800072a                EXTI2_IRQHandler
                0x0800072c                EXTI3_IRQHandler
                0x0800072e                EXTI4_IRQHandler
                0x08000730                DMA1_Channel1_IRQHandler
                0x08000732                DMA1_Channel2_IRQHandler
                0x08000734                DMA1_Channel3_IRQHandler
                0x08000736                DMA1_Channel4_IRQHandler
                0x08000738                DMA1_Channel5_IRQHandler
                0x0800073a                DMA1_Channel6_IRQHandler
                0x0800073c                DMA1_Channel7_IRQHandler
                0x0800073e                ADC1_IRQHandler
                0x08000740                EXTI9_5_IRQHandler
                0x08000742                TIM1_BRK_TIM15_IRQHandler
                0x08000744                TIM1_UP_TIM16_IRQHandler
                0x08000746                TIM1_TRG_COM_TIM17_IRQHandler
                0x08000748                TIM1_CC_IRQHandler
                0x0800074a                TIM2_IRQHandler
                0x0800074c                TIM3_IRQHandler
                0x0800074e                I2C1_EV_IRQHandler
                0x08000750                I2C1_ER_IRQHandler
                0x08000752                SPI1_IRQHandler
                0x08000756                USART2_IRQHandler
                0x08000758                EXTI15_10_IRQHandler
                0x0800075a                RTCAlarm_IRQHandler
                0x0800075c                CEC_IRQHandler
                0x0800075e                TIM6_DAC_IRQHandler
                0x08000760                TIM7_IRQHandler
 .text.SystemInit
                0x0800076c       0xe8 obj\release\src\system_stm32f10x.o
                0x0800076c                SystemInit
 .text.exit     0x08000854       0x28 c:/program files/embitz/0.42/share/em_armgcc/bin/../lib/gcc/arm-none-eabi/4.8.4/../../../../arm-none-eabi/lib/armv7-m\libg_n.a(lib_a-exit.o)
                0x08000854                exit
 .text.__libc_init_array
                0x0800087c       0x4c c:/program files/embitz/0.42/share/em_armgcc/bin/../lib/gcc/arm-none-eabi/4.8.4/../../../../arm-none-eabi/lib/armv7-m\libg_n.a(lib_a-init.o)
                0x0800087c                __libc_init_array
 .text.memset   0x080008c8       0x10 c:/program files/embitz/0.42/share/em_armgcc/bin/../lib/gcc/arm-none-eabi/4.8.4/../../../../arm-none-eabi/lib/armv7-m\libg_n.a(lib_a-memset.o)
                0x080008c8                memset
 .text          0x080008d8        0x2 c:/program files/embitz/0.42/share/em_armgcc/bin/../lib/gcc/arm-none-eabi/4.8.4/../../../../arm-none-eabi/lib/armv7-m\libnosys_s.a(_exit.o)
                0x080008d8                _exit
 *(.init)
 *fill*         0x080008da        0x2 
 .init          0x080008dc        0x4 c:/program files/embitz/0.42/share/em_armgcc/bin/../lib/gcc/arm-none-eabi/4.8.4/armv7-m/crti.o
                0x080008dc                _init
 .init          0x080008e0        0x8 c:/program files/embitz/0.42/share/em_armgcc/bin/../lib/gcc/arm-none-eabi/4.8.4/armv7-m/crtn.o
 *(.fini)
 .fini          0x080008e8        0x4 c:/program files/embitz/0.42/share/em_armgcc/bin/../lib/gcc/arm-none-eabi/4.8.4/armv7-m/crti.o
                0x080008e8                _fini
 .fini          0x080008ec        0x8 c:/program files/embitz/0.42/share/em_armgcc/bin/../lib/gcc/arm-none-eabi/4.8.4/armv7-m/crtn.o
 *crtbegin.o(.ctors)
 *crtbegin?.o(.ctors)
 *(EXCLUDE_FILE(*crtend.o *crtend?.o) .ctors)
 *(SORT(.ctors.*))
 *(.ctors)
 *crtbegin.o(.dtors)
 *crtbegin?.o(.dtors)
 *(EXCLUDE_FILE(*crtend.o *crtend?.o) .dtors)
 *(SORT(.dtors.*))
 *(.dtors)
 *(.rodata*)
 .rodata.str1.1
                0x080008f4        0x2 c:/program files/embitz/0.42/share/em_armgcc/bin/../lib/gcc/arm-none-eabi/4.8.4/../../../../arm-none-eabi/lib/armv7-m\libg_n.a(lib_a-impure.o)
 *fill*         0x080008f6        0x2 
 .rodata._global_impure_ptr
                0x080008f8        0x4 c:/program files/embitz/0.42/share/em_armgcc/bin/../lib/gcc/arm-none-eabi/4.8.4/../../../../arm-none-eabi/lib/armv7-m\libg_n.a(lib_a-impure.o)
                0x080008f8                _global_impure_ptr
 *(.eh_frame*)
 .eh_frame      0x080008fc        0x0 c:/program files/embitz/0.42/share/em_armgcc/bin/../lib/gcc/arm-none-eabi/4.8.4/armv7-m/crtbegin.o
 .eh_frame      0x080008fc        0x4 c:/program files/embitz/0.42/share/em_armgcc/bin/../lib/gcc/arm-none-eabi/4.8.4/armv7-m/crtend.o

.glue_7         0x08000900        0x0
 .glue_7        0x00000000        0x0 linker stubs

.glue_7t        0x08000900        0x0
 .glue_7t       0x00000000        0x0 linker stubs

.vfp11_veneer   0x08000900        0x0
 .vfp11_veneer  0x00000000        0x0 linker stubs

.v4_bx          0x08000900        0x0
 .v4_bx         0x00000000        0x0 linker stubs

.iplt           0x08000900        0x0
 .iplt          0x00000000        0x0 c:/program files/embitz/0.42/share/em_armgcc/bin/../lib/gcc/arm-none-eabi/4.8.4/armv7-m/crtbegin.o

.ARM.extab
 *(.ARM.extab* .gnu.linkonce.armextab.*)
                0x08000900                __exidx_start = .

.ARM.exidx      0x08000900        0x8
 *(.ARM.exidx* .gnu.linkonce.armexidx.*)
 .ARM.exidx     0x08000900        0x8 c:/program files/embitz/0.42/share/em_armgcc/bin/../lib/gcc/arm-none-eabi/4.8.4/../../../../arm-none-eabi/lib/armv7-m/crt0.o
                0x08000908                __exidx_end = .
                0x08000908                __etext = .

.rel.dyn        0x08000908        0x0
 .rel.iplt      0x00000000        0x0 c:/program files/embitz/0.42/share/em_armgcc/bin/../lib/gcc/arm-none-eabi/4.8.4/armv7-m/crtbegin.o

.data           0x20000000       0x7c load address 0x08000908
                0x20000000                __data_start__ = .
 *(vtable)
 *(.data*)
 .data.ADCPrescTable
                0x20000000        0x4 obj\release\spl\src\stm32f10x_rcc.o
 .data.APBAHBPrescTable
                0x20000004       0x10 obj\release\spl\src\stm32f10x_rcc.o
 .data.impure_data
                0x20000014       0x60 c:/program files/embitz/0.42/share/em_armgcc/bin/../lib/gcc/arm-none-eabi/4.8.4/../../../../arm-none-eabi/lib/armv7-m\libg_n.a(lib_a-impure.o)
                0x20000074                . = ALIGN (0x4)
                0x20000074                PROVIDE (__preinit_array_start, .)
 *(.preinit_array)
                0x20000074                PROVIDE (__preinit_array_end, .)
                0x20000074                . = ALIGN (0x4)
                0x20000074                PROVIDE (__init_array_start, .)
 *(SORT(.init_array.*))
 *(.init_array)
 .init_array    0x20000074        0x4 c:/program files/embitz/0.42/share/em_armgcc/bin/../lib/gcc/arm-none-eabi/4.8.4/armv7-m/crtbegin.o
                0x20000078                PROVIDE (__init_array_end, .)
                0x20000078                . = ALIGN (0x4)
                0x20000078                PROVIDE (__fini_array_start, .)
 *(SORT(.fini_array.*))
 *(.fini_array)
 .fini_array    0x20000078        0x4 c:/program files/embitz/0.42/share/em_armgcc/bin/../lib/gcc/arm-none-eabi/4.8.4/armv7-m/crtbegin.o
                0x2000007c                PROVIDE (__fini_array_end, .)
                0x2000007c                . = ALIGN (0x4)
                0x2000007c                __data_end__ = .

.jcr            0x2000007c        0x0 load address 0x08000984
 .jcr           0x2000007c        0x0 c:/program files/embitz/0.42/share/em_armgcc/bin/../lib/gcc/arm-none-eabi/4.8.4/armv7-m/crtbegin.o

.igot.plt       0x2000007c        0x0 load address 0x08000984
 .igot.plt      0x00000000        0x0 c:/program files/embitz/0.42/share/em_armgcc/bin/../lib/gcc/arm-none-eabi/4.8.4/armv7-m/crtbegin.o

.bss            0x2000007c       0x48 load address 0x08000984
                0x2000007c                __bss_start__ = .
 *(.bss*)
 .bss           0x2000007c       0x1c c:/program files/embitz/0.42/share/em_armgcc/bin/../lib/gcc/arm-none-eabi/4.8.4/armv7-m/crtbegin.o
 .bss.usartCounter
                0x20000098        0x2 obj\release\src\main.o
                0x20000098                usartCounter
 *(COMMON)
 *fill*         0x2000009a        0x2 
 COMMON         0x2000009c       0x28 obj\release\src\main.o
                0x2000009c                button
                0x200000a0                usart
                0x200000b0                numOfBytes
                0x200000b4                usartData
                0x200000c0                port
                0x200000c4                __bss_end__ = .

.heap           0x200000c8        0x0
                0x200000c8                __end__ = .
                0x200000c8                end = __end__
 *(.heap*)
 .heap          0x200000c8        0x0 obj\release\src\startup_stm32f10x_ld_vl.o
                0x200000c8                __HeapLimit = .

.stack_dummy    0x200000c8      0x100
 *(.stack)
 .stack         0x200000c8      0x100 obj\release\src\startup_stm32f10x_ld_vl.o
                0x20001000                __StackTop = (ORIGIN (RAM) + 0x1000)
                0x20000f00                __StackLimit = (__StackTop - SIZEOF (.stack_dummy))
                0x20001000                PROVIDE (__stack, __StackTop)
                0x00000001                ASSERT ((__StackLimit >= __HeapLimit), region RAM overflowed with stack)
LOAD obj\release\spl\src\misc.o
LOAD obj\release\spl\src\stm32f10x_adc.o
LOAD obj\release\spl\src\stm32f10x_bkp.o
LOAD obj\release\spl\src\stm32f10x_can.o
LOAD obj\release\spl\src\stm32f10x_cec.o
LOAD obj\release\spl\src\stm32f10x_crc.o
LOAD obj\release\spl\src\stm32f10x_dac.o
LOAD obj\release\spl\src\stm32f10x_dbgmcu.o
LOAD obj\release\spl\src\stm32f10x_dma.o
LOAD obj\release\spl\src\stm32f10x_exti.o
LOAD obj\release\spl\src\stm32f10x_flash.o
LOAD obj\release\spl\src\stm32f10x_fsmc.o
LOAD obj\release\spl\src\stm32f10x_gpio.o
LOAD obj\release\spl\src\stm32f10x_i2c.o
LOAD obj\release\spl\src\stm32f10x_iwdg.o
LOAD obj\release\spl\src\stm32f10x_pwr.o
LOAD obj\release\spl\src\stm32f10x_rcc.o
LOAD obj\release\spl\src\stm32f10x_rtc.o
LOAD obj\release\spl\src\stm32f10x_sdio.o
LOAD obj\release\spl\src\stm32f10x_spi.o
LOAD obj\release\spl\src\stm32f10x_tim.o
LOAD obj\release\spl\src\stm32f10x_usart.o
LOAD obj\release\spl\src\stm32f10x_wwdg.o
LOAD obj\release\src\main.o
LOAD obj\release\src\startup_stm32f10x_ld_vl.o
LOAD obj\release\src\system_stm32f10x.o
START GROUP
LOAD c:/program files/embitz/0.42/share/em_armgcc/bin/../lib/gcc/arm-none-eabi/4.8.4/armv7-m\libgcc.a
LOAD c:/program files/embitz/0.42/share/em_armgcc/bin/../lib/gcc/arm-none-eabi/4.8.4/../../../../arm-none-eabi/lib/armv7-m\libg_n.a
LOAD c:/program files/embitz/0.42/share/em_armgcc/bin/../lib/gcc/arm-none-eabi/4.8.4/../../../../arm-none-eabi/lib/armv7-m\libc_n.a
END GROUP
START GROUP
LOAD c:/program files/embitz/0.42/share/em_armgcc/bin/../lib/gcc/arm-none-eabi/4.8.4/armv7-m\libgcc.a
LOAD c:/program files/embitz/0.42/share/em_armgcc/bin/../lib/gcc/arm-none-eabi/4.8.4/../../../../arm-none-eabi/lib/armv7-m\libc_n.a
LOAD c:/program files/embitz/0.42/share/em_armgcc/bin/../lib/gcc/arm-none-eabi/4.8.4/../../../../arm-none-eabi/lib/armv7-m\libnosys_s.a
END GROUP
LOAD c:/program files/embitz/0.42/share/em_armgcc/bin/../lib/gcc/arm-none-eabi/4.8.4/armv7-m/crtend.o
LOAD c:/program files/embitz/0.42/share/em_armgcc/bin/../lib/gcc/arm-none-eabi/4.8.4/armv7-m/crtn.o
OUTPUT(bin\Release\st100.elf elf32-littlearm)

.ARM.attributes
                0x00000000       0x29
 .ARM.attributes
                0x00000000       0x1d c:/program files/embitz/0.42/share/em_armgcc/bin/../lib/gcc/arm-none-eabi/4.8.4/armv7-m/crti.o
 .ARM.attributes
                0x0000001d       0x2d c:/program files/embitz/0.42/share/em_armgcc/bin/../lib/gcc/arm-none-eabi/4.8.4/armv7-m/crtbegin.o
 .ARM.attributes
                0x0000004a       0x1b c:/program files/embitz/0.42/share/em_armgcc/bin/../lib/gcc/arm-none-eabi/4.8.4/../../../../arm-none-eabi/lib/armv7-m/crt0.o
 .ARM.attributes
                0x00000065       0x33 obj\release\spl\src\stm32f10x_gpio.o
 .ARM.attributes
                0x00000098       0x33 obj\release\spl\src\stm32f10x_rcc.o
 .ARM.attributes
                0x000000cb       0x33 obj\release\spl\src\stm32f10x_usart.o
 .ARM.attributes
                0x000000fe       0x33 obj\release\src\main.o
 .ARM.attributes
                0x00000131       0x1b obj\release\src\startup_stm32f10x_ld_vl.o
 .ARM.attributes
                0x0000014c       0x33 obj\release\src\system_stm32f10x.o
 .ARM.attributes
                0x0000017f       0x2d c:/program files/embitz/0.42/share/em_armgcc/bin/../lib/gcc/arm-none-eabi/4.8.4/../../../../arm-none-eabi/lib/armv7-m\libg_n.a(lib_a-exit.o)
 .ARM.attributes
                0x000001ac       0x2d c:/program files/embitz/0.42/share/em_armgcc/bin/../lib/gcc/arm-none-eabi/4.8.4/../../../../arm-none-eabi/lib/armv7-m\libg_n.a(lib_a-impure.o)
 .ARM.attributes
                0x000001d9       0x2d c:/program files/embitz/0.42/share/em_armgcc/bin/../lib/gcc/arm-none-eabi/4.8.4/../../../../arm-none-eabi/lib/armv7-m\libg_n.a(lib_a-init.o)
 .ARM.attributes
                0x00000206       0x2d c:/program files/embitz/0.42/share/em_armgcc/bin/../lib/gcc/arm-none-eabi/4.8.4/../../../../arm-none-eabi/lib/armv7-m\libg_n.a(lib_a-memset.o)
 .ARM.attributes
                0x00000233       0x2d c:/program files/embitz/0.42/share/em_armgcc/bin/../lib/gcc/arm-none-eabi/4.8.4/../../../../arm-none-eabi/lib/armv7-m\libnosys_s.a(_exit.o)
 .ARM.attributes
                0x00000260       0x2d c:/program files/embitz/0.42/share/em_armgcc/bin/../lib/gcc/arm-none-eabi/4.8.4/armv7-m/crtend.o
 .ARM.attributes
                0x0000028d       0x1d c:/program files/embitz/0.42/share/em_armgcc/bin/../lib/gcc/arm-none-eabi/4.8.4/armv7-m/crtn.o

.comment        0x00000000       0x46
 .comment       0x00000000       0x46 obj\release\spl\src\stm32f10x_gpio.o
                                 0x47 (size before relaxing)
 .comment       0x00000000       0x47 obj\release\spl\src\stm32f10x_rcc.o
 .comment       0x00000000       0x47 obj\release\spl\src\stm32f10x_usart.o
 .comment       0x00000000       0x47 obj\release\src\main.o
 .comment       0x00000000       0x47 obj\release\src\system_stm32f10x.o

.debug_info     0x00000000     0x2bd6
 .debug_info    0x00000000      0x889 obj\release\spl\src\stm32f10x_gpio.o
 .debug_info    0x00000889      0x9a8 obj\release\spl\src\stm32f10x_rcc.o
 .debug_info    0x00001231      0xb3e obj\release\spl\src\stm32f10x_usart.o
 .debug_info    0x00001d6f      0x9c9 obj\release\src\main.o
 .debug_info    0x00002738       0x57 obj\release\src\startup_stm32f10x_ld_vl.o
 .debug_info    0x0000278f      0x447 obj\release\src\system_stm32f10x.o

.debug_abbrev   0x00000000      0xa1b
 .debug_abbrev  0x00000000      0x205 obj\release\spl\src\stm32f10x_gpio.o
 .debug_abbrev  0x00000205      0x257 obj\release\spl\src\stm32f10x_rcc.o
 .debug_abbrev  0x0000045c      0x1fa obj\release\spl\src\stm32f10x_usart.o
 .debug_abbrev  0x00000656      0x243 obj\release\src\main.o
 .debug_abbrev  0x00000899       0x14 obj\release\src\startup_stm32f10x_ld_vl.o
 .debug_abbrev  0x000008ad      0x16e obj\release\src\system_stm32f10x.o

.debug_loc      0x00000000     0x162b
 .debug_loc     0x00000000      0x5bd obj\release\spl\src\stm32f10x_gpio.o
 .debug_loc     0x000005bd      0x812 obj\release\spl\src\stm32f10x_rcc.o
 .debug_loc     0x00000dcf      0x74e obj\release\spl\src\stm32f10x_usart.o
 .debug_loc     0x0000151d      0x10e obj\release\src\system_stm32f10x.o

.debug_aranges  0x00000000      0x348
 .debug_aranges
                0x00000000       0xa8 obj\release\spl\src\stm32f10x_gpio.o
 .debug_aranges
                0x000000a8      0x120 obj\release\spl\src\stm32f10x_rcc.o
 .debug_aranges
                0x000001c8      0x100 obj\release\spl\src\stm32f10x_usart.o
 .debug_aranges
                0x000002c8       0x38 obj\release\src\main.o
 .debug_aranges
                0x00000300       0x20 obj\release\src\startup_stm32f10x_ld_vl.o
 .debug_aranges
                0x00000320       0x28 obj\release\src\system_stm32f10x.o

.debug_ranges   0x00000000      0x310
 .debug_ranges  0x00000000       0x98 obj\release\spl\src\stm32f10x_gpio.o
 .debug_ranges  0x00000098      0x128 obj\release\spl\src\stm32f10x_rcc.o
 .debug_ranges  0x000001c0       0xf0 obj\release\spl\src\stm32f10x_usart.o
 .debug_ranges  0x000002b0       0x28 obj\release\src\main.o
 .debug_ranges  0x000002d8       0x38 obj\release\src\system_stm32f10x.o

.debug_line     0x00000000     0x1025
 .debug_line    0x00000000      0x347 obj\release\spl\src\stm32f10x_gpio.o
 .debug_line    0x00000347      0x42a obj\release\spl\src\stm32f10x_rcc.o
 .debug_line    0x00000771      0x435 obj\release\spl\src\stm32f10x_usart.o
 .debug_line    0x00000ba6      0x243 obj\release\src\main.o
 .debug_line    0x00000de9       0xa4 obj\release\src\startup_stm32f10x_ld_vl.o
 .debug_line    0x00000e8d      0x198 obj\release\src\system_stm32f10x.o

.debug_str      0x00000000     0x1159
 .debug_str     0x00000000      0x4d9 obj\release\spl\src\stm32f10x_gpio.o
                                0x52f (size before relaxing)
 .debug_str     0x000004d9      0x45b obj\release\spl\src\stm32f10x_rcc.o
                                0x66c (size before relaxing)
 .debug_str     0x00000934      0x442 obj\release\spl\src\stm32f10x_usart.o
                                0x6cf (size before relaxing)
 .debug_str     0x00000d76      0x32b obj\release\src\main.o
                                0x77e (size before relaxing)
 .debug_str     0x000010a1       0xb8 obj\release\src\system_stm32f10x.o
                                0x2d6 (size before relaxing)

.debug_frame    0x00000000      0x6f4
 .debug_frame   0x00000000      0x160 obj\release\spl\src\stm32f10x_gpio.o
 .debug_frame   0x00000160      0x234 obj\release\spl\src\stm32f10x_rcc.o
 .debug_frame   0x00000394      0x20c obj\release\spl\src\stm32f10x_usart.o
 .debug_frame   0x000005a0       0x88 obj\release\src\main.o
 .debug_frame   0x00000628       0x38 obj\release\src\system_stm32f10x.o
 .debug_frame   0x00000660       0x28 c:/program files/embitz/0.42/share/em_armgcc/bin/../lib/gcc/arm-none-eabi/4.8.4/../../../../arm-none-eabi/lib/armv7-m\libg_n.a(lib_a-exit.o)
 .debug_frame   0x00000688       0x2c c:/program files/embitz/0.42/share/em_armgcc/bin/../lib/gcc/arm-none-eabi/4.8.4/../../../../arm-none-eabi/lib/armv7-m\libg_n.a(lib_a-init.o)
 .debug_frame   0x000006b4       0x20 c:/program files/embitz/0.42/share/em_armgcc/bin/../lib/gcc/arm-none-eabi/4.8.4/../../../../arm-none-eabi/lib/armv7-m\libg_n.a(lib_a-memset.o)
 .debug_frame   0x000006d4       0x20 c:/program files/embitz/0.42/share/em_armgcc/bin/../lib/gcc/arm-none-eabi/4.8.4/../../../../arm-none-eabi/lib/armv7-m\libnosys_s.a(_exit.o)
